  Determining projects to restore...
  All projects are up-to-date for restore.
  PhysicallyFitPT.Shared -> /Users/calvinccarter/Projects/PFPT/PhysicallyFitPT.Shared/bin/Debug/net8.0/PhysicallyFitPT.Shared.dll
  PhysicallyFitPT.Domain -> /Users/calvinccarter/Projects/PFPT/PhysicallyFitPT.Domain/bin/Debug/net8.0/PhysicallyFitPT.Domain.dll
  PhysicallyFitPT.Infrastructure -> /Users/calvinccarter/Projects/PFPT/PhysicallyFitPT.Infrastructure/bin/Debug/net8.0/PhysicallyFitPT.Infrastructure.dll
/Users/calvinccarter/Projects/PFPT/PhysicallyFitPT/MauiProgram.cs(2,22): error CS0234: The type or namespace name 'Storage' does not exist in the namespace 'Microsoft.Maui' (are you missing an assembly reference?) [/Users/calvinccarter/Projects/PFPT/PhysicallyFitPT/PhysicallyFitPT.csproj::TargetFramework=net8.0-android]
/Users/calvinccarter/Projects/PFPT/PhysicallyFitPT/MauiProgram.cs(4,22): error CS0234: The type or namespace name 'Controls' does not exist in the namespace 'Microsoft.Maui' (are you missing an assembly reference?) [/Users/calvinccarter/Projects/PFPT/PhysicallyFitPT/PhysicallyFitPT.csproj::TargetFramework=net8.0-android]
/Users/calvinccarter/Projects/PFPT/PhysicallyFitPT/MauiProgram.cs(5,22): error CS0234: The type or namespace name 'Hosting' does not exist in the namespace 'Microsoft.Maui' (are you missing an assembly reference?) [/Users/calvinccarter/Projects/PFPT/PhysicallyFitPT/PhysicallyFitPT.csproj::TargetFramework=net8.0-android]
/Users/calvinccarter/Projects/PFPT/PhysicallyFitPT/Platforms/Android/MainActivity.cs(5,22): error CS0234: The type or namespace name 'Controls' does not exist in the namespace 'Microsoft.Maui' (are you missing an assembly reference?) [/Users/calvinccarter/Projects/PFPT/PhysicallyFitPT/PhysicallyFitPT.csproj::TargetFramework=net8.0-android]
/Users/calvinccarter/Projects/PFPT/PhysicallyFitPT/App.xaml.cs(4,22): error CS0234: The type or namespace name 'Controls' does not exist in the namespace 'Microsoft.Maui' (are you missing an assembly reference?) [/Users/calvinccarter/Projects/PFPT/PhysicallyFitPT/PhysicallyFitPT.csproj::TargetFramework=net8.0-android]
/Users/calvinccarter/Projects/PFPT/PhysicallyFitPT/MainPage.xaml.cs(3,22): error CS0234: The type or namespace name 'Controls' does not exist in the namespace 'Microsoft.Maui' (are you missing an assembly reference?) [/Users/calvinccarter/Projects/PFPT/PhysicallyFitPT/PhysicallyFitPT.csproj::TargetFramework=net8.0-android]
/Users/calvinccarter/Projects/PFPT/PhysicallyFitPT/MainPage.xaml.cs(5,33): error CS0246: The type or namespace name 'ContentPage' could not be found (are you missing a using directive or an assembly reference?) [/Users/calvinccarter/Projects/PFPT/PhysicallyFitPT/PhysicallyFitPT.csproj::TargetFramework=net8.0-android]
/Users/calvinccarter/Projects/PFPT/PhysicallyFitPT/Platforms/Android/MainApplication.cs(7,32): error CS0246: The type or namespace name 'MauiApplication' could not be found (are you missing a using directive or an assembly reference?) [/Users/calvinccarter/Projects/PFPT/PhysicallyFitPT/PhysicallyFitPT.csproj::TargetFramework=net8.0-android]
/Users/calvinccarter/Projects/PFPT/PhysicallyFitPT/MauiProgram.cs(18,17): error CS0246: The type or namespace name 'MauiApp' could not be found (are you missing a using directive or an assembly reference?) [/Users/calvinccarter/Projects/PFPT/PhysicallyFitPT/PhysicallyFitPT.csproj::TargetFramework=net8.0-android]
/Users/calvinccarter/Projects/PFPT/PhysicallyFitPT/Platforms/Android/MainActivity.cs(13,29): error CS0246: The type or namespace name 'MauiAppCompatActivity' could not be found (are you missing a using directive or an assembly reference?) [/Users/calvinccarter/Projects/PFPT/PhysicallyFitPT/PhysicallyFitPT.csproj::TargetFramework=net8.0-android]
/Users/calvinccarter/Projects/PFPT/PhysicallyFitPT/Platforms/Android/MainApplication.cs(14,21): error CS0246: The type or namespace name 'MauiApp' could not be found (are you missing a using directive or an assembly reference?) [/Users/calvinccarter/Projects/PFPT/PhysicallyFitPT/PhysicallyFitPT.csproj::TargetFramework=net8.0-android]
/Users/calvinccarter/Projects/PFPT/PhysicallyFitPT/App.xaml.cs(13,42): error CS0246: The type or namespace name 'IActivationState' could not be found (are you missing a using directive or an assembly reference?) [/Users/calvinccarter/Projects/PFPT/PhysicallyFitPT/PhysicallyFitPT.csproj::TargetFramework=net8.0-android]
/Users/calvinccarter/Projects/PFPT/PhysicallyFitPT/App.xaml.cs(13,22): error CS0246: The type or namespace name 'Window' could not be found (are you missing a using directive or an assembly reference?) [/Users/calvinccarter/Projects/PFPT/PhysicallyFitPT/PhysicallyFitPT.csproj::TargetFramework=net8.0-android]

Build FAILED.

/Users/calvinccarter/Projects/PFPT/PhysicallyFitPT/MauiProgram.cs(2,22): error CS0234: The type or namespace name 'Storage' does not exist in the namespace 'Microsoft.Maui' (are you missing an assembly reference?) [/Users/calvinccarter/Projects/PFPT/PhysicallyFitPT/PhysicallyFitPT.csproj::TargetFramework=net8.0-android]
/Users/calvinccarter/Projects/PFPT/PhysicallyFitPT/MauiProgram.cs(4,22): error CS0234: The type or namespace name 'Controls' does not exist in the namespace 'Microsoft.Maui' (are you missing an assembly reference?) [/Users/calvinccarter/Projects/PFPT/PhysicallyFitPT/PhysicallyFitPT.csproj::TargetFramework=net8.0-android]
/Users/calvinccarter/Projects/PFPT/PhysicallyFitPT/MauiProgram.cs(5,22): error CS0234: The type or namespace name 'Hosting' does not exist in the namespace 'Microsoft.Maui' (are you missing an assembly reference?) [/Users/calvinccarter/Projects/PFPT/PhysicallyFitPT/PhysicallyFitPT.csproj::TargetFramework=net8.0-android]
/Users/calvinccarter/Projects/PFPT/PhysicallyFitPT/Platforms/Android/MainActivity.cs(5,22): error CS0234: The type or namespace name 'Controls' does not exist in the namespace 'Microsoft.Maui' (are you missing an assembly reference?) [/Users/calvinccarter/Projects/PFPT/PhysicallyFitPT/PhysicallyFitPT.csproj::TargetFramework=net8.0-android]
/Users/calvinccarter/Projects/PFPT/PhysicallyFitPT/App.xaml.cs(4,22): error CS0234: The type or namespace name 'Controls' does not exist in the namespace 'Microsoft.Maui' (are you missing an assembly reference?) [/Users/calvinccarter/Projects/PFPT/PhysicallyFitPT/PhysicallyFitPT.csproj::TargetFramework=net8.0-android]
/Users/calvinccarter/Projects/PFPT/PhysicallyFitPT/MainPage.xaml.cs(3,22): error CS0234: The type or namespace name 'Controls' does not exist in the namespace 'Microsoft.Maui' (are you missing an assembly reference?) [/Users/calvinccarter/Projects/PFPT/PhysicallyFitPT/PhysicallyFitPT.csproj::TargetFramework=net8.0-android]
/Users/calvinccarter/Projects/PFPT/PhysicallyFitPT/MainPage.xaml.cs(5,33): error CS0246: The type or namespace name 'ContentPage' could not be found (are you missing a using directive or an assembly reference?) [/Users/calvinccarter/Projects/PFPT/PhysicallyFitPT/PhysicallyFitPT.csproj::TargetFramework=net8.0-android]
/Users/calvinccarter/Projects/PFPT/PhysicallyFitPT/Platforms/Android/MainApplication.cs(7,32): error CS0246: The type or namespace name 'MauiApplication' could not be found (are you missing a using directive or an assembly reference?) [/Users/calvinccarter/Projects/PFPT/PhysicallyFitPT/PhysicallyFitPT.csproj::TargetFramework=net8.0-android]
/Users/calvinccarter/Projects/PFPT/PhysicallyFitPT/MauiProgram.cs(18,17): error CS0246: The type or namespace name 'MauiApp' could not be found (are you missing a using directive or an assembly reference?) [/Users/calvinccarter/Projects/PFPT/PhysicallyFitPT/PhysicallyFitPT.csproj::TargetFramework=net8.0-android]
/Users/calvinccarter/Projects/PFPT/PhysicallyFitPT/Platforms/Android/MainActivity.cs(13,29): error CS0246: The type or namespace name 'MauiAppCompatActivity' could not be found (are you missing a using directive or an assembly reference?) [/Users/calvinccarter/Projects/PFPT/PhysicallyFitPT/PhysicallyFitPT.csproj::TargetFramework=net8.0-android]
/Users/calvinccarter/Projects/PFPT/PhysicallyFitPT/Platforms/Android/MainApplication.cs(14,21): error CS0246: The type or namespace name 'MauiApp' could not be found (are you missing a using directive or an assembly reference?) [/Users/calvinccarter/Projects/PFPT/PhysicallyFitPT/PhysicallyFitPT.csproj::TargetFramework=net8.0-android]
/Users/calvinccarter/Projects/PFPT/PhysicallyFitPT/App.xaml.cs(13,42): error CS0246: The type or namespace name 'IActivationState' could not be found (are you missing a using directive or an assembly reference?) [/Users/calvinccarter/Projects/PFPT/PhysicallyFitPT/PhysicallyFitPT.csproj::TargetFramework=net8.0-android]
/Users/calvinccarter/Projects/PFPT/PhysicallyFitPT/App.xaml.cs(13,22): error CS0246: The type or namespace name 'Window' could not be found (are you missing a using directive or an assembly reference?) [/Users/calvinccarter/Projects/PFPT/PhysicallyFitPT/PhysicallyFitPT.csproj::TargetFramework=net8.0-android]
    0 Warning(s)
    13 Error(s)

Time Elapsed 00:00:01.87
