MSBuild version 17.8.32+74df0b3f5 for .NET
Build started 09/10/2025 15:27:22.
     0>Process = "/usr/lib/dotnet/dotnet"
       MSBuild executable path = "/usr/lib/dotnet/sdk/8.0.119/MSBuild.dll"
       Command line arguments = "/usr/lib/dotnet/sdk/8.0.119/MSBuild.dll -maxcpucount -verbosity:m -restore -consoleloggerparameters:Summary -verbosity:detailed PhysicallyFitPT.Domain/PhysicallyFitPT.Domain.csproj"
       Current directory = "/home/runner/work/PFPT/PFPT"
       MSBuild version = "17.8.32+74df0b3f5"
       Assembly loaded during Evaluation: System.Diagnostics.FileVersionInfo, Version=8.0.0.0, Culture=neutral, PublicKeyToken=b03f5f7f11d50a3a (location: /usr/lib/dotnet/shared/Microsoft.NETCore.App/8.0.19/System.Diagnostics.FileVersionInfo.dll, MVID: e0c1935b-90fc-4b16-bff0-427766a8df45, AppDomain: [Default])
       Assembly loaded during Evaluation: System.Reflection.Metadata, Version=8.0.0.0, Culture=neutral, PublicKeyToken=b03f5f7f11d50a3a (location: /usr/lib/dotnet/shared/Microsoft.NETCore.App/8.0.19/System.Reflection.Metadata.dll, MVID: d86aafb4-10dd-4974-a812-db12526a5e72, AppDomain: [Default])
       Assembly loaded during Evaluation: System.Collections.Immutable, Version=8.0.0.0, Culture=neutral, PublicKeyToken=b03f5f7f11d50a3a (location: /usr/lib/dotnet/shared/Microsoft.NETCore.App/8.0.19/System.Collections.Immutable.dll, MVID: caf647fc-ce29-40b6-b568-b293428f138d, AppDomain: [Default])
       Assembly loaded during Evaluation: System.IO.MemoryMappedFiles, Version=8.0.0.0, Culture=neutral, PublicKeyToken=b03f5f7f11d50a3a (location: /usr/lib/dotnet/shared/Microsoft.NETCore.App/8.0.19/System.IO.MemoryMappedFiles.dll, MVID: 85eee2b2-1e25-4e68-8509-017aa68a26e7, AppDomain: [Default])
       Assembly loaded during Evaluation: System.Runtime.Loader, Version=8.0.0.0, Culture=neutral, PublicKeyToken=b03f5f7f11d50a3a (location: /usr/lib/dotnet/shared/Microsoft.NETCore.App/8.0.19/System.Runtime.Loader.dll, MVID: bfef1919-8410-4d48-a09c-19ba24008398, AppDomain: [Default])
       Assembly loaded during Evaluation: Microsoft.Build.NuGetSdkResolver, Version=6.8.1.32767, Culture=neutral, PublicKeyToken=31bf3856ad364e35 (location: /usr/lib/dotnet/sdk/8.0.119/Microsoft.Build.NuGetSdkResolver.dll, MVID: b1408306-6bb3-4c6f-a6b6-27564d4cbad6, AppDomain: [Default])
       Assembly loaded during Evaluation: Microsoft.NET.Sdk.WorkloadMSBuildSdkResolver, Version=8.0.119.0, Culture=neutral, PublicKeyToken=31bf3856ad364e35 (location: /usr/lib/dotnet/sdk/8.0.119/Microsoft.NET.Sdk.WorkloadMSBuildSdkResolver.dll, MVID: 23880c14-fccb-40e6-9b87-b2ab78440436, AppDomain: [Default])
       Resolving SDK 'Microsoft.NET.Sdk'...
       Assembly loaded during Evaluation: Microsoft.DotNet.Cli.Utils, Version=8.0.119.0, Culture=neutral, PublicKeyToken=adb9793829ddae60 (location: /usr/lib/dotnet/sdk/8.0.119/Microsoft.DotNet.Cli.Utils.dll, MVID: 7dc363d8-7d14-4064-8600-061feeb48a13, AppDomain: [Default])
       Assembly loaded during Evaluation: Microsoft.NET.Sdk.WorkloadManifestReader, Version=8.0.119.0, Culture=neutral, PublicKeyToken=adb9793829ddae60 (location: /usr/lib/dotnet/sdk/8.0.119/Microsoft.NET.Sdk.WorkloadManifestReader.dll, MVID: 5fcd92bc-18cc-4393-95fb-9769f88a067e, AppDomain: [Default])
       Assembly loaded during Evaluation: Microsoft.Deployment.DotNet.Releases, Version=2.0.0.0, Culture=neutral, PublicKeyToken=31bf3856ad364e35 (location: /usr/lib/dotnet/sdk/8.0.119/Microsoft.Deployment.DotNet.Releases.dll, MVID: fd900b7f-8aaf-4632-9257-cd094c8a0da6, AppDomain: [Default])
       Assembly loaded during Evaluation: NuGet.Common, Version=6.8.1.32767, Culture=neutral, PublicKeyToken=31bf3856ad364e35 (location: /usr/lib/dotnet/sdk/8.0.119/NuGet.Common.dll, MVID: e2050719-885f-4e48-b176-8534f2f8a9c2, AppDomain: [Default])
       Assembly loaded during Evaluation: Microsoft.NET.StringTools, Version=1.0.0.0, Culture=neutral, PublicKeyToken=b03f5f7f11d50a3a (location: /usr/lib/dotnet/sdk/8.0.119/Microsoft.NET.StringTools.dll, MVID: dd1214f7-fd4f-454f-a873-38d1856264f5, AppDomain: [Default])
       Property reassignment: $(ImportDirectoryBuildProps)="false" (previous value: "true") at /usr/lib/dotnet/sdk/8.0.119/Sdks/Microsoft.NET.Sdk/Sdk/Sdk.props (57,5)
       Property 'MSBuildExtensionsPath' with value '/usr/lib/dotnet/sdk/8.0.119/' expanded from the environment.
       Property reassignment: $(MSBuildProjectExtensionsPath)="/home/runner/work/PFPT/PFPT/PhysicallyFitPT.Domain/obj/" (previous value: "obj\") at /usr/lib/dotnet/sdk/8.0.119/Current/Microsoft.Common.props (60,5)
       Assembly loaded during Evaluation: System.Threading.Tasks.Parallel, Version=8.0.0.0, Culture=neutral, PublicKeyToken=b03f5f7f11d50a3a (location: /usr/lib/dotnet/shared/Microsoft.NETCore.App/8.0.19/System.Threading.Tasks.Parallel.dll, MVID: f8f20e10-1709-43c3-9835-1d307bcd7ba3, AppDomain: [Default])
       Property reassignment: $(AssemblySearchPaths)="{CandidateAssemblyFiles};{HintPathFromItem}" (previous value: "{CandidateAssemblyFiles}") at /usr/lib/dotnet/sdk/8.0.119/Sdks/Microsoft.NET.Sdk/targets/Microsoft.NET.Sdk.props (91,5)
       Property reassignment: $(AssemblySearchPaths)="{CandidateAssemblyFiles};{HintPathFromItem};{TargetFrameworkDirectory}" (previous value: "{CandidateAssemblyFiles};{HintPathFromItem}") at /usr/lib/dotnet/sdk/8.0.119/Sdks/Microsoft.NET.Sdk/targets/Microsoft.NET.Sdk.props (92,5)
       Property reassignment: $(AssemblySearchPaths)="{CandidateAssemblyFiles};{HintPathFromItem};{TargetFrameworkDirectory};{RawFileName}" (previous value: "{CandidateAssemblyFiles};{HintPathFromItem};{TargetFrameworkDirectory}") at /usr/lib/dotnet/sdk/8.0.119/Sdks/Microsoft.NET.Sdk/targets/Microsoft.NET.Sdk.props (93,5)
       Resolving SDK 'Microsoft.NET.SDK.WorkloadAutoImportPropsLocator'...
       Property reassignment: $(TargetsForTfmSpecificContentInPackage)=";PackTool;_PackProjectToolValidation" (previous value: ";PackTool") at /usr/lib/dotnet/sdk/8.0.119/Sdks/Microsoft.NET.Sdk/targets/Microsoft.NET.PackProjectTool.props (15,5)
       Property reassignment: $(PublishProfileImported)="false" (previous value: "true") at /usr/lib/dotnet/sdk/8.0.119/Sdks/Microsoft.NET.Sdk/targets/Microsoft.NET.Sdk.ImportPublishProfile.targets (28,5)
       Assembly loaded during Evaluation: Microsoft.Win32.Registry, Version=8.0.0.0, Culture=neutral, PublicKeyToken=b03f5f7f11d50a3a (location: /usr/lib/dotnet/shared/Microsoft.NETCore.App/8.0.19/Microsoft.Win32.Registry.dll, MVID: b89f9bcb-9e0e-4f27-b95a-8bbed6e098b1, AppDomain: [Default])
       Assembly loaded during Evaluation: NuGet.Frameworks, Version=6.8.1.32767, Culture=neutral, PublicKeyToken=31bf3856ad364e35 (location: /usr/lib/dotnet/sdk/8.0.119/NuGet.Frameworks.dll, MVID: ad7d3546-8a6d-419c-be30-c2cf3db9cb69, AppDomain: [Default])
       Property reassignment: $(TargetPlatformVersion)="" (previous value: "0.0") at /usr/lib/dotnet/sdk/8.0.119/Sdks/Microsoft.NET.Sdk/targets/Microsoft.NET.TargetFrameworkInference.targets (69,5)
       Property reassignment: $(DefaultItemExcludes)=";bin\Debug//**;obj\Debug//**" (previous value: ";bin\Debug//**") at /usr/lib/dotnet/sdk/8.0.119/Sdks/Microsoft.NET.Sdk/targets/Microsoft.NET.DefaultOutputPaths.targets (122,5)
       Property reassignment: $(OutputPath)="bin\Debug/net8.0/" (previous value: "bin\Debug/") at /usr/lib/dotnet/sdk/8.0.119/Sdks/Microsoft.NET.Sdk/targets/Microsoft.NET.DefaultOutputPaths.targets (137,5)
       Property reassignment: $(IntermediateOutputPath)="obj\Debug/net8.0/" (previous value: "obj\Debug/") at /usr/lib/dotnet/sdk/8.0.119/Sdks/Microsoft.NET.Sdk/targets/Microsoft.NET.DefaultOutputPaths.targets (142,5)
       Resolving SDK 'Microsoft.NET.SDK.WorkloadManifestTargetsLocator'...
       Property reassignment: $(_FrameworkIdentifierForImplicitDefine)="NET" (previous value: "NETCOREAPP") at /usr/lib/dotnet/sdk/8.0.119/Sdks/Microsoft.NET.Sdk/targets/Microsoft.NET.Sdk.BeforeCommon.targets (187,5)
       Property reassignment: $(_FrameworkVersionForImplicitDefine)="8_0" (previous value: "8.0") at /usr/lib/dotnet/sdk/8.0.119/Sdks/Microsoft.NET.Sdk/targets/Microsoft.NET.Sdk.BeforeCommon.targets (192,5)
       Property reassignment: $(CommandLineArgsForDesignTimeEvaluation)="-langversion:latest -define:TRACE" (previous value: "-langversion:latest") at /usr/lib/dotnet/sdk/8.0.119/Roslyn/Microsoft.CSharp.Core.targets (197,5)
       Assembly loaded during Evaluation: Microsoft.Build.Utilities.Core, Version=15.1.0.0, Culture=neutral, PublicKeyToken=b03f5f7f11d50a3a (location: /usr/lib/dotnet/sdk/8.0.119/Microsoft.Build.Utilities.Core.dll, MVID: 1fad841f-e1d0-48e8-8e39-a4c62ee543a3, AppDomain: [Default])
       Property reassignment: $(_DebugSymbolsProduced)="true" (previous value: "false") at /usr/lib/dotnet/sdk/8.0.119/Microsoft.Common.CurrentVersion.targets (175,5)
       Property reassignment: $(_DocumentationFileProduced)="false" (previous value: "true") at /usr/lib/dotnet/sdk/8.0.119/Microsoft.Common.CurrentVersion.targets (185,5)
       Property reassignment: $(ProcessorArchitecture)="msil" (previous value: "") at /usr/lib/dotnet/sdk/8.0.119/Microsoft.Common.CurrentVersion.targets (529,5)
       Property reassignment: $(DelaySign)="" (previous value: "false") at /usr/lib/dotnet/sdk/8.0.119/Microsoft.Common.CurrentVersion.targets (568,5)
       Property 'LocalAppData' with value '/home/runner/.local/share' expanded from the environment.
       Property reassignment: $(_SGenGenerateSerializationAssembliesConfig)="Auto" (previous value: "") at /usr/lib/dotnet/sdk/8.0.119/Microsoft.Common.CurrentVersion.targets (3824,5)
       Property reassignment: $(_SGenGenerateSerializationAssembliesConfig)="Off" (previous value: "Auto") at /usr/lib/dotnet/sdk/8.0.119/Microsoft.Common.CurrentVersion.targets (3825,5)
       Property reassignment: $(_TargetsThatPrepareProjectReferences)="
             AssignProjectConfiguration;
             _SplitProjectReferencesByFileExistence
           " (previous value: "_SplitProjectReferencesByFileExistence") at /usr/lib/dotnet/sdk/8.0.119/Microsoft.Common.CurrentVersion.targets (4976,5)
       Property 'MSBuildExtensionsPath32' with value '/usr/lib/dotnet/sdk/8.0.119' expanded from the environment.
       Property reassignment: $(ProjectAssetsCacheFile)="/home/runner/work/PFPT/PFPT/PhysicallyFitPT.Domain/obj/Debug/net8.0/PhysicallyFitPT.Domain.assets.cache" (previous value: "obj\Debug/net8.0/PhysicallyFitPT.Domain.assets.cache") at /usr/lib/dotnet/sdk/8.0.119/Sdks/Microsoft.NET.Sdk/targets/Microsoft.PackageDependencyResolution.targets (29,5)
       Property reassignment: $(ResolveAssemblyReferencesDependsOn)="
             
             ResolveProjectReferences;
             FindInvalidProjectReferences;
             GetFrameworkPaths;
             GetReferenceAssemblyPaths;
             PrepareForBuild;
             ResolveSDKReferences;
             ExpandSDKReferences;
           ;
             ResolvePackageDependenciesForBuild;
             _HandlePackageFileConflicts;
           " (previous value: "
             ResolveProjectReferences;
             FindInvalidProjectReferences;
             GetFrameworkPaths;
             GetReferenceAssemblyPaths;
             PrepareForBuild;
             ResolveSDKReferences;
             ExpandSDKReferences;
           ") at /usr/lib/dotnet/sdk/8.0.119/Sdks/Microsoft.NET.Sdk/targets/Microsoft.PackageDependencyResolution.targets (80,5)
       Property reassignment: $(PrepareResourcesDependsOn)="
             ResolvePackageDependenciesForBuild;
             _HandlePackageFileConflicts;
             
             ;
             PrepareResourceNames;
             ResGen;
             CompileLicxFiles
           
           " (previous value: "
             ;
             PrepareResourceNames;
             ResGen;
             CompileLicxFiles
           ") at /usr/lib/dotnet/sdk/8.0.119/Sdks/Microsoft.NET.Sdk/targets/Microsoft.PackageDependencyResolution.targets (86,5)
       Property reassignment: $(DefaultItemExcludes)=";bin\Debug//**;obj\Debug//**;bin\/**" (previous value: ";bin\Debug//**;obj\Debug//**") at /usr/lib/dotnet/sdk/8.0.119/Sdks/Microsoft.NET.Sdk/targets/Microsoft.NET.Sdk.DefaultItems.targets (27,5)
       Property reassignment: $(DefaultItemExcludes)=";bin\Debug//**;obj\Debug//**;bin\/**;obj\/**" (previous value: ";bin\Debug//**;obj\Debug//**;bin\/**") at /usr/lib/dotnet/sdk/8.0.119/Sdks/Microsoft.NET.Sdk/targets/Microsoft.NET.Sdk.DefaultItems.targets (29,5)
       Property reassignment: $(DefaultItemExcludes)=";bin\Debug//**;obj\Debug//**;bin\/**;obj\/**;**/*.user" (previous value: ";bin\Debug//**;obj\Debug//**;bin\/**;obj\/**") at /usr/lib/dotnet/sdk/8.0.119/Sdks/Microsoft.NET.Sdk/targets/Microsoft.NET.Sdk.DefaultItems.targets (32,5)
       Property reassignment: $(DefaultItemExcludes)=";bin\Debug//**;obj\Debug//**;bin\/**;obj\/**;**/*.user;**/*.*proj" (previous value: ";bin\Debug//**;obj\Debug//**;bin\/**;obj\/**;**/*.user") at /usr/lib/dotnet/sdk/8.0.119/Sdks/Microsoft.NET.Sdk/targets/Microsoft.NET.Sdk.DefaultItems.targets (33,5)
       Property reassignment: $(DefaultItemExcludes)=";bin\Debug//**;obj\Debug//**;bin\/**;obj\/**;**/*.user;**/*.*proj;**/*.sln" (previous value: ";bin\Debug//**;obj\Debug//**;bin\/**;obj\/**;**/*.user;**/*.*proj") at /usr/lib/dotnet/sdk/8.0.119/Sdks/Microsoft.NET.Sdk/targets/Microsoft.NET.Sdk.DefaultItems.targets (34,5)
       Property reassignment: $(DefaultItemExcludes)=";bin\Debug//**;obj\Debug//**;bin\/**;obj\/**;**/*.user;**/*.*proj;**/*.sln;**/*.vssscc" (previous value: ";bin\Debug//**;obj\Debug//**;bin\/**;obj\/**;**/*.user;**/*.*proj;**/*.sln") at /usr/lib/dotnet/sdk/8.0.119/Sdks/Microsoft.NET.Sdk/targets/Microsoft.NET.Sdk.DefaultItems.targets (35,5)
       Property reassignment: $(DefaultItemExcludes)=";bin\Debug//**;obj\Debug//**;bin\/**;obj\/**;**/*.user;**/*.*proj;**/*.sln;**/*.vssscc;**/.DS_Store" (previous value: ";bin\Debug//**;obj\Debug//**;bin\/**;obj\/**;**/*.user;**/*.*proj;**/*.sln;**/*.vssscc") at /usr/lib/dotnet/sdk/8.0.119/Sdks/Microsoft.NET.Sdk/targets/Microsoft.NET.Sdk.DefaultItems.targets (36,5)
       Property reassignment: $(ResolveAssemblyReferencesDependsOn)="
             
             
             ResolveProjectReferences;
             FindInvalidProjectReferences;
             GetFrameworkPaths;
             GetReferenceAssemblyPaths;
             PrepareForBuild;
             ResolveSDKReferences;
             ExpandSDKReferences;
           ;
             ResolvePackageDependenciesForBuild;
             _HandlePackageFileConflicts;
           ;
             ResolveTargetingPackAssets;
           " (previous value: "
             
             ResolveProjectReferences;
             FindInvalidProjectReferences;
             GetFrameworkPaths;
             GetReferenceAssemblyPaths;
             PrepareForBuild;
             ResolveSDKReferences;
             ExpandSDKReferences;
           ;
             ResolvePackageDependenciesForBuild;
             _HandlePackageFileConflicts;
           ") at /usr/lib/dotnet/sdk/8.0.119/Sdks/Microsoft.NET.Sdk/targets/Microsoft.NET.Sdk.FrameworkReferenceResolution.targets (14,5)
       Property reassignment: $(_GenerateRuntimeConfigurationPropertyInputsCache)="/home/runner/work/PFPT/PFPT/PhysicallyFitPT.Domain/obj/Debug/net8.0/PhysicallyFitPT.Domain.genruntimeconfig.cache" (previous value: "obj\Debug/net8.0/PhysicallyFitPT.Domain.genruntimeconfig.cache") at /usr/lib/dotnet/sdk/8.0.119/Sdks/Microsoft.NET.Sdk/targets/Microsoft.NET.Sdk.targets (44,5)
       Property reassignment: $(_GeneratePublishDependencyFilePropertyInputsCache)="/home/runner/work/PFPT/PFPT/PhysicallyFitPT.Domain/obj/Debug/net8.0/PhysicallyFitPT.Domain.genpublishdeps.cache" (previous value: "obj\Debug/net8.0/PhysicallyFitPT.Domain.genpublishdeps.cache") at /usr/lib/dotnet/sdk/8.0.119/Sdks/Microsoft.NET.Sdk/targets/Microsoft.NET.Sdk.targets (46,5)
       Property reassignment: $(_GenerateSingleFileBundlePropertyInputsCache)="/home/runner/work/PFPT/PFPT/PhysicallyFitPT.Domain/obj/Debug/net8.0/PhysicallyFitPT.Domain.genbundle.cache" (previous value: "obj\Debug/net8.0/PhysicallyFitPT.Domain.genbundle.cache") at /usr/lib/dotnet/sdk/8.0.119/Sdks/Microsoft.NET.Sdk/targets/Microsoft.NET.Sdk.targets (48,5)
       Property reassignment: $(GenerateRuntimeConfigDevFile)="false" (previous value: "true") at /usr/lib/dotnet/sdk/8.0.119/Sdks/Microsoft.NET.Sdk/targets/Microsoft.NET.Sdk.targets (81,5)
       Property 'HOME' with value '/home/runner' expanded from the environment.
       Property reassignment: $(_DefaultUserProfileRuntimeStorePath)="/home/runner/.dotnet/store" (previous value: "/home/runner") at /usr/lib/dotnet/sdk/8.0.119/Sdks/Microsoft.NET.Sdk/targets/Microsoft.NET.Sdk.targets (98,5)
       Property reassignment: $(AvailablePlatforms)="Any CPU,x86,x64,ARM32" (previous value: "Any CPU,x86,x64") at /usr/lib/dotnet/sdk/8.0.119/Sdks/Microsoft.NET.Sdk/targets/Microsoft.NET.Sdk.targets (136,5)
       Property reassignment: $(AvailablePlatforms)="Any CPU,x86,x64,ARM32,ARM64" (previous value: "Any CPU,x86,x64,ARM32") at /usr/lib/dotnet/sdk/8.0.119/Sdks/Microsoft.NET.Sdk/targets/Microsoft.NET.Sdk.targets (140,5)
       Property reassignment: $(CoreBuildDependsOn)="
             _CheckForBuildWithNoBuild;
             
             BuildOnlySettings;
             PrepareForBuild;
             PreBuildEvent;
             ResolveReferences;
             PrepareResources;
             ResolveKeySource;
             Compile;
             ExportWindowsMDFile;
             UnmanagedUnregistration;
             GenerateSerializationAssemblies;
             CreateSatelliteAssemblies;
             GenerateManifests;
             GetTargetPath;
             PrepareForRun;
             UnmanagedRegistration;
             IncrementalClean;
             PostBuildEvent
           ;
             GenerateBuildDependencyFile;
             GenerateBuildRuntimeConfigurationFiles
           " (previous value: "
             BuildOnlySettings;
             PrepareForBuild;
             PreBuildEvent;
             ResolveReferences;
             PrepareResources;
             ResolveKeySource;
             Compile;
             ExportWindowsMDFile;
             UnmanagedUnregistration;
             GenerateSerializationAssemblies;
             CreateSatelliteAssemblies;
             GenerateManifests;
             GetTargetPath;
             PrepareForRun;
             UnmanagedRegistration;
             IncrementalClean;
             PostBuildEvent
           ") at /usr/lib/dotnet/sdk/8.0.119/Sdks/Microsoft.NET.Sdk/targets/Microsoft.NET.Sdk.targets (197,5)
       Property reassignment: $(CoreCleanDependsOn)="
             _SdkBeforeClean;
             
           " (previous value: "") at /usr/lib/dotnet/sdk/8.0.119/Sdks/Microsoft.NET.Sdk/targets/Microsoft.NET.Sdk.targets (206,5)
       Property reassignment: $(RebuildDependsOn)="
             _SdkBeforeRebuild;
             
             BeforeRebuild;
             Clean;
             Build;
             AfterRebuild;
           
           " (previous value: "
             BeforeRebuild;
             Clean;
             Build;
             AfterRebuild;
           ") at /usr/lib/dotnet/sdk/8.0.119/Sdks/Microsoft.NET.Sdk/targets/Microsoft.NET.Sdk.targets (213,5)
       Property reassignment: $(CompileDependsOn)="
             
             ResolveReferences;
             ResolveKeySource;
             SetWin32ManifestProperties;
             FindReferenceAssembliesForReferences;
             _GenerateCompileInputs;
             BeforeCompile;
             _TimeStampBeforeCompile;
             _GenerateCompileDependencyCache;
             CoreCompile;
             _TimeStampAfterCompile;
             AfterCompile;
           ;
             _CreateAppHost;
             _CreateComHost;
             _GetIjwHostPaths;
           " (previous value: "
             ResolveReferences;
             ResolveKeySource;
             SetWin32ManifestProperties;
             FindReferenceAssembliesForReferences;
             _GenerateCompileInputs;
             BeforeCompile;
             _TimeStampBeforeCompile;
             _GenerateCompileDependencyCache;
             CoreCompile;
             _TimeStampAfterCompile;
             AfterCompile;
           ") at /usr/lib/dotnet/sdk/8.0.119/Sdks/Microsoft.NET.Sdk/targets/Microsoft.NET.Sdk.targets (679,5)
       Property reassignment: $(CreateSatelliteAssembliesDependsOn)="
             
             _GenerateSatelliteAssemblyInputs;
             ComputeIntermediateSatelliteAssemblies;
             GenerateSatelliteAssemblies
           ;
             CoreGenerateSatelliteAssemblies
           " (previous value: "
             _GenerateSatelliteAssemblyInputs;
             ComputeIntermediateSatelliteAssemblies;
             GenerateSatelliteAssemblies
           ") at /usr/lib/dotnet/sdk/8.0.119/Sdks/Microsoft.NET.Sdk/targets/Microsoft.NET.Sdk.targets (1065,5)
       Property reassignment: $(DesignerRuntimeImplementationProjectOutputGroupDependsOn)="
             
             ;
             
             ;
             BuildOnlySettings;
             PrepareForBuild;
             AssignTargetPaths;
             ResolveReferences
           
           ;
             _GenerateDesignerDepsFile;
             _GenerateDesignerRuntimeConfigFile;
             GetCopyToOutputDirectoryItems;
             _GatherDesignerShadowCopyFiles;
           " (previous value: "
             ;
             
             ;
             BuildOnlySettings;
             PrepareForBuild;
             AssignTargetPaths;
             ResolveReferences
           
           ") at /usr/lib/dotnet/sdk/8.0.119/Sdks/Microsoft.NET.Sdk/targets/Microsoft.NET.DesignerSupport.targets (21,5)
       Property reassignment: $(_GenerateToolsSettingsFileCacheFile)="/home/runner/work/PFPT/PFPT/PhysicallyFitPT.Domain/obj/Debug/net8.0/PhysicallyFitPT.Domain.toolssettingsinput.cache" (previous value: "obj\Debug/net8.0/PhysicallyFitPT.Domain.toolssettingsinput.cache") at /usr/lib/dotnet/sdk/8.0.119/Sdks/Microsoft.NET.Sdk/targets/Microsoft.NET.PackTool.targets (68,5)
       Property reassignment: $(_ShimInputCacheFile)="/home/runner/work/PFPT/PFPT/PhysicallyFitPT.Domain/obj/Debug/net8.0/PhysicallyFitPT.Domain.shiminput.cache" (previous value: "obj\Debug/net8.0/PhysicallyFitPT.Domain.shiminput.cache") at /usr/lib/dotnet/sdk/8.0.119/Sdks/Microsoft.NET.Sdk/targets/Microsoft.NET.PackTool.targets (137,5)
       Property reassignment: $(_ShimCreatedSentinelFile)="/home/runner/work/PFPT/PFPT/PhysicallyFitPT.Domain/obj/Debug/net8.0/PhysicallyFitPT.Domain.shimcreated.sentinel" (previous value: "obj\Debug/net8.0/PhysicallyFitPT.Domain.shimcreated.sentinel") at /usr/lib/dotnet/sdk/8.0.119/Sdks/Microsoft.NET.Sdk/targets/Microsoft.NET.PackTool.targets (139,5)
       Property reassignment: $(DefineConstants)="TRACE;DEBUG" (previous value: "TRACE") at /usr/lib/dotnet/sdk/8.0.119/Sdks/Microsoft.NET.Sdk/targets/Microsoft.NET.Sdk.CSharp.targets (31,5)
       Property reassignment: $(DefineConstants)="TRACE;DEBUG;NET;NET8_0;NETCOREAPP" (previous value: "TRACE;DEBUG") at /usr/lib/dotnet/sdk/8.0.119/Sdks/Microsoft.NET.Sdk/targets/Microsoft.NET.Sdk.CSharp.targets (34,5)
       Property reassignment: $(WarningsAsErrors)=";NU1605;SYSLIB0011" (previous value: ";NU1605") at /usr/lib/dotnet/sdk/8.0.119/Sdks/Microsoft.NET.Sdk/targets/Microsoft.NET.Sdk.CSharp.targets (48,5)
       Property reassignment: $(PackageDescription)="Package Description" (previous value: "") at /usr/lib/dotnet/sdk/8.0.119/Sdks/NuGet.Build.Tasks.Pack/build/NuGet.Build.Tasks.Pack.targets (34,5)
       Property reassignment: $(GenerateNuspecDependsOn)="Build;_LoadPackInputItems; _GetTargetFrameworksOutput; _WalkEachTargetPerFramework; _GetPackageFiles; " (previous value: "_LoadPackInputItems; _GetTargetFrameworksOutput; _WalkEachTargetPerFramework; _GetPackageFiles; ") at /usr/lib/dotnet/sdk/8.0.119/Sdks/NuGet.Build.Tasks.Pack/build/NuGet.Build.Tasks.Pack.targets (59,5)
       Assembly loaded during Evaluation: System.Reflection.Emit.Lightweight, Version=8.0.0.0, Culture=neutral, PublicKeyToken=b03f5f7f11d50a3a (location: /usr/lib/dotnet/shared/Microsoft.NETCore.App/8.0.19/System.Reflection.Emit.Lightweight.dll, MVID: a9b3ebbb-4f03-48c4-9b5c-a69f2c18bf6b, AppDomain: [Default])
       Assembly loaded during Evaluation: System.Reflection.Emit.ILGeneration, Version=8.0.0.0, Culture=neutral, PublicKeyToken=b03f5f7f11d50a3a (location: /usr/lib/dotnet/shared/Microsoft.NETCore.App/8.0.19/System.Reflection.Emit.ILGeneration.dll, MVID: d38a8ac1-10e9-411c-9126-eb2d2a669e00, AppDomain: [Default])
       Assembly loaded during Evaluation: System.Reflection.Primitives, Version=8.0.0.0, Culture=neutral, PublicKeyToken=b03f5f7f11d50a3a (location: /usr/lib/dotnet/shared/Microsoft.NETCore.App/8.0.19/System.Reflection.Primitives.dll, MVID: e7a36263-6b95-4f7e-a0a0-93a28889899f, AppDomain: [Default])
       Overriding target "ResolveFrameworkReferences" in project "/usr/lib/dotnet/sdk/8.0.119/Microsoft.Common.CurrentVersion.targets" with target "ResolveFrameworkReferences" from project "/usr/lib/dotnet/sdk/8.0.119/Sdks/Microsoft.NET.Sdk/targets/Microsoft.NET.Sdk.FrameworkReferenceResolution.targets".
       Overriding target "Run" in project "/usr/lib/dotnet/sdk/8.0.119/Microsoft.Common.CurrentVersion.targets" with target "Run" from project "/usr/lib/dotnet/sdk/8.0.119/Sdks/Microsoft.NET.Sdk/targets/Microsoft.NET.Sdk.targets".
       Overriding target "GenerateSupportedTargetFrameworkAlias" in project "/usr/lib/dotnet/sdk/8.0.119/Microsoft.Common.CurrentVersion.targets" with target "GenerateSupportedTargetFrameworkAlias" from project "/usr/lib/dotnet/sdk/8.0.119/Sdks/Microsoft.NET.Sdk/targets/Microsoft.NET.Sdk.targets".
       Overriding target "GetReferenceAssemblyPaths" in project "/usr/lib/dotnet/sdk/8.0.119/Microsoft.Common.CurrentVersion.targets" with target "GetReferenceAssemblyPaths" from project "/usr/lib/dotnet/sdk/8.0.119/Sdks/Microsoft.NET.Sdk/targets/Microsoft.NET.DisableStandardFrameworkResolution.targets".
       Overriding target "GetFrameworkPaths" in project "/usr/lib/dotnet/sdk/8.0.119/Microsoft.Common.CurrentVersion.targets" with target "GetFrameworkPaths" from project "/usr/lib/dotnet/sdk/8.0.119/Sdks/Microsoft.NET.Sdk/targets/Microsoft.NET.DisableStandardFrameworkResolution.targets".
       Overriding target "DesignerRuntimeImplementationProjectOutputGroup" in project "/usr/lib/dotnet/sdk/8.0.119/Microsoft.Common.CurrentVersion.targets" with target "DesignerRuntimeImplementationProjectOutputGroup" from project "/usr/lib/dotnet/sdk/8.0.119/Sdks/Microsoft.NET.Sdk/targets/Microsoft.NET.DesignerSupport.targets".
       Overriding target "Publish" in project "/usr/lib/dotnet/sdk/8.0.119/Microsoft.Common.CurrentVersion.targets" with target "Publish" from project "/usr/lib/dotnet/sdk/8.0.119/Sdks/Microsoft.NET.Sdk/targets/Microsoft.NET.Publish.targets".
       Overriding target "ResolveReadyToRunCompilers" in project "/usr/lib/dotnet/sdk/8.0.119/Sdks/Microsoft.NET.Sdk/targets/Microsoft.NET.CrossGen.targets" with target "ResolveReadyToRunCompilers" from project "/usr/lib/dotnet/sdk/8.0.119/Sdks/Microsoft.NET.Sdk/targets/Microsoft.NET.Publish.targets".
       Overriding target "GetCopyToPublishDirectoryItems" in project "/usr/lib/dotnet/sdk/8.0.119/Microsoft.Common.CurrentVersion.targets" with target "GetCopyToPublishDirectoryItems" from project "/usr/lib/dotnet/sdk/8.0.119/Sdks/Microsoft.NET.Sdk/targets/Microsoft.NET.Publish.targets".
     1>Project "/home/runner/work/PFPT/PFPT/PhysicallyFitPT.Domain/PhysicallyFitPT.Domain.csproj" on node 1 (Restore target(s)).
     1>Target "_LoadRestoreGraphEntryPoints" in file "/usr/lib/dotnet/sdk/8.0.119/NuGet.targets" from project "/home/runner/work/PFPT/PFPT/PhysicallyFitPT.Domain/PhysicallyFitPT.Domain.csproj" (target "_FilterRestoreGraphProjectInputItems" depends on it):
     1>Task "GetRestoreSolutionProjectsTask" skipped, due to false condition; ( $(MSBuildProjectFullPath.EndsWith('.metaproj')) == 'true' AND @(RestoreGraphProjectInputItems) == '' ) was evaluated as ( False == 'true' AND /home/runner/work/PFPT/PFPT/PhysicallyFitPT.Domain/PhysicallyFitPT.Domain.csproj == '' ).
     1>Done building target "_LoadRestoreGraphEntryPoints" in project "PhysicallyFitPT.Domain.csproj".
     1>Target "_FilterRestoreGraphProjectInputItems" in file "/usr/lib/dotnet/sdk/8.0.119/NuGet.targets" from project "/home/runner/work/PFPT/PFPT/PhysicallyFitPT.Domain/PhysicallyFitPT.Domain.csproj" (target "_GenerateRestoreGraph" depends on it):
       Using "RemoveDuplicates" task from assembly "Microsoft.Build.Tasks.Core, Version=15.1.0.0, Culture=neutral, PublicKeyToken=b03f5f7f11d50a3a".
       Task "RemoveDuplicates"
       Done executing task "RemoveDuplicates".
       Using "MSBuild" task from assembly "Microsoft.Build.Tasks.Core, Version=15.1.0.0, Culture=neutral, PublicKeyToken=b03f5f7f11d50a3a".
       Task "MSBuild"
         Global Properties:
           ExcludeRestorePackageImports=true
     0>Property reassignment: $(ImportDirectoryBuildProps)="false" (previous value: "true") at /usr/lib/dotnet/sdk/8.0.119/Sdks/Microsoft.NET.Sdk/Sdk/Sdk.props (57,5)
       Property 'MSBuildExtensionsPath' with value '/usr/lib/dotnet/sdk/8.0.119/' expanded from the environment.
       Property reassignment: $(MSBuildProjectExtensionsPath)="/home/runner/work/PFPT/PFPT/PhysicallyFitPT.Domain/obj/" (previous value: "obj\") at /usr/lib/dotnet/sdk/8.0.119/Current/Microsoft.Common.props (60,5)
       Property reassignment: $(AssemblySearchPaths)="{CandidateAssemblyFiles};{HintPathFromItem}" (previous value: "{CandidateAssemblyFiles}") at /usr/lib/dotnet/sdk/8.0.119/Sdks/Microsoft.NET.Sdk/targets/Microsoft.NET.Sdk.props (91,5)
       Property reassignment: $(AssemblySearchPaths)="{CandidateAssemblyFiles};{HintPathFromItem};{TargetFrameworkDirectory}" (previous value: "{CandidateAssemblyFiles};{HintPathFromItem}") at /usr/lib/dotnet/sdk/8.0.119/Sdks/Microsoft.NET.Sdk/targets/Microsoft.NET.Sdk.props (92,5)
       Property reassignment: $(AssemblySearchPaths)="{CandidateAssemblyFiles};{HintPathFromItem};{TargetFrameworkDirectory};{RawFileName}" (previous value: "{CandidateAssemblyFiles};{HintPathFromItem};{TargetFrameworkDirectory}") at /usr/lib/dotnet/sdk/8.0.119/Sdks/Microsoft.NET.Sdk/targets/Microsoft.NET.Sdk.props (93,5)
       Property reassignment: $(TargetsForTfmSpecificContentInPackage)=";PackTool;_PackProjectToolValidation" (previous value: ";PackTool") at /usr/lib/dotnet/sdk/8.0.119/Sdks/Microsoft.NET.Sdk/targets/Microsoft.NET.PackProjectTool.props (15,5)
       Property reassignment: $(PublishProfileImported)="false" (previous value: "true") at /usr/lib/dotnet/sdk/8.0.119/Sdks/Microsoft.NET.Sdk/targets/Microsoft.NET.Sdk.ImportPublishProfile.targets (28,5)
       Property reassignment: $(TargetPlatformVersion)="" (previous value: "0.0") at /usr/lib/dotnet/sdk/8.0.119/Sdks/Microsoft.NET.Sdk/targets/Microsoft.NET.TargetFrameworkInference.targets (69,5)
       Property reassignment: $(DefaultItemExcludes)=";bin\Debug//**;obj\Debug//**" (previous value: ";bin\Debug//**") at /usr/lib/dotnet/sdk/8.0.119/Sdks/Microsoft.NET.Sdk/targets/Microsoft.NET.DefaultOutputPaths.targets (122,5)
       Property reassignment: $(OutputPath)="bin\Debug/net8.0/" (previous value: "bin\Debug/") at /usr/lib/dotnet/sdk/8.0.119/Sdks/Microsoft.NET.Sdk/targets/Microsoft.NET.DefaultOutputPaths.targets (137,5)
       Property reassignment: $(IntermediateOutputPath)="obj\Debug/net8.0/" (previous value: "obj\Debug/") at /usr/lib/dotnet/sdk/8.0.119/Sdks/Microsoft.NET.Sdk/targets/Microsoft.NET.DefaultOutputPaths.targets (142,5)
       Property reassignment: $(_FrameworkIdentifierForImplicitDefine)="NET" (previous value: "NETCOREAPP") at /usr/lib/dotnet/sdk/8.0.119/Sdks/Microsoft.NET.Sdk/targets/Microsoft.NET.Sdk.BeforeCommon.targets (187,5)
       Property reassignment: $(_FrameworkVersionForImplicitDefine)="8_0" (previous value: "8.0") at /usr/lib/dotnet/sdk/8.0.119/Sdks/Microsoft.NET.Sdk/targets/Microsoft.NET.Sdk.BeforeCommon.targets (192,5)
       Property reassignment: $(CommandLineArgsForDesignTimeEvaluation)="-langversion:latest -define:TRACE" (previous value: "-langversion:latest") at /usr/lib/dotnet/sdk/8.0.119/Roslyn/Microsoft.CSharp.Core.targets (197,5)
       Property reassignment: $(_DebugSymbolsProduced)="true" (previous value: "false") at /usr/lib/dotnet/sdk/8.0.119/Microsoft.Common.CurrentVersion.targets (175,5)
       Property reassignment: $(_DocumentationFileProduced)="false" (previous value: "true") at /usr/lib/dotnet/sdk/8.0.119/Microsoft.Common.CurrentVersion.targets (185,5)
       Property reassignment: $(ProcessorArchitecture)="msil" (previous value: "") at /usr/lib/dotnet/sdk/8.0.119/Microsoft.Common.CurrentVersion.targets (529,5)
       Property reassignment: $(DelaySign)="" (previous value: "false") at /usr/lib/dotnet/sdk/8.0.119/Microsoft.Common.CurrentVersion.targets (568,5)
       Property 'LocalAppData' with value '/home/runner/.local/share' expanded from the environment.
       Property reassignment: $(_SGenGenerateSerializationAssembliesConfig)="Auto" (previous value: "") at /usr/lib/dotnet/sdk/8.0.119/Microsoft.Common.CurrentVersion.targets (3824,5)
       Property reassignment: $(_SGenGenerateSerializationAssembliesConfig)="Off" (previous value: "Auto") at /usr/lib/dotnet/sdk/8.0.119/Microsoft.Common.CurrentVersion.targets (3825,5)
       Property reassignment: $(_TargetsThatPrepareProjectReferences)="
             AssignProjectConfiguration;
             _SplitProjectReferencesByFileExistence
           " (previous value: "_SplitProjectReferencesByFileExistence") at /usr/lib/dotnet/sdk/8.0.119/Microsoft.Common.CurrentVersion.targets (4976,5)
       Property 'MSBuildExtensionsPath32' with value '/usr/lib/dotnet/sdk/8.0.119' expanded from the environment.
       Property reassignment: $(ProjectAssetsFile)="/home/runner/work/PFPT/PFPT/PhysicallyFitPT.Domain/obj/project.assets.json" (previous value: "/home/runner/work/PFPT/PFPT/PhysicallyFitPT.Domain/obj//project.assets.json") at /usr/lib/dotnet/sdk/8.0.119/Sdks/Microsoft.NET.Sdk/targets/Microsoft.PackageDependencyResolution.targets (24,5)
       Property reassignment: $(ProjectAssetsCacheFile)="/home/runner/work/PFPT/PFPT/PhysicallyFitPT.Domain/obj/Debug/net8.0/PhysicallyFitPT.Domain.assets.cache" (previous value: "obj\Debug/net8.0/PhysicallyFitPT.Domain.assets.cache") at /usr/lib/dotnet/sdk/8.0.119/Sdks/Microsoft.NET.Sdk/targets/Microsoft.PackageDependencyResolution.targets (29,5)
       Property reassignment: $(ResolveAssemblyReferencesDependsOn)="
             
             ResolveProjectReferences;
             FindInvalidProjectReferences;
             GetFrameworkPaths;
             GetReferenceAssemblyPaths;
             PrepareForBuild;
             ResolveSDKReferences;
             ExpandSDKReferences;
           ;
             ResolvePackageDependenciesForBuild;
             _HandlePackageFileConflicts;
           " (previous value: "
             ResolveProjectReferences;
             FindInvalidProjectReferences;
             GetFrameworkPaths;
             GetReferenceAssemblyPaths;
             PrepareForBuild;
             ResolveSDKReferences;
             ExpandSDKReferences;
           ") at /usr/lib/dotnet/sdk/8.0.119/Sdks/Microsoft.NET.Sdk/targets/Microsoft.PackageDependencyResolution.targets (80,5)
       Property reassignment: $(PrepareResourcesDependsOn)="
             ResolvePackageDependenciesForBuild;
             _HandlePackageFileConflicts;
             
             ;
             PrepareResourceNames;
             ResGen;
             CompileLicxFiles
           
           " (previous value: "
             ;
             PrepareResourceNames;
             ResGen;
             CompileLicxFiles
           ") at /usr/lib/dotnet/sdk/8.0.119/Sdks/Microsoft.NET.Sdk/targets/Microsoft.PackageDependencyResolution.targets (86,5)
       Property reassignment: $(DefaultItemExcludes)=";bin\Debug//**;obj\Debug//**;bin\/**" (previous value: ";bin\Debug//**;obj\Debug//**") at /usr/lib/dotnet/sdk/8.0.119/Sdks/Microsoft.NET.Sdk/targets/Microsoft.NET.Sdk.DefaultItems.targets (27,5)
       Property reassignment: $(DefaultItemExcludes)=";bin\Debug//**;obj\Debug//**;bin\/**;obj\/**" (previous value: ";bin\Debug//**;obj\Debug//**;bin\/**") at /usr/lib/dotnet/sdk/8.0.119/Sdks/Microsoft.NET.Sdk/targets/Microsoft.NET.Sdk.DefaultItems.targets (29,5)
       Property reassignment: $(DefaultItemExcludes)=";bin\Debug//**;obj\Debug//**;bin\/**;obj\/**;**/*.user" (previous value: ";bin\Debug//**;obj\Debug//**;bin\/**;obj\/**") at /usr/lib/dotnet/sdk/8.0.119/Sdks/Microsoft.NET.Sdk/targets/Microsoft.NET.Sdk.DefaultItems.targets (32,5)
       Property reassignment: $(DefaultItemExcludes)=";bin\Debug//**;obj\Debug//**;bin\/**;obj\/**;**/*.user;**/*.*proj" (previous value: ";bin\Debug//**;obj\Debug//**;bin\/**;obj\/**;**/*.user") at /usr/lib/dotnet/sdk/8.0.119/Sdks/Microsoft.NET.Sdk/targets/Microsoft.NET.Sdk.DefaultItems.targets (33,5)
       Property reassignment: $(DefaultItemExcludes)=";bin\Debug//**;obj\Debug//**;bin\/**;obj\/**;**/*.user;**/*.*proj;**/*.sln" (previous value: ";bin\Debug//**;obj\Debug//**;bin\/**;obj\/**;**/*.user;**/*.*proj") at /usr/lib/dotnet/sdk/8.0.119/Sdks/Microsoft.NET.Sdk/targets/Microsoft.NET.Sdk.DefaultItems.targets (34,5)
       Property reassignment: $(DefaultItemExcludes)=";bin\Debug//**;obj\Debug//**;bin\/**;obj\/**;**/*.user;**/*.*proj;**/*.sln;**/*.vssscc" (previous value: ";bin\Debug//**;obj\Debug//**;bin\/**;obj\/**;**/*.user;**/*.*proj;**/*.sln") at /usr/lib/dotnet/sdk/8.0.119/Sdks/Microsoft.NET.Sdk/targets/Microsoft.NET.Sdk.DefaultItems.targets (35,5)
       Property reassignment: $(DefaultItemExcludes)=";bin\Debug//**;obj\Debug//**;bin\/**;obj\/**;**/*.user;**/*.*proj;**/*.sln;**/*.vssscc;**/.DS_Store" (previous value: ";bin\Debug//**;obj\Debug//**;bin\/**;obj\/**;**/*.user;**/*.*proj;**/*.sln;**/*.vssscc") at /usr/lib/dotnet/sdk/8.0.119/Sdks/Microsoft.NET.Sdk/targets/Microsoft.NET.Sdk.DefaultItems.targets (36,5)
       Property reassignment: $(ResolveAssemblyReferencesDependsOn)="
             
             
             ResolveProjectReferences;
             FindInvalidProjectReferences;
             GetFrameworkPaths;
             GetReferenceAssemblyPaths;
             PrepareForBuild;
             ResolveSDKReferences;
             ExpandSDKReferences;
           ;
             ResolvePackageDependenciesForBuild;
             _HandlePackageFileConflicts;
           ;
             ResolveTargetingPackAssets;
           " (previous value: "
             
             ResolveProjectReferences;
             FindInvalidProjectReferences;
             GetFrameworkPaths;
             GetReferenceAssemblyPaths;
             PrepareForBuild;
             ResolveSDKReferences;
             ExpandSDKReferences;
           ;
             ResolvePackageDependenciesForBuild;
             _HandlePackageFileConflicts;
           ") at /usr/lib/dotnet/sdk/8.0.119/Sdks/Microsoft.NET.Sdk/targets/Microsoft.NET.Sdk.FrameworkReferenceResolution.targets (14,5)
       Property reassignment: $(_GenerateRuntimeConfigurationPropertyInputsCache)="/home/runner/work/PFPT/PFPT/PhysicallyFitPT.Domain/obj/Debug/net8.0/PhysicallyFitPT.Domain.genruntimeconfig.cache" (previous value: "obj\Debug/net8.0/PhysicallyFitPT.Domain.genruntimeconfig.cache") at /usr/lib/dotnet/sdk/8.0.119/Sdks/Microsoft.NET.Sdk/targets/Microsoft.NET.Sdk.targets (44,5)
       Property reassignment: $(_GeneratePublishDependencyFilePropertyInputsCache)="/home/runner/work/PFPT/PFPT/PhysicallyFitPT.Domain/obj/Debug/net8.0/PhysicallyFitPT.Domain.genpublishdeps.cache" (previous value: "obj\Debug/net8.0/PhysicallyFitPT.Domain.genpublishdeps.cache") at /usr/lib/dotnet/sdk/8.0.119/Sdks/Microsoft.NET.Sdk/targets/Microsoft.NET.Sdk.targets (46,5)
       Property reassignment: $(_GenerateSingleFileBundlePropertyInputsCache)="/home/runner/work/PFPT/PFPT/PhysicallyFitPT.Domain/obj/Debug/net8.0/PhysicallyFitPT.Domain.genbundle.cache" (previous value: "obj\Debug/net8.0/PhysicallyFitPT.Domain.genbundle.cache") at /usr/lib/dotnet/sdk/8.0.119/Sdks/Microsoft.NET.Sdk/targets/Microsoft.NET.Sdk.targets (48,5)
       Property reassignment: $(GenerateRuntimeConfigDevFile)="false" (previous value: "true") at /usr/lib/dotnet/sdk/8.0.119/Sdks/Microsoft.NET.Sdk/targets/Microsoft.NET.Sdk.targets (81,5)
       Property 'HOME' with value '/home/runner' expanded from the environment.
       Property reassignment: $(_DefaultUserProfileRuntimeStorePath)="/home/runner/.dotnet/store" (previous value: "/home/runner") at /usr/lib/dotnet/sdk/8.0.119/Sdks/Microsoft.NET.Sdk/targets/Microsoft.NET.Sdk.targets (98,5)
       Property reassignment: $(AvailablePlatforms)="Any CPU,x86,x64,ARM32" (previous value: "Any CPU,x86,x64") at /usr/lib/dotnet/sdk/8.0.119/Sdks/Microsoft.NET.Sdk/targets/Microsoft.NET.Sdk.targets (136,5)
       Property reassignment: $(AvailablePlatforms)="Any CPU,x86,x64,ARM32,ARM64" (previous value: "Any CPU,x86,x64,ARM32") at /usr/lib/dotnet/sdk/8.0.119/Sdks/Microsoft.NET.Sdk/targets/Microsoft.NET.Sdk.targets (140,5)
       Property reassignment: $(CoreBuildDependsOn)="
             _CheckForBuildWithNoBuild;
             
             BuildOnlySettings;
             PrepareForBuild;
             PreBuildEvent;
             ResolveReferences;
             PrepareResources;
             ResolveKeySource;
             Compile;
             ExportWindowsMDFile;
             UnmanagedUnregistration;
             GenerateSerializationAssemblies;
             CreateSatelliteAssemblies;
             GenerateManifests;
             GetTargetPath;
             PrepareForRun;
             UnmanagedRegistration;
             IncrementalClean;
             PostBuildEvent
           ;
             GenerateBuildDependencyFile;
             GenerateBuildRuntimeConfigurationFiles
           " (previous value: "
             BuildOnlySettings;
             PrepareForBuild;
             PreBuildEvent;
             ResolveReferences;
             PrepareResources;
             ResolveKeySource;
             Compile;
             ExportWindowsMDFile;
             UnmanagedUnregistration;
             GenerateSerializationAssemblies;
             CreateSatelliteAssemblies;
             GenerateManifests;
             GetTargetPath;
             PrepareForRun;
             UnmanagedRegistration;
             IncrementalClean;
             PostBuildEvent
           ") at /usr/lib/dotnet/sdk/8.0.119/Sdks/Microsoft.NET.Sdk/targets/Microsoft.NET.Sdk.targets (197,5)
       Property reassignment: $(CoreCleanDependsOn)="
             _SdkBeforeClean;
             
           " (previous value: "") at /usr/lib/dotnet/sdk/8.0.119/Sdks/Microsoft.NET.Sdk/targets/Microsoft.NET.Sdk.targets (206,5)
       Property reassignment: $(RebuildDependsOn)="
             _SdkBeforeRebuild;
             
             BeforeRebuild;
             Clean;
             Build;
             AfterRebuild;
           
           " (previous value: "
             BeforeRebuild;
             Clean;
             Build;
             AfterRebuild;
           ") at /usr/lib/dotnet/sdk/8.0.119/Sdks/Microsoft.NET.Sdk/targets/Microsoft.NET.Sdk.targets (213,5)
       Property reassignment: $(CompileDependsOn)="
             
             ResolveReferences;
             ResolveKeySource;
             SetWin32ManifestProperties;
             FindReferenceAssembliesForReferences;
             _GenerateCompileInputs;
             BeforeCompile;
             _TimeStampBeforeCompile;
             _GenerateCompileDependencyCache;
             CoreCompile;
             _TimeStampAfterCompile;
             AfterCompile;
           ;
             _CreateAppHost;
             _CreateComHost;
             _GetIjwHostPaths;
           " (previous value: "
             ResolveReferences;
             ResolveKeySource;
             SetWin32ManifestProperties;
             FindReferenceAssembliesForReferences;
             _GenerateCompileInputs;
             BeforeCompile;
             _TimeStampBeforeCompile;
             _GenerateCompileDependencyCache;
             CoreCompile;
             _TimeStampAfterCompile;
             AfterCompile;
           ") at /usr/lib/dotnet/sdk/8.0.119/Sdks/Microsoft.NET.Sdk/targets/Microsoft.NET.Sdk.targets (679,5)
       Property reassignment: $(CreateSatelliteAssembliesDependsOn)="
             
             _GenerateSatelliteAssemblyInputs;
             ComputeIntermediateSatelliteAssemblies;
             GenerateSatelliteAssemblies
           ;
             CoreGenerateSatelliteAssemblies
           " (previous value: "
             _GenerateSatelliteAssemblyInputs;
             ComputeIntermediateSatelliteAssemblies;
             GenerateSatelliteAssemblies
           ") at /usr/lib/dotnet/sdk/8.0.119/Sdks/Microsoft.NET.Sdk/targets/Microsoft.NET.Sdk.targets (1065,5)
       Property reassignment: $(SourceLinkUrlInitializerTargets)=";_InitializeGitHubSourceLinkUrl;_InitializeGitLabSourceLinkUrl" (previous value: ";_InitializeGitHubSourceLinkUrl") at /usr/lib/dotnet/sdk/8.0.119/Sdks/Microsoft.SourceLink.GitLab/build/Microsoft.SourceLink.GitLab.targets (12,5)
       Property reassignment: $(SourceControlManagerUrlTranslationTargets)=";TranslateGitHubUrlsInSourceControlInformation;TranslateGitLabUrlsInSourceControlInformation" (previous value: ";TranslateGitHubUrlsInSourceControlInformation") at /usr/lib/dotnet/sdk/8.0.119/Sdks/Microsoft.SourceLink.GitLab/build/Microsoft.SourceLink.GitLab.targets (13,5)
       Property reassignment: $(SourceLinkUrlInitializerTargets)=";_InitializeGitHubSourceLinkUrl;_InitializeGitLabSourceLinkUrl;_InitializeAzureReposGitSourceLinkUrl" (previous value: ";_InitializeGitHubSourceLinkUrl;_InitializeGitLabSourceLinkUrl") at /usr/lib/dotnet/sdk/8.0.119/Sdks/Microsoft.SourceLink.AzureRepos.Git/build/Microsoft.SourceLink.AzureRepos.Git.targets (12,5)
       Property reassignment: $(SourceControlManagerUrlTranslationTargets)=";TranslateGitHubUrlsInSourceControlInformation;TranslateGitLabUrlsInSourceControlInformation;TranslateAzureReposGitUrlsInSourceControlInformation" (previous value: ";TranslateGitHubUrlsInSourceControlInformation;TranslateGitLabUrlsInSourceControlInformation") at /usr/lib/dotnet/sdk/8.0.119/Sdks/Microsoft.SourceLink.AzureRepos.Git/build/Microsoft.SourceLink.AzureRepos.Git.targets (13,5)
       Property reassignment: $(SourceLinkUrlInitializerTargets)=";_InitializeGitHubSourceLinkUrl;_InitializeGitLabSourceLinkUrl;_InitializeAzureReposGitSourceLinkUrl;_InitializeBitbucketGitSourceLinkUrl" (previous value: ";_InitializeGitHubSourceLinkUrl;_InitializeGitLabSourceLinkUrl;_InitializeAzureReposGitSourceLinkUrl") at /usr/lib/dotnet/sdk/8.0.119/Sdks/Microsoft.SourceLink.Bitbucket.Git/build/Microsoft.SourceLink.Bitbucket.Git.targets (12,5)
       Property reassignment: $(SourceControlManagerUrlTranslationTargets)=";TranslateGitHubUrlsInSourceControlInformation;TranslateGitLabUrlsInSourceControlInformation;TranslateAzureReposGitUrlsInSourceControlInformation;TranslateBitbucketGitUrlsInSourceControlInformation" (previous value: ";TranslateGitHubUrlsInSourceControlInformation;TranslateGitLabUrlsInSourceControlInformation;TranslateAzureReposGitUrlsInSourceControlInformation") at /usr/lib/dotnet/sdk/8.0.119/Sdks/Microsoft.SourceLink.Bitbucket.Git/build/Microsoft.SourceLink.Bitbucket.Git.targets (13,5)
       Property reassignment: $(DesignerRuntimeImplementationProjectOutputGroupDependsOn)="
             
             ;
             
             ;
             BuildOnlySettings;
             PrepareForBuild;
             AssignTargetPaths;
             ResolveReferences
           
           ;
             _GenerateDesignerDepsFile;
             _GenerateDesignerRuntimeConfigFile;
             GetCopyToOutputDirectoryItems;
             _GatherDesignerShadowCopyFiles;
           " (previous value: "
             ;
             
             ;
             BuildOnlySettings;
             PrepareForBuild;
             AssignTargetPaths;
             ResolveReferences
           
           ") at /usr/lib/dotnet/sdk/8.0.119/Sdks/Microsoft.NET.Sdk/targets/Microsoft.NET.DesignerSupport.targets (21,5)
       Property reassignment: $(_GenerateToolsSettingsFileCacheFile)="/home/runner/work/PFPT/PFPT/PhysicallyFitPT.Domain/obj/Debug/net8.0/PhysicallyFitPT.Domain.toolssettingsinput.cache" (previous value: "obj\Debug/net8.0/PhysicallyFitPT.Domain.toolssettingsinput.cache") at /usr/lib/dotnet/sdk/8.0.119/Sdks/Microsoft.NET.Sdk/targets/Microsoft.NET.PackTool.targets (68,5)
       Property reassignment: $(_ShimInputCacheFile)="/home/runner/work/PFPT/PFPT/PhysicallyFitPT.Domain/obj/Debug/net8.0/PhysicallyFitPT.Domain.shiminput.cache" (previous value: "obj\Debug/net8.0/PhysicallyFitPT.Domain.shiminput.cache") at /usr/lib/dotnet/sdk/8.0.119/Sdks/Microsoft.NET.Sdk/targets/Microsoft.NET.PackTool.targets (137,5)
       Property reassignment: $(_ShimCreatedSentinelFile)="/home/runner/work/PFPT/PFPT/PhysicallyFitPT.Domain/obj/Debug/net8.0/PhysicallyFitPT.Domain.shimcreated.sentinel" (previous value: "obj\Debug/net8.0/PhysicallyFitPT.Domain.shimcreated.sentinel") at /usr/lib/dotnet/sdk/8.0.119/Sdks/Microsoft.NET.Sdk/targets/Microsoft.NET.PackTool.targets (139,5)
       Property reassignment: $(DefineConstants)="TRACE;DEBUG" (previous value: "TRACE") at /usr/lib/dotnet/sdk/8.0.119/Sdks/Microsoft.NET.Sdk/targets/Microsoft.NET.Sdk.CSharp.targets (31,5)
       Property reassignment: $(DefineConstants)="TRACE;DEBUG;NET;NET8_0;NETCOREAPP" (previous value: "TRACE;DEBUG") at /usr/lib/dotnet/sdk/8.0.119/Sdks/Microsoft.NET.Sdk/targets/Microsoft.NET.Sdk.CSharp.targets (34,5)
       Property reassignment: $(WarningsAsErrors)=";NU1605;SYSLIB0011" (previous value: ";NU1605") at /usr/lib/dotnet/sdk/8.0.119/Sdks/Microsoft.NET.Sdk/targets/Microsoft.NET.Sdk.CSharp.targets (48,5)
       Property reassignment: $(PackageDescription)="Package Description" (previous value: "") at /usr/lib/dotnet/sdk/8.0.119/Sdks/NuGet.Build.Tasks.Pack/build/NuGet.Build.Tasks.Pack.targets (34,5)
       Property reassignment: $(GenerateNuspecDependsOn)="Build;_LoadPackInputItems; _GetTargetFrameworksOutput; _WalkEachTargetPerFramework; _GetPackageFiles; " (previous value: "_LoadPackInputItems; _GetTargetFrameworksOutput; _WalkEachTargetPerFramework; _GetPackageFiles; ") at /usr/lib/dotnet/sdk/8.0.119/Sdks/NuGet.Build.Tasks.Pack/build/NuGet.Build.Tasks.Pack.targets (59,5)
       Overriding target "ResolveFrameworkReferences" in project "/usr/lib/dotnet/sdk/8.0.119/Microsoft.Common.CurrentVersion.targets" with target "ResolveFrameworkReferences" from project "/usr/lib/dotnet/sdk/8.0.119/Sdks/Microsoft.NET.Sdk/targets/Microsoft.NET.Sdk.FrameworkReferenceResolution.targets".
       Overriding target "Run" in project "/usr/lib/dotnet/sdk/8.0.119/Microsoft.Common.CurrentVersion.targets" with target "Run" from project "/usr/lib/dotnet/sdk/8.0.119/Sdks/Microsoft.NET.Sdk/targets/Microsoft.NET.Sdk.targets".
       Overriding target "GenerateSupportedTargetFrameworkAlias" in project "/usr/lib/dotnet/sdk/8.0.119/Microsoft.Common.CurrentVersion.targets" with target "GenerateSupportedTargetFrameworkAlias" from project "/usr/lib/dotnet/sdk/8.0.119/Sdks/Microsoft.NET.Sdk/targets/Microsoft.NET.Sdk.targets".
       Overriding target "GetReferenceAssemblyPaths" in project "/usr/lib/dotnet/sdk/8.0.119/Microsoft.Common.CurrentVersion.targets" with target "GetReferenceAssemblyPaths" from project "/usr/lib/dotnet/sdk/8.0.119/Sdks/Microsoft.NET.Sdk/targets/Microsoft.NET.DisableStandardFrameworkResolution.targets".
       Overriding target "GetFrameworkPaths" in project "/usr/lib/dotnet/sdk/8.0.119/Microsoft.Common.CurrentVersion.targets" with target "GetFrameworkPaths" from project "/usr/lib/dotnet/sdk/8.0.119/Sdks/Microsoft.NET.Sdk/targets/Microsoft.NET.DisableStandardFrameworkResolution.targets".
       Overriding target "DesignerRuntimeImplementationProjectOutputGroup" in project "/usr/lib/dotnet/sdk/8.0.119/Microsoft.Common.CurrentVersion.targets" with target "DesignerRuntimeImplementationProjectOutputGroup" from project "/usr/lib/dotnet/sdk/8.0.119/Sdks/Microsoft.NET.Sdk/targets/Microsoft.NET.DesignerSupport.targets".
       Overriding target "Publish" in project "/usr/lib/dotnet/sdk/8.0.119/Microsoft.Common.CurrentVersion.targets" with target "Publish" from project "/usr/lib/dotnet/sdk/8.0.119/Sdks/Microsoft.NET.Sdk/targets/Microsoft.NET.Publish.targets".
       Overriding target "ResolveReadyToRunCompilers" in project "/usr/lib/dotnet/sdk/8.0.119/Sdks/Microsoft.NET.Sdk/targets/Microsoft.NET.CrossGen.targets" with target "ResolveReadyToRunCompilers" from project "/usr/lib/dotnet/sdk/8.0.119/Sdks/Microsoft.NET.Sdk/targets/Microsoft.NET.Publish.targets".
       Overriding target "GetCopyToPublishDirectoryItems" in project "/usr/lib/dotnet/sdk/8.0.119/Microsoft.Common.CurrentVersion.targets" with target "GetCopyToPublishDirectoryItems" from project "/usr/lib/dotnet/sdk/8.0.119/Sdks/Microsoft.NET.Sdk/targets/Microsoft.NET.Publish.targets".
     1>Project "/home/runner/work/PFPT/PFPT/PhysicallyFitPT.Domain/PhysicallyFitPT.Domain.csproj" (1) is building "/home/runner/work/PFPT/PFPT/PhysicallyFitPT.Domain/PhysicallyFitPT.Domain.csproj" (1:2) on node 1 (_IsProjectRestoreSupported target(s)).
   1:2>Target "_IsProjectRestoreSupported" in file "/usr/lib/dotnet/sdk/8.0.119/NuGet.targets" from project "/home/runner/work/PFPT/PFPT/PhysicallyFitPT.Domain/PhysicallyFitPT.Domain.csproj" (entry point):
   1:2>Done building target "_IsProjectRestoreSupported" in project "PhysicallyFitPT.Domain.csproj".
   1:2>Done Building Project "/home/runner/work/PFPT/PFPT/PhysicallyFitPT.Domain/PhysicallyFitPT.Domain.csproj" (_IsProjectRestoreSupported target(s)).
     1>Done executing task "MSBuild".
       Task "MSBuild" skipped, due to false condition; ( '$(RestoreUseSkipNonexistentTargets)' != 'true' ) was evaluated as ( 'true' != 'true' ).
       Assembly loaded during TaskRun: NuGet.Build.Tasks, Version=6.8.1.32767, Culture=neutral, PublicKeyToken=31bf3856ad364e35 (location: /usr/lib/dotnet/sdk/8.0.119/NuGet.Build.Tasks.dll, MVID: 426d0ad6-98cc-401c-bef2-1ad86649bbb4, AppDomain: [Default])
       Assembly loaded during TaskRun: NuGet.Common, Version=6.8.1.32767, Culture=neutral, PublicKeyToken=31bf3856ad364e35 (location: /usr/lib/dotnet/sdk/8.0.119/NuGet.Common.dll, MVID: e2050719-885f-4e48-b176-8534f2f8a9c2, AppDomain: [Default])
       Assembly loaded during TaskRun: NuGet.Commands, Version=6.8.1.32767, Culture=neutral, PublicKeyToken=31bf3856ad364e35 (location: /usr/lib/dotnet/sdk/8.0.119/NuGet.Commands.dll, MVID: 7d72d4a1-bc67-40f2-8ebb-d63cda7e71ca, AppDomain: [Default])
       Assembly loaded during TaskRun: NuGet.ProjectModel, Version=6.8.1.32767, Culture=neutral, PublicKeyToken=31bf3856ad364e35 (location: /usr/lib/dotnet/sdk/8.0.119/NuGet.ProjectModel.dll, MVID: e0692b2f-133f-4b91-a7ea-3a1879401e9c, AppDomain: [Default])
       Using "WarnForInvalidProjectsTask" task from assembly "/usr/lib/dotnet/sdk/8.0.119/NuGet.Build.Tasks.dll".
       Task "WarnForInvalidProjectsTask"
         (in) AllProjects '/home/runner/work/PFPT/PFPT/PhysicallyFitPT.Domain/PhysicallyFitPT.Domain.csproj'
         (in) ValidProjects '/home/runner/work/PFPT/PFPT/PhysicallyFitPT.Domain/PhysicallyFitPT.Domain.csproj'
       Done executing task "WarnForInvalidProjectsTask".
     1>Done building target "_FilterRestoreGraphProjectInputItems" in project "PhysicallyFitPT.Domain.csproj".
       Target "_FilterRestoreGraphProjectInputItems" skipped. Previously built successfully.
     1>Target "_GetAllRestoreProjectPathItems" in file "/usr/lib/dotnet/sdk/8.0.119/NuGet.targets" from project "/home/runner/work/PFPT/PFPT/PhysicallyFitPT.Domain/PhysicallyFitPT.Domain.csproj" (target "_GenerateRestoreGraph" depends on it):
       Using "NuGetMessageTask" task from assembly "/usr/lib/dotnet/sdk/8.0.119/NuGet.Build.Tasks.dll".
       Task "NuGetMessageTask"
         Determining projects to restore...
       Done executing task "NuGetMessageTask".
       Task "MSBuild"
         Global Properties:
           ExcludeRestorePackageImports=true
     1>Project "/home/runner/work/PFPT/PFPT/PhysicallyFitPT.Domain/PhysicallyFitPT.Domain.csproj" (1) is building "/home/runner/work/PFPT/PFPT/PhysicallyFitPT.Domain/PhysicallyFitPT.Domain.csproj" (1:3) on node 1 (_GenerateRestoreProjectPathWalk target(s)).
   1:3>Target "_GenerateRestoreProjectPathItemsAllFrameworks" skipped, due to false condition; ( '$(TargetFrameworks)' != '' ) was evaluated as ( '' != '' ).
   1:3>Target "_GenerateRestoreProjectPathItemsPerFramework" in file "/usr/lib/dotnet/sdk/8.0.119/NuGet.targets" from project "/home/runner/work/PFPT/PFPT/PhysicallyFitPT.Domain/PhysicallyFitPT.Domain.csproj" (target "_GenerateRestoreProjectPathItemsCurrentProject" depends on it):
       Using "ConvertToAbsolutePath" task from assembly "Microsoft.Build.Tasks.Core, Version=15.1.0.0, Culture=neutral, PublicKeyToken=b03f5f7f11d50a3a".
       Task "ConvertToAbsolutePath"
       Done executing task "ConvertToAbsolutePath".
   1:3>Done building target "_GenerateRestoreProjectPathItemsPerFramework" in project "PhysicallyFitPT.Domain.csproj".
   1:3>Target "_GenerateRestoreProjectPathItemsCurrentProject" in file "/usr/lib/dotnet/sdk/8.0.119/NuGet.targets" from project "/home/runner/work/PFPT/PFPT/PhysicallyFitPT.Domain/PhysicallyFitPT.Domain.csproj" (target "_GenerateRestoreProjectPathItems" depends on it):
   1:3>Done building target "_GenerateRestoreProjectPathItemsCurrentProject" in project "PhysicallyFitPT.Domain.csproj".
   1:3>Target "_GenerateRestoreProjectPathItems" in file "/usr/lib/dotnet/sdk/8.0.119/NuGet.targets" from project "/home/runner/work/PFPT/PFPT/PhysicallyFitPT.Domain/PhysicallyFitPT.Domain.csproj" (target "_GenerateRestoreProjectPathWalk" depends on it):
       Task "RemoveDuplicates"
       Done executing task "RemoveDuplicates".
   1:3>Done building target "_GenerateRestoreProjectPathItems" in project "PhysicallyFitPT.Domain.csproj".
   1:3>Target "_GenerateRestoreProjectPathWalk" in file "/usr/lib/dotnet/sdk/8.0.119/NuGet.targets" from project "/home/runner/work/PFPT/PFPT/PhysicallyFitPT.Domain/PhysicallyFitPT.Domain.csproj" (entry point):
       Task "MSBuild"
       Done executing task "MSBuild".
       Task "MSBuild" skipped, due to false condition; ( '$(RestoreUseSkipNonexistentTargets)' != 'true' ) was evaluated as ( 'true' != 'true' ).
       Task "RemoveDuplicates"
       Done executing task "RemoveDuplicates".
   1:3>Done building target "_GenerateRestoreProjectPathWalk" in project "PhysicallyFitPT.Domain.csproj".
   1:3>Done Building Project "/home/runner/work/PFPT/PFPT/PhysicallyFitPT.Domain/PhysicallyFitPT.Domain.csproj" (_GenerateRestoreProjectPathWalk target(s)).
     1>Done executing task "MSBuild".
       Task "MSBuild" skipped, due to false condition; ( '$(RestoreUseSkipNonexistentTargets)' != 'true' ) was evaluated as ( 'true' != 'true' ).
       Task "RemoveDuplicates"
       Done executing task "RemoveDuplicates".
       Task "MSBuild"
         Global Properties:
           ExcludeRestorePackageImports=true
     1>Project "/home/runner/work/PFPT/PFPT/PhysicallyFitPT.Domain/PhysicallyFitPT.Domain.csproj" (1) is building "/home/runner/work/PFPT/PFPT/PhysicallyFitPT.Domain/PhysicallyFitPT.Domain.csproj" (1:4) on node 1 (_IsProjectRestoreSupported target(s)).
   1:4>Target "_IsProjectRestoreSupported" skipped. Previously built successfully.
   1:4>Done Building Project "/home/runner/work/PFPT/PFPT/PhysicallyFitPT.Domain/PhysicallyFitPT.Domain.csproj" (_IsProjectRestoreSupported target(s)).
     1>Done executing task "MSBuild".
       Task "MSBuild" skipped, due to false condition; ( '$(RestoreUseSkipNonexistentTargets)' != 'true' ) was evaluated as ( 'true' != 'true' ).
     1>Done building target "_GetAllRestoreProjectPathItems" in project "PhysicallyFitPT.Domain.csproj".
     1>Target "_GenerateRestoreGraph" in file "/usr/lib/dotnet/sdk/8.0.119/NuGet.targets" from project "/home/runner/work/PFPT/PFPT/PhysicallyFitPT.Domain/PhysicallyFitPT.Domain.csproj" (target "Restore" depends on it):
       Using "Message" task from assembly "Microsoft.Build.Tasks.Core, Version=15.1.0.0, Culture=neutral, PublicKeyToken=b03f5f7f11d50a3a".
       Task "Message"
         Generating dg file
       Done executing task "Message".
       Task "Message"
         /home/runner/work/PFPT/PFPT/PhysicallyFitPT.Domain/PhysicallyFitPT.Domain.csproj
       Done executing task "Message".
       Task "MSBuild"
         Global Properties:
           ExcludeRestorePackageImports=true
     1>Project "/home/runner/work/PFPT/PFPT/PhysicallyFitPT.Domain/PhysicallyFitPT.Domain.csproj" (1) is building "/home/runner/work/PFPT/PFPT/PhysicallyFitPT.Domain/PhysicallyFitPT.Domain.csproj" (1:5) on node 1 (_GenerateRestoreGraphProjectEntry target(s)).
   1:5>Target "_GetProjectJsonPath" in file "/usr/lib/dotnet/sdk/8.0.119/NuGet.targets" from project "/home/runner/work/PFPT/PFPT/PhysicallyFitPT.Domain/PhysicallyFitPT.Domain.csproj" (target "_GetRestoreProjectStyle" depends on it):
   1:5>Task "GetRestoreProjectJsonPathTask" skipped, due to false condition; ( '$(RestoreProjectStyle)' == 'ProjectJson' OR '$(RestoreProjectStyle)' == '' ) was evaluated as ( 'PackageReference' == 'ProjectJson' OR 'PackageReference' == '' ).
   1:5>Done building target "_GetProjectJsonPath" in project "PhysicallyFitPT.Domain.csproj".
       Target "_CheckForUnsupportedTargetPlatformIdentifier" skipped, due to false condition; ('$(TargetPlatformIdentifier)' != '' and '$(TargetFrameworkIdentifier)' == '.NETCoreApp' and $([MSBuild]::VersionGreaterThanOrEquals($(TargetFrameworkVersion), 5.0)) And ('$(DesignTimeBuild)' != 'true' Or '@(MissingWorkloadPack)' == '')) was evaluated as ('' != '' and '.NETCoreApp' == '.NETCoreApp' and True And ('' != 'true' Or '' == '')).
       Target "_CheckForMissingWorkload" skipped, due to false condition; ('@(MissingWorkloadPack)' != '' And '$(DesignTimeBuild)' != 'true') was evaluated as ('' != '' And '' != 'true').
   1:5>Target "_CheckForUnsupportedNETCoreVersion" in file "/usr/lib/dotnet/sdk/8.0.119/Sdks/Microsoft.NET.Sdk/targets/Microsoft.NET.TargetFrameworkInference.targets" from project "/home/runner/work/PFPT/PFPT/PhysicallyFitPT.Domain/PhysicallyFitPT.Domain.csproj" (target "CollectPackageReferences" depends on it):
       Task "NETSdkError" skipped, due to false condition; ('$(_TargetFrameworkVersionWithoutV)' > '$(NETCoreAppMaximumVersion)' and '$(DisplayVSMessage)' != 'true') was evaluated as ('8.0' > '8.0' and '' != 'true').
       Task "NETSdkError" skipped, due to false condition; ('$(DisplayVSMessage)' == 'true') was evaluated as ('' == 'true').
   1:5>Done building target "_CheckForUnsupportedNETCoreVersion" in project "PhysicallyFitPT.Domain.csproj".
       Target "_CheckForEolTargetFrameworks" skipped, due to false condition; ('@(_EolNetCoreTargetFrameworkVersions->AnyHaveMetadataValue('Identity', '$(_TargetFrameworkVersionWithoutV)'))' and '$(TargetFrameworkIdentifier)' == '.NETCoreApp' and '$(CheckEolTargetFramework)' == 'true') was evaluated as ('false' and '.NETCoreApp' == '.NETCoreApp' and '' == 'true').
       Target "_CheckForEolWorkloads" skipped, due to false condition; ('@(EolWorkload)' != '' and '$(CheckEolWorkloads)' == 'true') was evaluated as ('' != '' and 'true' == 'true').
   1:5>Target "_CheckForUnsupportedCppNETCoreVersion" in file "/usr/lib/dotnet/sdk/8.0.119/Sdks/Microsoft.NET.Sdk/targets/Microsoft.NET.TargetFrameworkInference.targets" from project "/home/runner/work/PFPT/PFPT/PhysicallyFitPT.Domain/PhysicallyFitPT.Domain.csproj" (target "CollectPackageReferences" depends on it):
       Task "NETSdkError" skipped, due to false condition; ('$(TargetFrameworkIdentifier)' == '.NETCoreApp' and '$(_TargetFrameworkVersionWithoutV)' < '3.1' and ('$(Language)' == 'C++' and '$(_EnablePackageReferencesInVCProjects)' != 'true')) was evaluated as ('.NETCoreApp' == '.NETCoreApp' and '8.0' < '3.1' and ('C#' == 'C++' and '' != 'true')).
   1:5>Done building target "_CheckForUnsupportedCppNETCoreVersion" in project "PhysicallyFitPT.Domain.csproj".
       Target "_CheckForUnsupportedNETStandardVersion" skipped, due to false condition; ('$(TargetFrameworkIdentifier)' == '.NETStandard' And '$(NETStandardMaximumVersion)' != '') was evaluated as ('.NETCoreApp' == '.NETStandard' And '' != '').
       Target "_CheckForUnsupportedTargetFrameworkAndFeatureCombination" skipped, due to false condition; ('$(TargetFrameworkIdentifier)' == '.NETFramework') was evaluated as ('.NETCoreApp' == '.NETFramework').
   1:5>Target "UpdateAspNetToFrameworkReference" in file "/usr/lib/dotnet/sdk/8.0.119/Sdks/Microsoft.NET.Sdk/targets/Microsoft.NET.Sdk.DefaultItems.Shared.targets" from project "/home/runner/work/PFPT/PFPT/PhysicallyFitPT.Domain/PhysicallyFitPT.Domain.csproj" (target "ApplyImplicitVersions" depends on it):
       Using "CheckIfPackageReferenceShouldBeFrameworkReference" task from assembly "/usr/lib/dotnet/sdk/8.0.119/Sdks/Microsoft.NET.Sdk/targets/../tools/net8.0/Microsoft.NET.Build.Tasks.dll".
       Task "CheckIfPackageReferenceShouldBeFrameworkReference"
       Done executing task "CheckIfPackageReferenceShouldBeFrameworkReference".
       Task "NETSdkError" skipped, due to false condition; ('$(_ShouldRemoveAspNetCoreAll)' == 'true') was evaluated as ('False' == 'true').
       Task "CheckIfPackageReferenceShouldBeFrameworkReference"
       Done executing task "CheckIfPackageReferenceShouldBeFrameworkReference".
       Task "NETSdkWarning" skipped, due to false condition; ('$(_ShouldRemoveAspNetCoreApp)' == 'true') was evaluated as ('False' == 'true').
   1:5>Done building target "UpdateAspNetToFrameworkReference" in project "PhysicallyFitPT.Domain.csproj".
       Target "IncludeTargetingPackReference" skipped, due to false condition; ('$(TargetFrameworkMoniker)' != '' and '$(TargetFrameworkIdentifier)' == '.NETFramework' and '$(AutomaticallyUseReferenceAssemblyPackages)' == 'true') was evaluated as ('.NETCoreApp,Version=v8.0' != '' and '.NETCoreApp' == '.NETFramework' and 'true' == 'true').
   1:5>Target "CheckForImplicitPackageReferenceOverrides" in file "/usr/lib/dotnet/sdk/8.0.119/Sdks/Microsoft.NET.Sdk/targets/Microsoft.NET.Sdk.DefaultItems.Shared.targets" from project "/home/runner/work/PFPT/PFPT/PhysicallyFitPT.Domain/PhysicallyFitPT.Domain.csproj" (target "ApplyImplicitVersions" depends on it):
       Using "CheckForImplicitPackageReferenceOverrides" task from assembly "/usr/lib/dotnet/sdk/8.0.119/Sdks/Microsoft.NET.Sdk/targets/../tools/net8.0/Microsoft.NET.Build.Tasks.dll".
       Task "CheckForImplicitPackageReferenceOverrides"
       Done executing task "CheckForImplicitPackageReferenceOverrides".
   1:5>Done building target "CheckForImplicitPackageReferenceOverrides" in project "PhysicallyFitPT.Domain.csproj".
   1:5>Target "ApplyImplicitVersions" in file "/usr/lib/dotnet/sdk/8.0.119/Sdks/Microsoft.NET.Sdk/targets/Microsoft.NET.Sdk.DefaultItems.Shared.targets" from project "/home/runner/work/PFPT/PFPT/PhysicallyFitPT.Domain/PhysicallyFitPT.Domain.csproj" (target "CollectPackageReferences" depends on it):
       Using "ApplyImplicitVersions" task from assembly "/usr/lib/dotnet/sdk/8.0.119/Sdks/Microsoft.NET.Sdk/targets/../tools/net8.0/Microsoft.NET.Build.Tasks.dll".
       Task "ApplyImplicitVersions"
       Done executing task "ApplyImplicitVersions".
   1:5>Done building target "ApplyImplicitVersions" in project "PhysicallyFitPT.Domain.csproj".
       Target "CheckForImplicitPackageReferenceOverrides" skipped. Previously built successfully.
       Target "AddWindowsSdkKnownFrameworkReferences" skipped, due to false condition; ('$(TargetFrameworkIdentifier)' == '.NETCoreApp' And '$(TargetPlatformIdentifier)' == 'Windows') was evaluated as ('.NETCoreApp' == '.NETCoreApp' And '' == 'Windows').
       Target "_NormalizeTargetPlatformVersion" skipped, due to false condition; ('$(TargetPlatformVersion)' != '' and '$(TargetFrameworkIdentifier)' == '.NETCoreApp' and $([MSBuild]::VersionGreaterThanOrEquals($(TargetFrameworkVersion), 5.0)) and ('$(Language)' != 'C++' or '$(_EnablePackageReferencesInVCProjects)' == 'true')) was evaluated as ('' != '' and '.NETCoreApp' == '.NETCoreApp' and True and ('C#' != 'C++' or '' == 'true')).
   1:5>Target "_CheckForLanguageAndFeatureCombinationSupport" in file "/usr/lib/dotnet/sdk/8.0.119/Sdks/Microsoft.NET.Sdk/targets/Microsoft.NET.RuntimeIdentifierInference.targets" from project "/home/runner/work/PFPT/PFPT/PhysicallyFitPT.Domain/PhysicallyFitPT.Domain.csproj" (target "ProcessFrameworkReferences" depends on it):
       Task "NETSdkError" skipped, due to false condition; (('$(Language)' == 'C++' and '$(_EnablePackageReferencesInVCProjects)' != 'true') and $(OutputType) != 'library' and '$(TargetFrameworkIdentifier)' == '.NETCoreApp') was evaluated as (('C#' == 'C++' and '' != 'true') and Library != 'library' and '.NETCoreApp' == '.NETCoreApp').
       Task "NETSdkError" skipped, due to false condition; (('$(Language)' == 'C++' and '$(_EnablePackageReferencesInVCProjects)' != 'true') and $(EnableComHosting) == 'true') was evaluated as (('C#' == 'C++' and '' != 'true') and  == 'true').
       Task "NETSdkError" skipped, due to false condition; (('$(Language)' == 'C++' and '$(_EnablePackageReferencesInVCProjects)' != 'true') and $(SelfContained) == 'true') was evaluated as (('C#' == 'C++' and '' != 'true') and  == 'true').
   1:5>Done building target "_CheckForLanguageAndFeatureCombinationSupport" in project "PhysicallyFitPT.Domain.csproj".
   1:5>Target "_ComputeToolPackInputsToProcessFrameworkReferences" in file "/usr/lib/dotnet/sdk/8.0.119/Sdks/Microsoft.NET.Sdk/targets/Microsoft.NET.Publish.targets" from project "/home/runner/work/PFPT/PFPT/PhysicallyFitPT.Domain/PhysicallyFitPT.Domain.csproj" (target "ProcessFrameworkReferences" depends on it):
   1:5>Done building target "_ComputeToolPackInputsToProcessFrameworkReferences" in project "PhysicallyFitPT.Domain.csproj".
   1:5>Target "ProcessFrameworkReferences" in file "/usr/lib/dotnet/sdk/8.0.119/Sdks/Microsoft.NET.Sdk/targets/Microsoft.NET.Sdk.FrameworkReferenceResolution.targets" from project "/home/runner/work/PFPT/PFPT/PhysicallyFitPT.Domain/PhysicallyFitPT.Domain.csproj" (target "CollectPackageReferences" depends on it):
       Using "CheckForDuplicateFrameworkReferences" task from assembly "/usr/lib/dotnet/sdk/8.0.119/Sdks/Microsoft.NET.Sdk/targets/../tools/net8.0/Microsoft.NET.Build.Tasks.dll".
       Task "CheckForDuplicateFrameworkReferences"
       Done executing task "CheckForDuplicateFrameworkReferences".
       Using "ProcessFrameworkReferences" task from assembly "/usr/lib/dotnet/sdk/8.0.119/Sdks/Microsoft.NET.Sdk/targets/../tools/net8.0/Microsoft.NET.Build.Tasks.dll".
       Task "ProcessFrameworkReferences"
       Done executing task "ProcessFrameworkReferences".
       Using "ResolveAppHosts" task from assembly "/usr/lib/dotnet/sdk/8.0.119/Sdks/Microsoft.NET.Sdk/targets/../tools/net8.0/Microsoft.NET.Build.Tasks.dll".
       Task "ResolveAppHosts"
       Done executing task "ResolveAppHosts".
   1:5>Done building target "ProcessFrameworkReferences" in project "PhysicallyFitPT.Domain.csproj".
       Target "IncludeTargetingPackReference" skipped, due to false condition; ('$(TargetFrameworkMoniker)' != '' and '$(TargetFrameworkIdentifier)' == '.NETFramework' and '$(AutomaticallyUseReferenceAssemblyPackages)' == 'true') was evaluated as ('.NETCoreApp,Version=v8.0' != '' and '.NETCoreApp' == '.NETFramework' and 'true' == 'true').
   1:5>Target "_AddMicrosoftNetCompilerToolsetFrameworkPackage" in file "/usr/lib/dotnet/sdk/8.0.119/Sdks/Microsoft.NET.Sdk/targets/Microsoft.NET.Sdk.targets" from project "/home/runner/work/PFPT/PFPT/PhysicallyFitPT.Domain/PhysicallyFitPT.Domain.csproj" (target "CollectPackageReferences" depends on it):
       Task "NETSdkWarning" skipped, due to false condition; ('@(PackageReference->AnyHaveMetadataValue('Identity', 'Microsoft.Net.Compilers.Toolset.Framework'))' == 'true') was evaluated as ('false' == 'true').
   1:5>Done building target "_AddMicrosoftNetCompilerToolsetFrameworkPackage" in project "PhysicallyFitPT.Domain.csproj".
   1:5>Target "_CheckForObsoleteDotNetCliToolReferences" in file "/usr/lib/dotnet/sdk/8.0.119/Sdks/Microsoft.NET.Sdk/targets/Microsoft.NET.ObsoleteReferences.targets" from project "/home/runner/work/PFPT/PFPT/PhysicallyFitPT.Domain/PhysicallyFitPT.Domain.csproj" (target "CollectPackageReferences" depends on it):
       Task "NETSdkWarning" skipped, due to false condition; ( '%(_ReferenceToObsoleteDotNetCliTool.Identity)' != '' ) was evaluated as ( '' != '' ).
   1:5>Done building target "_CheckForObsoleteDotNetCliToolReferences" in project "PhysicallyFitPT.Domain.csproj".
   1:5>Target "CollectPackageReferences" in file "/usr/lib/dotnet/sdk/8.0.119/NuGet.targets" from project "/home/runner/work/PFPT/PFPT/PhysicallyFitPT.Domain/PhysicallyFitPT.Domain.csproj" (target "_GetRestoreProjectStyle" depends on it):
       Using "CheckForDuplicateNuGetItemsTask" task from assembly "/usr/lib/dotnet/sdk/8.0.119/NuGet.Build.Tasks.dll".
       Task "CheckForDuplicateNuGetItemsTask"
       Done executing task "CheckForDuplicateNuGetItemsTask".
   1:5>Done building target "CollectPackageReferences" in project "PhysicallyFitPT.Domain.csproj".
   1:5>Target "_GetRestoreProjectStyle" in file "/usr/lib/dotnet/sdk/8.0.119/NuGet.targets" from project "/home/runner/work/PFPT/PFPT/PhysicallyFitPT.Domain/PhysicallyFitPT.Domain.csproj" (target "_GenerateRestoreSpecs" depends on it):
       Using "GetRestoreProjectStyleTask" task from assembly "/usr/lib/dotnet/sdk/8.0.119/NuGet.Build.Tasks.dll".
       Task "GetRestoreProjectStyleTask"
         (in) HasPackageReferenceItems 'True'
         (in) MSBuildProjectDirectory '/home/runner/work/PFPT/PFPT/PhysicallyFitPT.Domain'
         (in) MSBuildProjectName 'PhysicallyFitPT.Domain'
         (in) ProjectJsonPath ''
         (in) RestoreProjectStyle 'PackageReference'
         (out) IsPackageReferenceCompatibleProjectStyle 'True'
         (out) ProjectStyle 'PackageReference'
       Done executing task "GetRestoreProjectStyleTask".
   1:5>Done building target "_GetRestoreProjectStyle" in project "PhysicallyFitPT.Domain.csproj".
   1:5>Target "_GenerateRestoreSpecs" in file "/usr/lib/dotnet/sdk/8.0.119/NuGet.targets" from project "/home/runner/work/PFPT/PFPT/PhysicallyFitPT.Domain/PhysicallyFitPT.Domain.csproj" (target "_GenerateRestoreGraphProjectEntry" depends on it):
       Task "Message"
         Restore entry point /home/runner/work/PFPT/PFPT/PhysicallyFitPT.Domain/PhysicallyFitPT.Domain.csproj
       Done executing task "Message".
   1:5>Done building target "_GenerateRestoreSpecs" in project "PhysicallyFitPT.Domain.csproj".
   1:5>Target "_GetRestoreSettingsOverrides" in file "/usr/lib/dotnet/sdk/8.0.119/NuGet.targets" from project "/home/runner/work/PFPT/PFPT/PhysicallyFitPT.Domain/PhysicallyFitPT.Domain.csproj" (target "_GetRestoreSettings" depends on it):
       Task "MSBuild" skipped, due to false condition; ( '$(RestorePackagesPath)' != '' ) was evaluated as ( '' != '' ).
       Task "MSBuild" skipped, due to false condition; ( '$(RestoreRepositoryPathOverride)' != '' ) was evaluated as ( '' != '' ).
       Task "MSBuild" skipped, due to false condition; ( '$(RestoreSources)' != '' ) was evaluated as ( '' != '' ).
       Task "MSBuild" skipped, due to false condition; ( '$(RestoreFallbackFolders)' != '' ) was evaluated as ( '' != '' ).
   1:5>Done building target "_GetRestoreSettingsOverrides" in project "PhysicallyFitPT.Domain.csproj".
   1:5>Target "_GetRestoreSettingsPerFramework" in file "/usr/lib/dotnet/sdk/8.0.119/NuGet.targets" from project "/home/runner/work/PFPT/PFPT/PhysicallyFitPT.Domain/PhysicallyFitPT.Domain.csproj" (target "_GetRestoreSettingsCurrentProject" depends on it):
   1:5>Done building target "_GetRestoreSettingsPerFramework" in project "PhysicallyFitPT.Domain.csproj".
   1:5>Target "_GetRestoreSettingsCurrentProject" in file "/usr/lib/dotnet/sdk/8.0.119/NuGet.targets" from project "/home/runner/work/PFPT/PFPT/PhysicallyFitPT.Domain/PhysicallyFitPT.Domain.csproj" (target "_GetRestoreSettings" depends on it):
   1:5>Done building target "_GetRestoreSettingsCurrentProject" in project "PhysicallyFitPT.Domain.csproj".
       Target "_GetRestoreSettingsAllFrameworks" skipped, due to false condition; ( '$(TargetFrameworks)' != '' AND '$(PackageReferenceCompatibleProjectStyle)' == 'true' ) was evaluated as ( '' != '' AND 'True' == 'true' ).
   1:5>Target "_GetRestoreSettings" in file "/usr/lib/dotnet/sdk/8.0.119/NuGet.targets" from project "/home/runner/work/PFPT/PFPT/PhysicallyFitPT.Domain/PhysicallyFitPT.Domain.csproj" (target "_GenerateDotnetCliToolReferenceSpecs" depends on it):
       Using "GetRestoreSettingsTask" task from assembly "/usr/lib/dotnet/sdk/8.0.119/NuGet.Build.Tasks.dll".
       Task "GetRestoreSettingsTask"
         (in) ProjectUniqueName '/home/runner/work/PFPT/PFPT/PhysicallyFitPT.Domain/PhysicallyFitPT.Domain.csproj'
         (in) RestoreSources ''
         (in) RestorePackagesPath ''
         (in) RestoreRepositoryPath ''
         (in) RestoreFallbackFolders ''
         (in) RestoreConfigFile ''
         (in) RestoreSolutionDirectory ''
         (in) RestoreRootConfigDirectory ''
         (in) RestorePackagesPathOverride ''
         (in) RestoreSourcesOverride ''
         (in) RestoreFallbackFoldersOverride ''
         (in) RestoreProjectStyle 'PackageReference'
         (in) MSBuildStartupDirectory '/home/runner/work/PFPT/PFPT'
         Assembly loaded during TaskRun (NuGet.Build.Tasks.GetRestoreSettingsTask): NuGet.Configuration, Version=6.8.1.32767, Culture=neutral, PublicKeyToken=31bf3856ad364e35 (location: /usr/lib/dotnet/sdk/8.0.119/NuGet.Configuration.dll, MVID: 12561ee4-8397-4805-99ab-5d25634e5312, AppDomain: [Default])
         Assembly loaded during TaskRun (NuGet.Build.Tasks.GetRestoreSettingsTask): System.Xml.XDocument, Version=8.0.0.0, Culture=neutral, PublicKeyToken=b03f5f7f11d50a3a (location: /usr/lib/dotnet/shared/Microsoft.NETCore.App/8.0.19/System.Xml.XDocument.dll, MVID: 59e636c7-fffc-42c7-9389-489449824894, AppDomain: [Default])
         Assembly loaded during TaskRun (NuGet.Build.Tasks.GetRestoreSettingsTask): System.Private.Xml.Linq, Version=8.0.0.0, Culture=neutral, PublicKeyToken=cc7b13ffcd2ddd51 (location: /usr/lib/dotnet/shared/Microsoft.NETCore.App/8.0.19/System.Private.Xml.Linq.dll, MVID: 9436854b-5fb9-4703-a25f-80be1165fb54, AppDomain: [Default])
         (out) OutputPackagesPath '/home/runner/.nuget/packages/'
         (out) OutputRepositoryPath ''
         (out) OutputSources 'https://api.nuget.org/v3/index.json'
         (out) OutputFallbackFolders ''
         (out) OutputConfigFilePaths '/home/runner/.nuget/NuGet/NuGet.Config'
       Done executing task "GetRestoreSettingsTask".
   1:5>Done building target "_GetRestoreSettings" in project "PhysicallyFitPT.Domain.csproj".
   1:5>Target "_GenerateDotnetCliToolReferenceSpecs" in file "/usr/lib/dotnet/sdk/8.0.119/NuGet.targets" from project "/home/runner/work/PFPT/PFPT/PhysicallyFitPT.Domain/PhysicallyFitPT.Domain.csproj" (target "_GenerateRestoreGraphProjectEntry" depends on it):
       Using "GetRestoreDotnetCliToolsTask" task from assembly "/usr/lib/dotnet/sdk/8.0.119/NuGet.Build.Tasks.dll".
       Task "GetRestoreDotnetCliToolsTask"
         (in) ProjectPath '/home/runner/work/PFPT/PFPT/PhysicallyFitPT.Domain/PhysicallyFitPT.Domain.csproj'
         (in) DotnetCliToolReferences ''
         (in) RestoreSources 'https://api.nuget.org/v3/index.json'
         (in) RestorePackagesPath '/home/runner/.nuget/packages/'
         (in) RestoreConfigFilePaths '/home/runner/.nuget/NuGet/NuGet.Config'
       Done executing task "GetRestoreDotnetCliToolsTask".
   1:5>Done building target "_GenerateDotnetCliToolReferenceSpecs" in project "PhysicallyFitPT.Domain.csproj".
   1:5>Target "_GenerateRestoreGraphProjectEntry" in file "/usr/lib/dotnet/sdk/8.0.119/NuGet.targets" from project "/home/runner/work/PFPT/PFPT/PhysicallyFitPT.Domain/PhysicallyFitPT.Domain.csproj" (entry point):
   1:5>Done building target "_GenerateRestoreGraphProjectEntry" in project "PhysicallyFitPT.Domain.csproj".
   1:5>Done Building Project "/home/runner/work/PFPT/PFPT/PhysicallyFitPT.Domain/PhysicallyFitPT.Domain.csproj" (_GenerateRestoreGraphProjectEntry target(s)).
     1>Done executing task "MSBuild".
       Task "MSBuild"
         Global Properties:
           ExcludeRestorePackageImports=true
     1>Project "/home/runner/work/PFPT/PFPT/PhysicallyFitPT.Domain/PhysicallyFitPT.Domain.csproj" (1) is building "/home/runner/work/PFPT/PFPT/PhysicallyFitPT.Domain/PhysicallyFitPT.Domain.csproj" (1:6) on node 1 (_GenerateProjectRestoreGraph target(s)).
   1:6>Target "_GetRestoreProjectStyle" skipped. Previously built successfully.
       Target "_GetRestoreProjectStyle" skipped. Previously built successfully.
       Target "_GetRestoreProjectStyle" skipped. Previously built successfully.
   1:6>Target "_GetRestoreTargetFrameworkOverride" in file "/usr/lib/dotnet/sdk/8.0.119/NuGet.targets" from project "/home/runner/work/PFPT/PFPT/PhysicallyFitPT.Domain/PhysicallyFitPT.Domain.csproj" (target "_GetRestoreTargetFrameworksOutput" depends on it):
       Task "GetGlobalPropertyValueTask" skipped, due to false condition; ( '$(TargetFrameworks)' != '' ) was evaluated as ( '' != '' ).
   1:6>Done building target "_GetRestoreTargetFrameworkOverride" in project "PhysicallyFitPT.Domain.csproj".
   1:6>Target "_GetRestoreTargetFrameworksOutput" in file "/usr/lib/dotnet/sdk/8.0.119/NuGet.targets" from project "/home/runner/work/PFPT/PFPT/PhysicallyFitPT.Domain/PhysicallyFitPT.Domain.csproj" (target "_GenerateRestoreProjectSpec" depends on it):
       Using "GetProjectTargetFrameworksTask" task from assembly "/usr/lib/dotnet/sdk/8.0.119/NuGet.Build.Tasks.dll".
       Task "GetProjectTargetFrameworksTask"
         (in) ProjectPath '/home/runner/work/PFPT/PFPT/PhysicallyFitPT.Domain/PhysicallyFitPT.Domain.csproj'
         (in) TargetFrameworkMoniker '.NETCoreApp,Version=v8.0'
         (in) TargetPlatformIdentifier ''
         (in) TargetPlatformVersion ''
         (in) TargetPlatformMinVersion ''
         (in) TargetFrameworks ''
         (in) TargetFramework 'net8.0'
         (out) ProjectTargetFrameworks 'net8.0'
       Done executing task "GetProjectTargetFrameworksTask".
   1:6>Done building target "_GetRestoreTargetFrameworksOutput" in project "PhysicallyFitPT.Domain.csproj".
       Target "_GetRestoreSettings" skipped. Previously built successfully.
   1:6>Target "_GenerateRestoreProjectSpec" in file "/usr/lib/dotnet/sdk/8.0.119/NuGet.targets" from project "/home/runner/work/PFPT/PFPT/PhysicallyFitPT.Domain/PhysicallyFitPT.Domain.csproj" (target "_GenerateProjectRestoreGraph" depends on it):
       Task "ConvertToAbsolutePath"
       Done executing task "ConvertToAbsolutePath".
   1:6>Done building target "_GenerateRestoreProjectSpec" in project "PhysicallyFitPT.Domain.csproj".
       Target "_GenerateProjectRestoreGraphAllFrameworks" skipped, due to false condition; ( '$(TargetFrameworks)' != '' ) was evaluated as ( '' != '' ).
       Target "_GetRestoreProjectStyle" skipped. Previously built successfully.
       Target "CollectPackageReferences" skipped. Previously built successfully.
   1:6>Target "CollectPackageDownloads" in file "/usr/lib/dotnet/sdk/8.0.119/NuGet.targets" from project "/home/runner/work/PFPT/PFPT/PhysicallyFitPT.Domain/PhysicallyFitPT.Domain.csproj" (target "_GenerateProjectRestoreGraphPerFramework" depends on it):
       Task "CheckForDuplicateNuGetItemsTask"
       Done executing task "CheckForDuplicateNuGetItemsTask".
   1:6>Done building target "CollectPackageDownloads" in project "PhysicallyFitPT.Domain.csproj".
   1:6>Target "CollectFrameworkReferences" in file "/usr/lib/dotnet/sdk/8.0.119/NuGet.targets" from project "/home/runner/work/PFPT/PFPT/PhysicallyFitPT.Domain/PhysicallyFitPT.Domain.csproj" (target "_GenerateProjectRestoreGraphPerFramework" depends on it):
   1:6>Done building target "CollectFrameworkReferences" in project "PhysicallyFitPT.Domain.csproj".
   1:6>Target "CollectCentralPackageVersions" in file "/usr/lib/dotnet/sdk/8.0.119/NuGet.targets" from project "/home/runner/work/PFPT/PFPT/PhysicallyFitPT.Domain/PhysicallyFitPT.Domain.csproj" (target "_GenerateProjectRestoreGraphPerFramework" depends on it):
       Task "CheckForDuplicateNuGetItemsTask"
       Done executing task "CheckForDuplicateNuGetItemsTask".
   1:6>Done building target "CollectCentralPackageVersions" in project "PhysicallyFitPT.Domain.csproj".
       Target "PrepRestoreForStoreProjects" skipped, due to false condition; ('$(StorePackageName)' != '') was evaluated as ('' != '').
   1:6>Target "_GenerateProjectRestoreGraphPerFramework" in file "/usr/lib/dotnet/sdk/8.0.119/NuGet.targets" from project "/home/runner/work/PFPT/PFPT/PhysicallyFitPT.Domain/PhysicallyFitPT.Domain.csproj" (target "_GenerateProjectRestoreGraphCurrentProject" depends on it):
       Using "GetRestoreProjectReferencesTask" task from assembly "/usr/lib/dotnet/sdk/8.0.119/NuGet.Build.Tasks.dll".
       Task "GetRestoreProjectReferencesTask"
         (in) ProjectUniqueName '/home/runner/work/PFPT/PFPT/PhysicallyFitPT.Domain/PhysicallyFitPT.Domain.csproj'
         (in) TargetFrameworks 'net8.0'
         (in) ProjectReferences ''
         (in) ParentProjectPath '/home/runner/work/PFPT/PFPT/PhysicallyFitPT.Domain/PhysicallyFitPT.Domain.csproj'
       Done executing task "GetRestoreProjectReferencesTask".
       Using "GetRestorePackageReferencesTask" task from assembly "/usr/lib/dotnet/sdk/8.0.119/NuGet.Build.Tasks.dll".
       Task "GetRestorePackageReferencesTask"
         (in) ProjectUniqueName '/home/runner/work/PFPT/PFPT/PhysicallyFitPT.Domain/PhysicallyFitPT.Domain.csproj'
         (in) TargetFrameworks 'net8.0'
         (in) PackageReferences 'StyleCop.Analyzers;Roslynator.Analyzers;Microsoft.SourceLink.GitHub'
       Done executing task "GetRestorePackageReferencesTask".
       Using "GetCentralPackageVersionsTask" task from assembly "/usr/lib/dotnet/sdk/8.0.119/NuGet.Build.Tasks.dll".
       Task "GetCentralPackageVersionsTask"
         (in) ProjectUniqueName '/home/runner/work/PFPT/PFPT/PhysicallyFitPT.Domain/PhysicallyFitPT.Domain.csproj'
         (in) TargetFrameworks 'net8.0'
         (in) CentralPackageVersions 'Microsoft.Extensions.Http;Microsoft.Extensions.Logging.Debug;Microsoft.Extensions.DependencyInjection;Microsoft.EntityFrameworkCore;Microsoft.EntityFrameworkCore.Design;Microsoft.EntityFrameworkCore.Sqlite;Microsoft.EntityFrameworkCore.InMemory;Microsoft.Extensions.Logging.Abstractions;Microsoft.Extensions.Logging;Microsoft.Extensions.Options;Microsoft.Extensions.Primitives;Microsoft.Extensions.Configuration;Microsoft.Extensions.Configuration.Abstractions;Microsoft.Extensions.Configuration.Binder;Microsoft.Extensions.Configuration.FileExtensions;Microsoft.Extensions.Configuration.Json;Microsoft.Maui.Controls;Microsoft.Maui.Essentials;Microsoft.Maui.Controls.Compatibility;Microsoft.NET.Test.Sdk;xunit;xunit.runner.visualstudio;FluentAssertions;coverlet.collector;StyleCop.Analyzers;Roslynator.Analyzers;Microsoft.SourceLink.GitHub;QuestPDF;SkiaSharp;SQLitePCLRaw.bundle_e_sqlite3;SQLitePCLRaw.core;Microsoft.AspNetCore.Components.WebView.Maui;SkiaSharp.Views.Maui.Controls;Microsoft.AspNetCore.Components.WebAssembly;Microsoft.AspNetCore.Components.WebAssembly.DevServer'
       Done executing task "GetCentralPackageVersionsTask".
       Using "GetRestorePackageDownloadsTask" task from assembly "/usr/lib/dotnet/sdk/8.0.119/NuGet.Build.Tasks.dll".
       Task "GetRestorePackageDownloadsTask"
         (in) ProjectUniqueName '/home/runner/work/PFPT/PFPT/PhysicallyFitPT.Domain/PhysicallyFitPT.Domain.csproj'
         (in) TargetFrameworks 'net8.0'
         (in) PackageDownloads ''
       Done executing task "GetRestorePackageDownloadsTask".
       Using "GetRestoreFrameworkReferencesTask" task from assembly "/usr/lib/dotnet/sdk/8.0.119/NuGet.Build.Tasks.dll".
       Task "GetRestoreFrameworkReferencesTask"
         (in) ProjectUniqueName '/home/runner/work/PFPT/PFPT/PhysicallyFitPT.Domain/PhysicallyFitPT.Domain.csproj'
         (in) TargetFrameworks 'net8.0'
         (in) FrameworkReferences 'Microsoft.NETCore.App'
       Done executing task "GetRestoreFrameworkReferencesTask".
   1:6>Done building target "_GenerateProjectRestoreGraphPerFramework" in project "PhysicallyFitPT.Domain.csproj".
   1:6>Target "_GenerateProjectRestoreGraphCurrentProject" in file "/usr/lib/dotnet/sdk/8.0.119/NuGet.targets" from project "/home/runner/work/PFPT/PFPT/PhysicallyFitPT.Domain/PhysicallyFitPT.Domain.csproj" (target "_GenerateRestoreDependencies" depends on it):
   1:6>Done building target "_GenerateProjectRestoreGraphCurrentProject" in project "PhysicallyFitPT.Domain.csproj".
   1:6>Target "_GenerateRestoreDependencies" in file "/usr/lib/dotnet/sdk/8.0.119/NuGet.targets" from project "/home/runner/work/PFPT/PFPT/PhysicallyFitPT.Domain/PhysicallyFitPT.Domain.csproj" (target "_GenerateProjectRestoreGraph" depends on it):
   1:6>Done building target "_GenerateRestoreDependencies" in project "PhysicallyFitPT.Domain.csproj".
   1:6>Target "_GenerateProjectRestoreGraph" in file "/usr/lib/dotnet/sdk/8.0.119/NuGet.targets" from project "/home/runner/work/PFPT/PFPT/PhysicallyFitPT.Domain/PhysicallyFitPT.Domain.csproj" (entry point):
   1:6>Done building target "_GenerateProjectRestoreGraph" in project "PhysicallyFitPT.Domain.csproj".
   1:6>Done Building Project "/home/runner/work/PFPT/PFPT/PhysicallyFitPT.Domain/PhysicallyFitPT.Domain.csproj" (_GenerateProjectRestoreGraph target(s)).
     1>Done executing task "MSBuild".
     1>Done building target "_GenerateRestoreGraph" in project "PhysicallyFitPT.Domain.csproj".
       Target "_CheckForUnsupportedTargetFramework" skipped, due to false condition; ('$(_UnsupportedTargetFrameworkError)' == 'true') was evaluated as ('' == 'true').
     1>Target "_CollectTargetFrameworkForTelemetry" in file "/usr/lib/dotnet/sdk/8.0.119/Sdks/Microsoft.NET.Sdk/targets/Microsoft.NET.TargetFrameworkInference.targets" from project "/home/runner/work/PFPT/PFPT/PhysicallyFitPT.Domain/PhysicallyFitPT.Domain.csproj" (target "Restore" depends on it):
       Using "AllowEmptyTelemetry" task from assembly "/usr/lib/dotnet/sdk/8.0.119/Sdks/Microsoft.NET.Sdk/targets/../tools/net8.0/Microsoft.NET.Build.Tasks.dll".
       Task "AllowEmptyTelemetry"
       Done executing task "AllowEmptyTelemetry".
     1>Done building target "_CollectTargetFrameworkForTelemetry" in project "PhysicallyFitPT.Domain.csproj".
     1>Target "_CheckForUnsupportedNETCoreVersion" in file "/usr/lib/dotnet/sdk/8.0.119/Sdks/Microsoft.NET.Sdk/targets/Microsoft.NET.TargetFrameworkInference.targets" from project "/home/runner/work/PFPT/PFPT/PhysicallyFitPT.Domain/PhysicallyFitPT.Domain.csproj" (target "Restore" depends on it):
       Task "NETSdkError" skipped, due to false condition; ('$(_TargetFrameworkVersionWithoutV)' > '$(NETCoreAppMaximumVersion)' and '$(DisplayVSMessage)' != 'true') was evaluated as ('8.0' > '8.0' and '' != 'true').
       Task "NETSdkError" skipped, due to false condition; ('$(DisplayVSMessage)' == 'true') was evaluated as ('' == 'true').
     1>Done building target "_CheckForUnsupportedNETCoreVersion" in project "PhysicallyFitPT.Domain.csproj".
       Target "_CheckForEolTargetFrameworks" skipped, due to false condition; ('@(_EolNetCoreTargetFrameworkVersions->AnyHaveMetadataValue('Identity', '$(_TargetFrameworkVersionWithoutV)'))' and '$(TargetFrameworkIdentifier)' == '.NETCoreApp' and '$(CheckEolTargetFramework)' == 'true') was evaluated as ('false' and '.NETCoreApp' == '.NETCoreApp' and '' == 'true').
       Target "_CheckForEolWorkloads" skipped, due to false condition; ('@(EolWorkload)' != '' and '$(CheckEolWorkloads)' == 'true') was evaluated as ('' != '' and 'true' == 'true').
     1>Target "_CheckForUnsupportedCppNETCoreVersion" in file "/usr/lib/dotnet/sdk/8.0.119/Sdks/Microsoft.NET.Sdk/targets/Microsoft.NET.TargetFrameworkInference.targets" from project "/home/runner/work/PFPT/PFPT/PhysicallyFitPT.Domain/PhysicallyFitPT.Domain.csproj" (target "Restore" depends on it):
       Task "NETSdkError" skipped, due to false condition; ('$(TargetFrameworkIdentifier)' == '.NETCoreApp' and '$(_TargetFrameworkVersionWithoutV)' < '3.1' and ('$(Language)' == 'C++' and '$(_EnablePackageReferencesInVCProjects)' != 'true')) was evaluated as ('.NETCoreApp' == '.NETCoreApp' and '8.0' < '3.1' and ('C#' == 'C++' and '' != 'true')).
     1>Done building target "_CheckForUnsupportedCppNETCoreVersion" in project "PhysicallyFitPT.Domain.csproj".
       Target "_CheckForUnsupportedNETStandardVersion" skipped, due to false condition; ('$(TargetFrameworkIdentifier)' == '.NETStandard' And '$(NETStandardMaximumVersion)' != '') was evaluated as ('.NETCoreApp' == '.NETStandard' And '' != '').
       Target "_CheckForUnsupportedTargetFrameworkAndFeatureCombination" skipped, due to false condition; ('$(TargetFrameworkIdentifier)' == '.NETFramework') was evaluated as ('.NETCoreApp' == '.NETFramework').
     1>Target "Restore" in file "/usr/lib/dotnet/sdk/8.0.119/NuGet.targets" from project "/home/runner/work/PFPT/PFPT/PhysicallyFitPT.Domain/PhysicallyFitPT.Domain.csproj" (entry point):
       Task "RemoveDuplicates"
       Done executing task "RemoveDuplicates".
       Using "RestoreTask" task from assembly "/usr/lib/dotnet/sdk/8.0.119/NuGet.Build.Tasks.dll".
       Task "RestoreTask"
         (in) RestoreGraphItems Count '42'
         (in) RestoreDisableParallel 'False'
         (in) RestoreNoCache 'False'
         (in) RestoreIgnoreFailedSources 'False'
         (in) RestoreRecursive 'True'
         (in) RestoreForce 'False'
         (in) HideWarningsAndErrors 'False'
         (in) RestoreForceEvaluate 'False'
         (in) RestorePackagesConfig 'False'
         Assembly loaded during TaskRun (NuGet.Build.Tasks.RestoreTask): NuGet.Packaging, Version=6.8.1.32767, Culture=neutral, PublicKeyToken=31bf3856ad364e35 (location: /usr/lib/dotnet/sdk/8.0.119/NuGet.Packaging.dll, MVID: ec83573a-e397-4621-8565-1af74d6a8117, AppDomain: [Default])
         Assembly loaded during TaskRun (NuGet.Build.Tasks.RestoreTask): NuGet.LibraryModel, Version=6.8.1.32767, Culture=neutral, PublicKeyToken=31bf3856ad364e35 (location: /usr/lib/dotnet/sdk/8.0.119/NuGet.LibraryModel.dll, MVID: ed12066b-953b-42ec-a7bf-2820ad76f907, AppDomain: [Default])
         Assembly loaded during TaskRun (NuGet.Build.Tasks.RestoreTask): NuGet.Versioning, Version=6.8.1.32767, Culture=neutral, PublicKeyToken=31bf3856ad364e35 (location: /usr/lib/dotnet/sdk/8.0.119/NuGet.Versioning.dll, MVID: e909c142-a4ab-497f-989f-0c054ed52b87, AppDomain: [Default])
         Assembly loaded during TaskRun (NuGet.Build.Tasks.RestoreTask): NuGet.Frameworks, Version=6.8.1.32767, Culture=neutral, PublicKeyToken=31bf3856ad364e35 (location: /usr/lib/dotnet/sdk/8.0.119/NuGet.Frameworks.dll, MVID: ad7d3546-8a6d-419c-be30-c2cf3db9cb69, AppDomain: [Default])
         Assembly loaded during TaskRun (NuGet.Build.Tasks.RestoreTask): NuGet.Protocol, Version=6.8.1.32767, Culture=neutral, PublicKeyToken=31bf3856ad364e35 (location: /usr/lib/dotnet/sdk/8.0.119/NuGet.Protocol.dll, MVID: 725262c9-81e9-4cf8-9454-fb3fd295f83a, AppDomain: [Default])
         Assembly loaded during TaskRun (NuGet.Build.Tasks.RestoreTask): NuGet.Credentials, Version=6.8.1.32767, Culture=neutral, PublicKeyToken=31bf3856ad364e35 (location: /usr/lib/dotnet/sdk/8.0.119/NuGet.Credentials.dll, MVID: f33a941e-4ebe-4217-b7aa-586acb1321ec, AppDomain: [Default])
         Assembly loaded during TaskRun (NuGet.Build.Tasks.RestoreTask): System.Formats.Asn1, Version=8.0.0.0, Culture=neutral, PublicKeyToken=cc7b13ffcd2ddd51 (location: /usr/lib/dotnet/shared/Microsoft.NETCore.App/8.0.19/System.Formats.Asn1.dll, MVID: 8bafe69e-66c9-4229-b8ce-87d6827d9a98, AppDomain: [Default])
         Assembly loaded during TaskRun (NuGet.Build.Tasks.RestoreTask): System.Runtime.Numerics, Version=8.0.0.0, Culture=neutral, PublicKeyToken=b03f5f7f11d50a3a (location: /usr/lib/dotnet/shared/Microsoft.NETCore.App/8.0.19/System.Runtime.Numerics.dll, MVID: 0aab1eb3-b0b2-4327-909b-20ba9ec08877, AppDomain: [Default])
         X.509 certificate chain validation will use the fallback certificate bundle at '/usr/lib/dotnet/sdk/8.0.119/trustedroots/codesignctl.pem'.
         X.509 certificate chain validation will use the fallback certificate bundle at '/usr/lib/dotnet/sdk/8.0.119/trustedroots/timestampctl.pem'.
         Assembly loaded during TaskRun (NuGet.Build.Tasks.RestoreTask): NuGet.DependencyResolver.Core, Version=6.8.1.32767, Culture=neutral, PublicKeyToken=31bf3856ad364e35 (location: /usr/lib/dotnet/sdk/8.0.119/NuGet.DependencyResolver.Core.dll, MVID: ff83ed6d-ab79-498d-a226-db1d9c2a7c02, AppDomain: [Default])
         Assembly loaded during TaskRun (NuGet.Build.Tasks.RestoreTask): System.Net.Primitives, Version=8.0.0.0, Culture=neutral, PublicKeyToken=b03f5f7f11d50a3a (location: /usr/lib/dotnet/shared/Microsoft.NETCore.App/8.0.19/System.Net.Primitives.dll, MVID: abdefa37-43af-48b9-ab29-7b35cb503074, AppDomain: [Default])
         Running restore with 4 concurrent jobs.
         Reading project file /home/runner/work/PFPT/PFPT/PhysicallyFitPT.Domain/PhysicallyFitPT.Domain.csproj.
         Assembly loaded during TaskRun (NuGet.Build.Tasks.RestoreTask): Newtonsoft.Json, Version=13.0.0.0, Culture=neutral, PublicKeyToken=30ad4fe6b2a6aeed (location: /usr/lib/dotnet/sdk/8.0.119/Newtonsoft.Json.dll, MVID: 1e1388f1-e0c0-48ea-8b21-97d5e0f89964, AppDomain: [Default])
         Assembly loaded during TaskRun (NuGet.Build.Tasks.RestoreTask): System.Runtime.Serialization.Primitives, Version=8.0.0.0, Culture=neutral, PublicKeyToken=b03f5f7f11d50a3a (location: /usr/lib/dotnet/shared/Microsoft.NETCore.App/8.0.19/System.Runtime.Serialization.Primitives.dll, MVID: 719defe8-59f9-4984-82a1-4f0f63de3477, AppDomain: [Default])
         Assembly loaded during TaskRun (NuGet.Build.Tasks.RestoreTask): System.Linq.Expressions, Version=8.0.0.0, Culture=neutral, PublicKeyToken=b03f5f7f11d50a3a (location: /usr/lib/dotnet/shared/Microsoft.NETCore.App/8.0.19/System.Linq.Expressions.dll, MVID: e98919d6-5ff1-4160-bbc9-e38ccc334796, AppDomain: [Default])
         Assembly loaded during TaskRun (NuGet.Build.Tasks.RestoreTask): System.ComponentModel.TypeConverter, Version=8.0.0.0, Culture=neutral, PublicKeyToken=b03f5f7f11d50a3a (location: /usr/lib/dotnet/shared/Microsoft.NETCore.App/8.0.19/System.ComponentModel.TypeConverter.dll, MVID: afd28b67-0dbe-47c8-b4c5-c6d07ccd68da, AppDomain: [Default])
         Assembly loaded during TaskRun (NuGet.Build.Tasks.RestoreTask): System.ObjectModel, Version=8.0.0.0, Culture=neutral, PublicKeyToken=b03f5f7f11d50a3a (location: /usr/lib/dotnet/shared/Microsoft.NETCore.App/8.0.19/System.ObjectModel.dll, MVID: c33697aa-0d29-4007-9cf5-016518260fb1, AppDomain: [Default])
         The restore inputs for 'PhysicallyFitPT.Domain' have not changed. No further actions are required to complete the restore.
         Committing restore...
         Assets file has not changed. Skipping assets file writing. Path: /home/runner/work/PFPT/PFPT/PhysicallyFitPT.Domain/obj/project.assets.json
         No-Op restore. The cache will not be updated. Path: /home/runner/work/PFPT/PFPT/PhysicallyFitPT.Domain/obj/project.nuget.cache
         Restored /home/runner/work/PFPT/PFPT/PhysicallyFitPT.Domain/PhysicallyFitPT.Domain.csproj (in 36 ms).
         
         NuGet Config files used:
             /home/runner/.nuget/NuGet/NuGet.Config
         
         Feeds used:
             https://api.nuget.org/v3/index.json
         All projects are up-to-date for restore.
       Done executing task "RestoreTask".
     1>Done building target "Restore" in project "PhysicallyFitPT.Domain.csproj".
     1>Done Building Project "/home/runner/work/PFPT/PFPT/PhysicallyFitPT.Domain/PhysicallyFitPT.Domain.csproj" (Restore target(s)).
     0>Resolving SDK 'Microsoft.NET.Sdk'...
       Property reassignment: $(ImportDirectoryBuildProps)="false" (previous value: "true") at /usr/lib/dotnet/sdk/8.0.119/Sdks/Microsoft.NET.Sdk/Sdk/Sdk.props (57,5)
       Property 'MSBuildExtensionsPath' with value '/usr/lib/dotnet/sdk/8.0.119/' expanded from the environment.
       Property reassignment: $(MSBuildProjectExtensionsPath)="/home/runner/work/PFPT/PFPT/PhysicallyFitPT.Domain/obj/" (previous value: "obj\") at /usr/lib/dotnet/sdk/8.0.119/Current/Microsoft.Common.props (60,5)
       Property reassignment: $(AssemblySearchPaths)="{CandidateAssemblyFiles};{HintPathFromItem}" (previous value: "{CandidateAssemblyFiles}") at /usr/lib/dotnet/sdk/8.0.119/Sdks/Microsoft.NET.Sdk/targets/Microsoft.NET.Sdk.props (91,5)
       Property reassignment: $(AssemblySearchPaths)="{CandidateAssemblyFiles};{HintPathFromItem};{TargetFrameworkDirectory}" (previous value: "{CandidateAssemblyFiles};{HintPathFromItem}") at /usr/lib/dotnet/sdk/8.0.119/Sdks/Microsoft.NET.Sdk/targets/Microsoft.NET.Sdk.props (92,5)
       Property reassignment: $(AssemblySearchPaths)="{CandidateAssemblyFiles};{HintPathFromItem};{TargetFrameworkDirectory};{RawFileName}" (previous value: "{CandidateAssemblyFiles};{HintPathFromItem};{TargetFrameworkDirectory}") at /usr/lib/dotnet/sdk/8.0.119/Sdks/Microsoft.NET.Sdk/targets/Microsoft.NET.Sdk.props (93,5)
       Resolving SDK 'Microsoft.NET.SDK.WorkloadAutoImportPropsLocator'...
       Property reassignment: $(TargetsForTfmSpecificContentInPackage)=";PackTool;_PackProjectToolValidation" (previous value: ";PackTool") at /usr/lib/dotnet/sdk/8.0.119/Sdks/Microsoft.NET.Sdk/targets/Microsoft.NET.PackProjectTool.props (15,5)
       Property reassignment: $(PublishProfileImported)="false" (previous value: "true") at /usr/lib/dotnet/sdk/8.0.119/Sdks/Microsoft.NET.Sdk/targets/Microsoft.NET.Sdk.ImportPublishProfile.targets (28,5)
       Property reassignment: $(TargetPlatformVersion)="" (previous value: "0.0") at /usr/lib/dotnet/sdk/8.0.119/Sdks/Microsoft.NET.Sdk/targets/Microsoft.NET.TargetFrameworkInference.targets (69,5)
       Property reassignment: $(DefaultItemExcludes)=";bin\Debug//**;obj\Debug//**" (previous value: ";bin\Debug//**") at /usr/lib/dotnet/sdk/8.0.119/Sdks/Microsoft.NET.Sdk/targets/Microsoft.NET.DefaultOutputPaths.targets (122,5)
       Property reassignment: $(OutputPath)="bin\Debug/net8.0/" (previous value: "bin\Debug/") at /usr/lib/dotnet/sdk/8.0.119/Sdks/Microsoft.NET.Sdk/targets/Microsoft.NET.DefaultOutputPaths.targets (137,5)
       Property reassignment: $(IntermediateOutputPath)="obj\Debug/net8.0/" (previous value: "obj\Debug/") at /usr/lib/dotnet/sdk/8.0.119/Sdks/Microsoft.NET.Sdk/targets/Microsoft.NET.DefaultOutputPaths.targets (142,5)
       Resolving SDK 'Microsoft.NET.SDK.WorkloadManifestTargetsLocator'...
       Property reassignment: $(_FrameworkIdentifierForImplicitDefine)="NET" (previous value: "NETCOREAPP") at /usr/lib/dotnet/sdk/8.0.119/Sdks/Microsoft.NET.Sdk/targets/Microsoft.NET.Sdk.BeforeCommon.targets (187,5)
       Property reassignment: $(_FrameworkVersionForImplicitDefine)="8_0" (previous value: "8.0") at /usr/lib/dotnet/sdk/8.0.119/Sdks/Microsoft.NET.Sdk/targets/Microsoft.NET.Sdk.BeforeCommon.targets (192,5)
       Property reassignment: $(CommandLineArgsForDesignTimeEvaluation)="-langversion:latest -define:TRACE" (previous value: "-langversion:latest") at /usr/lib/dotnet/sdk/8.0.119/Roslyn/Microsoft.CSharp.Core.targets (197,5)
       Property reassignment: $(_DebugSymbolsProduced)="true" (previous value: "false") at /usr/lib/dotnet/sdk/8.0.119/Microsoft.Common.CurrentVersion.targets (175,5)
       Property reassignment: $(_DocumentationFileProduced)="false" (previous value: "true") at /usr/lib/dotnet/sdk/8.0.119/Microsoft.Common.CurrentVersion.targets (185,5)
       Property reassignment: $(ProcessorArchitecture)="msil" (previous value: "") at /usr/lib/dotnet/sdk/8.0.119/Microsoft.Common.CurrentVersion.targets (529,5)
       Property reassignment: $(DelaySign)="" (previous value: "false") at /usr/lib/dotnet/sdk/8.0.119/Microsoft.Common.CurrentVersion.targets (568,5)
       Property 'LocalAppData' with value '/home/runner/.local/share' expanded from the environment.
       Property reassignment: $(_SGenGenerateSerializationAssembliesConfig)="Auto" (previous value: "") at /usr/lib/dotnet/sdk/8.0.119/Microsoft.Common.CurrentVersion.targets (3824,5)
       Property reassignment: $(_SGenGenerateSerializationAssembliesConfig)="Off" (previous value: "Auto") at /usr/lib/dotnet/sdk/8.0.119/Microsoft.Common.CurrentVersion.targets (3825,5)
       Property reassignment: $(_TargetsThatPrepareProjectReferences)="
             AssignProjectConfiguration;
             _SplitProjectReferencesByFileExistence
           " (previous value: "_SplitProjectReferencesByFileExistence") at /usr/lib/dotnet/sdk/8.0.119/Microsoft.Common.CurrentVersion.targets (4976,5)
       Property 'MSBuildExtensionsPath32' with value '/usr/lib/dotnet/sdk/8.0.119' expanded from the environment.
       Property reassignment: $(ProjectAssetsCacheFile)="/home/runner/work/PFPT/PFPT/PhysicallyFitPT.Domain/obj/Debug/net8.0/PhysicallyFitPT.Domain.assets.cache" (previous value: "obj\Debug/net8.0/PhysicallyFitPT.Domain.assets.cache") at /usr/lib/dotnet/sdk/8.0.119/Sdks/Microsoft.NET.Sdk/targets/Microsoft.PackageDependencyResolution.targets (29,5)
       Property reassignment: $(ResolveAssemblyReferencesDependsOn)="
             
             ResolveProjectReferences;
             FindInvalidProjectReferences;
             GetFrameworkPaths;
             GetReferenceAssemblyPaths;
             PrepareForBuild;
             ResolveSDKReferences;
             ExpandSDKReferences;
           ;
             ResolvePackageDependenciesForBuild;
             _HandlePackageFileConflicts;
           " (previous value: "
             ResolveProjectReferences;
             FindInvalidProjectReferences;
             GetFrameworkPaths;
             GetReferenceAssemblyPaths;
             PrepareForBuild;
             ResolveSDKReferences;
             ExpandSDKReferences;
           ") at /usr/lib/dotnet/sdk/8.0.119/Sdks/Microsoft.NET.Sdk/targets/Microsoft.PackageDependencyResolution.targets (80,5)
       Property reassignment: $(PrepareResourcesDependsOn)="
             ResolvePackageDependenciesForBuild;
             _HandlePackageFileConflicts;
             
             ;
             PrepareResourceNames;
             ResGen;
             CompileLicxFiles
           
           " (previous value: "
             ;
             PrepareResourceNames;
             ResGen;
             CompileLicxFiles
           ") at /usr/lib/dotnet/sdk/8.0.119/Sdks/Microsoft.NET.Sdk/targets/Microsoft.PackageDependencyResolution.targets (86,5)
       Property reassignment: $(DefaultItemExcludes)=";bin\Debug//**;obj\Debug//**;bin\/**" (previous value: ";bin\Debug//**;obj\Debug//**") at /usr/lib/dotnet/sdk/8.0.119/Sdks/Microsoft.NET.Sdk/targets/Microsoft.NET.Sdk.DefaultItems.targets (27,5)
       Property reassignment: $(DefaultItemExcludes)=";bin\Debug//**;obj\Debug//**;bin\/**;obj\/**" (previous value: ";bin\Debug//**;obj\Debug//**;bin\/**") at /usr/lib/dotnet/sdk/8.0.119/Sdks/Microsoft.NET.Sdk/targets/Microsoft.NET.Sdk.DefaultItems.targets (29,5)
       Property reassignment: $(DefaultItemExcludes)=";bin\Debug//**;obj\Debug//**;bin\/**;obj\/**;**/*.user" (previous value: ";bin\Debug//**;obj\Debug//**;bin\/**;obj\/**") at /usr/lib/dotnet/sdk/8.0.119/Sdks/Microsoft.NET.Sdk/targets/Microsoft.NET.Sdk.DefaultItems.targets (32,5)
       Property reassignment: $(DefaultItemExcludes)=";bin\Debug//**;obj\Debug//**;bin\/**;obj\/**;**/*.user;**/*.*proj" (previous value: ";bin\Debug//**;obj\Debug//**;bin\/**;obj\/**;**/*.user") at /usr/lib/dotnet/sdk/8.0.119/Sdks/Microsoft.NET.Sdk/targets/Microsoft.NET.Sdk.DefaultItems.targets (33,5)
       Property reassignment: $(DefaultItemExcludes)=";bin\Debug//**;obj\Debug//**;bin\/**;obj\/**;**/*.user;**/*.*proj;**/*.sln" (previous value: ";bin\Debug//**;obj\Debug//**;bin\/**;obj\/**;**/*.user;**/*.*proj") at /usr/lib/dotnet/sdk/8.0.119/Sdks/Microsoft.NET.Sdk/targets/Microsoft.NET.Sdk.DefaultItems.targets (34,5)
       Property reassignment: $(DefaultItemExcludes)=";bin\Debug//**;obj\Debug//**;bin\/**;obj\/**;**/*.user;**/*.*proj;**/*.sln;**/*.vssscc" (previous value: ";bin\Debug//**;obj\Debug//**;bin\/**;obj\/**;**/*.user;**/*.*proj;**/*.sln") at /usr/lib/dotnet/sdk/8.0.119/Sdks/Microsoft.NET.Sdk/targets/Microsoft.NET.Sdk.DefaultItems.targets (35,5)
       Property reassignment: $(DefaultItemExcludes)=";bin\Debug//**;obj\Debug//**;bin\/**;obj\/**;**/*.user;**/*.*proj;**/*.sln;**/*.vssscc;**/.DS_Store" (previous value: ";bin\Debug//**;obj\Debug//**;bin\/**;obj\/**;**/*.user;**/*.*proj;**/*.sln;**/*.vssscc") at /usr/lib/dotnet/sdk/8.0.119/Sdks/Microsoft.NET.Sdk/targets/Microsoft.NET.Sdk.DefaultItems.targets (36,5)
       Property reassignment: $(ResolveAssemblyReferencesDependsOn)="
             
             
             ResolveProjectReferences;
             FindInvalidProjectReferences;
             GetFrameworkPaths;
             GetReferenceAssemblyPaths;
             PrepareForBuild;
             ResolveSDKReferences;
             ExpandSDKReferences;
           ;
             ResolvePackageDependenciesForBuild;
             _HandlePackageFileConflicts;
           ;
             ResolveTargetingPackAssets;
           " (previous value: "
             
             ResolveProjectReferences;
             FindInvalidProjectReferences;
             GetFrameworkPaths;
             GetReferenceAssemblyPaths;
             PrepareForBuild;
             ResolveSDKReferences;
             ExpandSDKReferences;
           ;
             ResolvePackageDependenciesForBuild;
             _HandlePackageFileConflicts;
           ") at /usr/lib/dotnet/sdk/8.0.119/Sdks/Microsoft.NET.Sdk/targets/Microsoft.NET.Sdk.FrameworkReferenceResolution.targets (14,5)
       Property reassignment: $(_GenerateRuntimeConfigurationPropertyInputsCache)="/home/runner/work/PFPT/PFPT/PhysicallyFitPT.Domain/obj/Debug/net8.0/PhysicallyFitPT.Domain.genruntimeconfig.cache" (previous value: "obj\Debug/net8.0/PhysicallyFitPT.Domain.genruntimeconfig.cache") at /usr/lib/dotnet/sdk/8.0.119/Sdks/Microsoft.NET.Sdk/targets/Microsoft.NET.Sdk.targets (44,5)
       Property reassignment: $(_GeneratePublishDependencyFilePropertyInputsCache)="/home/runner/work/PFPT/PFPT/PhysicallyFitPT.Domain/obj/Debug/net8.0/PhysicallyFitPT.Domain.genpublishdeps.cache" (previous value: "obj\Debug/net8.0/PhysicallyFitPT.Domain.genpublishdeps.cache") at /usr/lib/dotnet/sdk/8.0.119/Sdks/Microsoft.NET.Sdk/targets/Microsoft.NET.Sdk.targets (46,5)
       Property reassignment: $(_GenerateSingleFileBundlePropertyInputsCache)="/home/runner/work/PFPT/PFPT/PhysicallyFitPT.Domain/obj/Debug/net8.0/PhysicallyFitPT.Domain.genbundle.cache" (previous value: "obj\Debug/net8.0/PhysicallyFitPT.Domain.genbundle.cache") at /usr/lib/dotnet/sdk/8.0.119/Sdks/Microsoft.NET.Sdk/targets/Microsoft.NET.Sdk.targets (48,5)
       Property reassignment: $(GenerateRuntimeConfigDevFile)="false" (previous value: "true") at /usr/lib/dotnet/sdk/8.0.119/Sdks/Microsoft.NET.Sdk/targets/Microsoft.NET.Sdk.targets (81,5)
       Property 'HOME' with value '/home/runner' expanded from the environment.
       Property reassignment: $(_DefaultUserProfileRuntimeStorePath)="/home/runner/.dotnet/store" (previous value: "/home/runner") at /usr/lib/dotnet/sdk/8.0.119/Sdks/Microsoft.NET.Sdk/targets/Microsoft.NET.Sdk.targets (98,5)
       Property reassignment: $(AvailablePlatforms)="Any CPU,x86,x64,ARM32" (previous value: "Any CPU,x86,x64") at /usr/lib/dotnet/sdk/8.0.119/Sdks/Microsoft.NET.Sdk/targets/Microsoft.NET.Sdk.targets (136,5)
       Property reassignment: $(AvailablePlatforms)="Any CPU,x86,x64,ARM32,ARM64" (previous value: "Any CPU,x86,x64,ARM32") at /usr/lib/dotnet/sdk/8.0.119/Sdks/Microsoft.NET.Sdk/targets/Microsoft.NET.Sdk.targets (140,5)
       Property reassignment: $(CoreBuildDependsOn)="
             _CheckForBuildWithNoBuild;
             
             BuildOnlySettings;
             PrepareForBuild;
             PreBuildEvent;
             ResolveReferences;
             PrepareResources;
             ResolveKeySource;
             Compile;
             ExportWindowsMDFile;
             UnmanagedUnregistration;
             GenerateSerializationAssemblies;
             CreateSatelliteAssemblies;
             GenerateManifests;
             GetTargetPath;
             PrepareForRun;
             UnmanagedRegistration;
             IncrementalClean;
             PostBuildEvent
           ;
             GenerateBuildDependencyFile;
             GenerateBuildRuntimeConfigurationFiles
           " (previous value: "
             BuildOnlySettings;
             PrepareForBuild;
             PreBuildEvent;
             ResolveReferences;
             PrepareResources;
             ResolveKeySource;
             Compile;
             ExportWindowsMDFile;
             UnmanagedUnregistration;
             GenerateSerializationAssemblies;
             CreateSatelliteAssemblies;
             GenerateManifests;
             GetTargetPath;
             PrepareForRun;
             UnmanagedRegistration;
             IncrementalClean;
             PostBuildEvent
           ") at /usr/lib/dotnet/sdk/8.0.119/Sdks/Microsoft.NET.Sdk/targets/Microsoft.NET.Sdk.targets (197,5)
       Property reassignment: $(CoreCleanDependsOn)="
             _SdkBeforeClean;
             
           " (previous value: "") at /usr/lib/dotnet/sdk/8.0.119/Sdks/Microsoft.NET.Sdk/targets/Microsoft.NET.Sdk.targets (206,5)
       Property reassignment: $(RebuildDependsOn)="
             _SdkBeforeRebuild;
             
             BeforeRebuild;
             Clean;
             Build;
             AfterRebuild;
           
           " (previous value: "
             BeforeRebuild;
             Clean;
             Build;
             AfterRebuild;
           ") at /usr/lib/dotnet/sdk/8.0.119/Sdks/Microsoft.NET.Sdk/targets/Microsoft.NET.Sdk.targets (213,5)
       Property reassignment: $(CompileDependsOn)="
             
             ResolveReferences;
             ResolveKeySource;
             SetWin32ManifestProperties;
             FindReferenceAssembliesForReferences;
             _GenerateCompileInputs;
             BeforeCompile;
             _TimeStampBeforeCompile;
             _GenerateCompileDependencyCache;
             CoreCompile;
             _TimeStampAfterCompile;
             AfterCompile;
           ;
             _CreateAppHost;
             _CreateComHost;
             _GetIjwHostPaths;
           " (previous value: "
             ResolveReferences;
             ResolveKeySource;
             SetWin32ManifestProperties;
             FindReferenceAssembliesForReferences;
             _GenerateCompileInputs;
             BeforeCompile;
             _TimeStampBeforeCompile;
             _GenerateCompileDependencyCache;
             CoreCompile;
             _TimeStampAfterCompile;
             AfterCompile;
           ") at /usr/lib/dotnet/sdk/8.0.119/Sdks/Microsoft.NET.Sdk/targets/Microsoft.NET.Sdk.targets (679,5)
       Property reassignment: $(CreateSatelliteAssembliesDependsOn)="
             
             _GenerateSatelliteAssemblyInputs;
             ComputeIntermediateSatelliteAssemblies;
             GenerateSatelliteAssemblies
           ;
             CoreGenerateSatelliteAssemblies
           " (previous value: "
             _GenerateSatelliteAssemblyInputs;
             ComputeIntermediateSatelliteAssemblies;
             GenerateSatelliteAssemblies
           ") at /usr/lib/dotnet/sdk/8.0.119/Sdks/Microsoft.NET.Sdk/targets/Microsoft.NET.Sdk.targets (1065,5)
       Property reassignment: $(DesignerRuntimeImplementationProjectOutputGroupDependsOn)="
             
             ;
             
             ;
             BuildOnlySettings;
             PrepareForBuild;
             AssignTargetPaths;
             ResolveReferences
           
           ;
             _GenerateDesignerDepsFile;
             _GenerateDesignerRuntimeConfigFile;
             GetCopyToOutputDirectoryItems;
             _GatherDesignerShadowCopyFiles;
           " (previous value: "
             ;
             
             ;
             BuildOnlySettings;
             PrepareForBuild;
             AssignTargetPaths;
             ResolveReferences
           
           ") at /usr/lib/dotnet/sdk/8.0.119/Sdks/Microsoft.NET.Sdk/targets/Microsoft.NET.DesignerSupport.targets (21,5)
       Property reassignment: $(_GenerateToolsSettingsFileCacheFile)="/home/runner/work/PFPT/PFPT/PhysicallyFitPT.Domain/obj/Debug/net8.0/PhysicallyFitPT.Domain.toolssettingsinput.cache" (previous value: "obj\Debug/net8.0/PhysicallyFitPT.Domain.toolssettingsinput.cache") at /usr/lib/dotnet/sdk/8.0.119/Sdks/Microsoft.NET.Sdk/targets/Microsoft.NET.PackTool.targets (68,5)
       Property reassignment: $(_ShimInputCacheFile)="/home/runner/work/PFPT/PFPT/PhysicallyFitPT.Domain/obj/Debug/net8.0/PhysicallyFitPT.Domain.shiminput.cache" (previous value: "obj\Debug/net8.0/PhysicallyFitPT.Domain.shiminput.cache") at /usr/lib/dotnet/sdk/8.0.119/Sdks/Microsoft.NET.Sdk/targets/Microsoft.NET.PackTool.targets (137,5)
       Property reassignment: $(_ShimCreatedSentinelFile)="/home/runner/work/PFPT/PFPT/PhysicallyFitPT.Domain/obj/Debug/net8.0/PhysicallyFitPT.Domain.shimcreated.sentinel" (previous value: "obj\Debug/net8.0/PhysicallyFitPT.Domain.shimcreated.sentinel") at /usr/lib/dotnet/sdk/8.0.119/Sdks/Microsoft.NET.Sdk/targets/Microsoft.NET.PackTool.targets (139,5)
       Property reassignment: $(DefineConstants)="TRACE;DEBUG" (previous value: "TRACE") at /usr/lib/dotnet/sdk/8.0.119/Sdks/Microsoft.NET.Sdk/targets/Microsoft.NET.Sdk.CSharp.targets (31,5)
       Property reassignment: $(DefineConstants)="TRACE;DEBUG;NET;NET8_0;NETCOREAPP" (previous value: "TRACE;DEBUG") at /usr/lib/dotnet/sdk/8.0.119/Sdks/Microsoft.NET.Sdk/targets/Microsoft.NET.Sdk.CSharp.targets (34,5)
       Property reassignment: $(WarningsAsErrors)=";NU1605;SYSLIB0011" (previous value: ";NU1605") at /usr/lib/dotnet/sdk/8.0.119/Sdks/Microsoft.NET.Sdk/targets/Microsoft.NET.Sdk.CSharp.targets (48,5)
       Property reassignment: $(PackageDescription)="Package Description" (previous value: "") at /usr/lib/dotnet/sdk/8.0.119/Sdks/NuGet.Build.Tasks.Pack/build/NuGet.Build.Tasks.Pack.targets (34,5)
       Property reassignment: $(GenerateNuspecDependsOn)="Build;_LoadPackInputItems; _GetTargetFrameworksOutput; _WalkEachTargetPerFramework; _GetPackageFiles; " (previous value: "_LoadPackInputItems; _GetTargetFrameworksOutput; _WalkEachTargetPerFramework; _GetPackageFiles; ") at /usr/lib/dotnet/sdk/8.0.119/Sdks/NuGet.Build.Tasks.Pack/build/NuGet.Build.Tasks.Pack.targets (59,5)
       Overriding target "ResolveFrameworkReferences" in project "/usr/lib/dotnet/sdk/8.0.119/Microsoft.Common.CurrentVersion.targets" with target "ResolveFrameworkReferences" from project "/usr/lib/dotnet/sdk/8.0.119/Sdks/Microsoft.NET.Sdk/targets/Microsoft.NET.Sdk.FrameworkReferenceResolution.targets".
       Overriding target "Run" in project "/usr/lib/dotnet/sdk/8.0.119/Microsoft.Common.CurrentVersion.targets" with target "Run" from project "/usr/lib/dotnet/sdk/8.0.119/Sdks/Microsoft.NET.Sdk/targets/Microsoft.NET.Sdk.targets".
       Overriding target "GenerateSupportedTargetFrameworkAlias" in project "/usr/lib/dotnet/sdk/8.0.119/Microsoft.Common.CurrentVersion.targets" with target "GenerateSupportedTargetFrameworkAlias" from project "/usr/lib/dotnet/sdk/8.0.119/Sdks/Microsoft.NET.Sdk/targets/Microsoft.NET.Sdk.targets".
       Overriding target "GetReferenceAssemblyPaths" in project "/usr/lib/dotnet/sdk/8.0.119/Microsoft.Common.CurrentVersion.targets" with target "GetReferenceAssemblyPaths" from project "/usr/lib/dotnet/sdk/8.0.119/Sdks/Microsoft.NET.Sdk/targets/Microsoft.NET.DisableStandardFrameworkResolution.targets".
       Overriding target "GetFrameworkPaths" in project "/usr/lib/dotnet/sdk/8.0.119/Microsoft.Common.CurrentVersion.targets" with target "GetFrameworkPaths" from project "/usr/lib/dotnet/sdk/8.0.119/Sdks/Microsoft.NET.Sdk/targets/Microsoft.NET.DisableStandardFrameworkResolution.targets".
       Overriding target "DesignerRuntimeImplementationProjectOutputGroup" in project "/usr/lib/dotnet/sdk/8.0.119/Microsoft.Common.CurrentVersion.targets" with target "DesignerRuntimeImplementationProjectOutputGroup" from project "/usr/lib/dotnet/sdk/8.0.119/Sdks/Microsoft.NET.Sdk/targets/Microsoft.NET.DesignerSupport.targets".
       Overriding target "Publish" in project "/usr/lib/dotnet/sdk/8.0.119/Microsoft.Common.CurrentVersion.targets" with target "Publish" from project "/usr/lib/dotnet/sdk/8.0.119/Sdks/Microsoft.NET.Sdk/targets/Microsoft.NET.Publish.targets".
       Overriding target "ResolveReadyToRunCompilers" in project "/usr/lib/dotnet/sdk/8.0.119/Sdks/Microsoft.NET.Sdk/targets/Microsoft.NET.CrossGen.targets" with target "ResolveReadyToRunCompilers" from project "/usr/lib/dotnet/sdk/8.0.119/Sdks/Microsoft.NET.Sdk/targets/Microsoft.NET.Publish.targets".
       Overriding target "GetCopyToPublishDirectoryItems" in project "/usr/lib/dotnet/sdk/8.0.119/Microsoft.Common.CurrentVersion.targets" with target "GetCopyToPublishDirectoryItems" from project "/usr/lib/dotnet/sdk/8.0.119/Sdks/Microsoft.NET.Sdk/targets/Microsoft.NET.Publish.targets".
   1:7>Project "/home/runner/work/PFPT/PFPT/PhysicallyFitPT.Domain/PhysicallyFitPT.Domain.csproj" on node 1 (default targets).
   1:7>Target "_CheckForUnsupportedTargetFramework" skipped, due to false condition; ('$(_UnsupportedTargetFrameworkError)' == 'true') was evaluated as ('' == 'true').
   1:7>Target "_CollectTargetFrameworkForTelemetry" in file "/usr/lib/dotnet/sdk/8.0.119/Sdks/Microsoft.NET.Sdk/targets/Microsoft.NET.TargetFrameworkInference.targets" from project "/home/runner/work/PFPT/PFPT/PhysicallyFitPT.Domain/PhysicallyFitPT.Domain.csproj" (target "_CheckForInvalidConfigurationAndPlatform" depends on it):
       Using "AllowEmptyTelemetry" task from assembly "/usr/lib/dotnet/sdk/8.0.119/Sdks/Microsoft.NET.Sdk/targets/../tools/net8.0/Microsoft.NET.Build.Tasks.dll".
       Task "AllowEmptyTelemetry"
       Done executing task "AllowEmptyTelemetry".
   1:7>Done building target "_CollectTargetFrameworkForTelemetry" in project "PhysicallyFitPT.Domain.csproj".
       Target "_CheckForUnsupportedTargetPlatformIdentifier" skipped, due to false condition; ('$(TargetPlatformIdentifier)' != '' and '$(TargetFrameworkIdentifier)' == '.NETCoreApp' and $([MSBuild]::VersionGreaterThanOrEquals($(TargetFrameworkVersion), 5.0)) And ('$(DesignTimeBuild)' != 'true' Or '@(MissingWorkloadPack)' == '')) was evaluated as ('' != '' and '.NETCoreApp' == '.NETCoreApp' and True And ('' != 'true' Or '' == '')).
       Target "_CheckForMissingWorkload" skipped, due to false condition; ('@(MissingWorkloadPack)' != '' And '$(DesignTimeBuild)' != 'true') was evaluated as ('' != '' And '' != 'true').
   1:7>Target "_CheckForUnsupportedNETCoreVersion" in file "/usr/lib/dotnet/sdk/8.0.119/Sdks/Microsoft.NET.Sdk/targets/Microsoft.NET.TargetFrameworkInference.targets" from project "/home/runner/work/PFPT/PFPT/PhysicallyFitPT.Domain/PhysicallyFitPT.Domain.csproj" (target "_CheckForInvalidConfigurationAndPlatform" depends on it):
       Task "NETSdkError" skipped, due to false condition; ('$(_TargetFrameworkVersionWithoutV)' > '$(NETCoreAppMaximumVersion)' and '$(DisplayVSMessage)' != 'true') was evaluated as ('8.0' > '8.0' and '' != 'true').
       Task "NETSdkError" skipped, due to false condition; ('$(DisplayVSMessage)' == 'true') was evaluated as ('' == 'true').
   1:7>Done building target "_CheckForUnsupportedNETCoreVersion" in project "PhysicallyFitPT.Domain.csproj".
       Target "_CheckForEolTargetFrameworks" skipped, due to false condition; ('@(_EolNetCoreTargetFrameworkVersions->AnyHaveMetadataValue('Identity', '$(_TargetFrameworkVersionWithoutV)'))' and '$(TargetFrameworkIdentifier)' == '.NETCoreApp' and '$(CheckEolTargetFramework)' == 'true') was evaluated as ('false' and '.NETCoreApp' == '.NETCoreApp' and '' == 'true').
       Target "_CheckForEolWorkloads" skipped, due to false condition; ('@(EolWorkload)' != '' and '$(CheckEolWorkloads)' == 'true') was evaluated as ('' != '' and 'true' == 'true').
   1:7>Target "_CheckForUnsupportedCppNETCoreVersion" in file "/usr/lib/dotnet/sdk/8.0.119/Sdks/Microsoft.NET.Sdk/targets/Microsoft.NET.TargetFrameworkInference.targets" from project "/home/runner/work/PFPT/PFPT/PhysicallyFitPT.Domain/PhysicallyFitPT.Domain.csproj" (target "_CheckForInvalidConfigurationAndPlatform" depends on it):
       Task "NETSdkError" skipped, due to false condition; ('$(TargetFrameworkIdentifier)' == '.NETCoreApp' and '$(_TargetFrameworkVersionWithoutV)' < '3.1' and ('$(Language)' == 'C++' and '$(_EnablePackageReferencesInVCProjects)' != 'true')) was evaluated as ('.NETCoreApp' == '.NETCoreApp' and '8.0' < '3.1' and ('C#' == 'C++' and '' != 'true')).
   1:7>Done building target "_CheckForUnsupportedCppNETCoreVersion" in project "PhysicallyFitPT.Domain.csproj".
       Target "_CheckForUnsupportedNETStandardVersion" skipped, due to false condition; ('$(TargetFrameworkIdentifier)' == '.NETStandard' And '$(NETStandardMaximumVersion)' != '') was evaluated as ('.NETCoreApp' == '.NETStandard' And '' != '').
       Target "_CheckForUnsupportedTargetFrameworkAndFeatureCombination" skipped, due to false condition; ('$(TargetFrameworkIdentifier)' == '.NETFramework') was evaluated as ('.NETCoreApp' == '.NETFramework').
       Target "_CheckForSupportedOSPlatformVersionHigherThanTargetPlatformVersion" skipped, due to false condition; ('$(TargetPlatformVersion)' != '' and '$(TargetFrameworkIdentifier)' == '.NETCoreApp' and $([MSBuild]::VersionGreaterThanOrEquals($(TargetFrameworkVersion), 5.0))) was evaluated as ('' != '' and '.NETCoreApp' == '.NETCoreApp' and True).
       Target "_CheckForInvalidTargetPlatformVersion" skipped, due to false condition; ('$(TargetPlatformVersion)' != '' and '$(TargetFrameworkIdentifier)' == '.NETCoreApp' and $([MSBuild]::VersionGreaterThanOrEquals($(TargetFrameworkVersion), 5.0)) and ('$(Language)' != 'C++' or '$(_EnablePackageReferencesInVCProjects)' == 'true')) was evaluated as ('' != '' and '.NETCoreApp' == '.NETCoreApp' and True and ('C#' != 'C++' or '' == 'true')).
   1:7>Target "_CheckForUnsupportedArtifactsPath" in file "/usr/lib/dotnet/sdk/8.0.119/Sdks/Microsoft.NET.Sdk/targets/Microsoft.NET.DefaultOutputPaths.targets" from project "/home/runner/work/PFPT/PFPT/PhysicallyFitPT.Domain/PhysicallyFitPT.Domain.csproj" (target "_CheckForInvalidConfigurationAndPlatform" depends on it):
       Task "NetSdkError" skipped, due to false condition; ('$(UseArtifactsOutput)' == 'true' and '$(_ArtifactsPathSetEarly)' != 'true') was evaluated as ('' == 'true' and '' != 'true').
       Task "NetSdkError" skipped, due to false condition; ('$(_ArtifactsPathLocationType)' == 'ProjectFolder') was evaluated as ('' == 'ProjectFolder').
   1:7>Done building target "_CheckForUnsupportedArtifactsPath" in project "PhysicallyFitPT.Domain.csproj".
       Target "_CheckForMissingWorkload" skipped, due to false condition; ('@(MissingWorkloadPack)' != '' And '$(DesignTimeBuild)' != 'true') was evaluated as ('' != '' And '' != 'true').
       Target "_CheckForUnsupportedAppHostUsage" skipped, due to false condition; ('$(TargetFrameworkIdentifier)' == '.NETCoreApp' and '$(HasRuntimeOutput)' == 'true') was evaluated as ('.NETCoreApp' == '.NETCoreApp' and '' == 'true').
   1:7>Target "_CheckForUnsupportedHostingUsage" in file "/usr/lib/dotnet/sdk/8.0.119/Sdks/Microsoft.NET.Sdk/targets/Microsoft.NET.RuntimeIdentifierInference.targets" from project "/home/runner/work/PFPT/PFPT/PhysicallyFitPT.Domain/PhysicallyFitPT.Domain.csproj" (target "_CheckForInvalidConfigurationAndPlatform" depends on it):
       Task "NETSdkWarning" skipped, due to false condition; ('$(SelfContained)' == 'true' and '$(EnableComHosting)' == 'true') was evaluated as ('' == 'true' and '' == 'true').
   1:7>Done building target "_CheckForUnsupportedHostingUsage" in project "PhysicallyFitPT.Domain.csproj".
   1:7>Target "_CheckAndUnsetUnsupportedPrefer32Bit" in file "/usr/lib/dotnet/sdk/8.0.119/Sdks/Microsoft.NET.Sdk/targets/Microsoft.NET.RuntimeIdentifierInference.targets" from project "/home/runner/work/PFPT/PFPT/PhysicallyFitPT.Domain/PhysicallyFitPT.Domain.csproj" (target "_CheckForInvalidConfigurationAndPlatform" depends on it):
       Task "NETSdkWarning" skipped, due to false condition; ('$(Prefer32Bit)' == 'true') was evaluated as ('false' == 'true').
   1:7>Done building target "_CheckAndUnsetUnsupportedPrefer32Bit" in project "PhysicallyFitPT.Domain.csproj".
       Target "_CheckForMismatchingPlatform" skipped, due to false condition; ('$(RuntimeIdentifier)' != '' and '$(PlatformTarget)' != '') was evaluated as ('' != '' and '' != '').
   1:7>Target "_CheckForLanguageAndFeatureCombinationSupport" in file "/usr/lib/dotnet/sdk/8.0.119/Sdks/Microsoft.NET.Sdk/targets/Microsoft.NET.RuntimeIdentifierInference.targets" from project "/home/runner/work/PFPT/PFPT/PhysicallyFitPT.Domain/PhysicallyFitPT.Domain.csproj" (target "_CheckForInvalidConfigurationAndPlatform" depends on it):
       Task "NETSdkError" skipped, due to false condition; (('$(Language)' == 'C++' and '$(_EnablePackageReferencesInVCProjects)' != 'true') and $(OutputType) != 'library' and '$(TargetFrameworkIdentifier)' == '.NETCoreApp') was evaluated as (('C#' == 'C++' and '' != 'true') and Library != 'library' and '.NETCoreApp' == '.NETCoreApp').
       Task "NETSdkError" skipped, due to false condition; (('$(Language)' == 'C++' and '$(_EnablePackageReferencesInVCProjects)' != 'true') and $(EnableComHosting) == 'true') was evaluated as (('C#' == 'C++' and '' != 'true') and  == 'true').
       Task "NETSdkError" skipped, due to false condition; (('$(Language)' == 'C++' and '$(_EnablePackageReferencesInVCProjects)' != 'true') and $(SelfContained) == 'true') was evaluated as (('C#' == 'C++' and '' != 'true') and  == 'true').
   1:7>Done building target "_CheckForLanguageAndFeatureCombinationSupport" in project "PhysicallyFitPT.Domain.csproj".
       Target "_CheckForNETCoreSdkIsPreview" skipped, due to false condition; ( '$(_NETCoreSdkIsPreview)' == 'true' AND '$(SuppressNETCoreSdkPreviewMessage)' != 'true' ) was evaluated as ( 'false' == 'true' AND '' != 'true' ).
   1:7>Target "_GetProjectJsonPath" in file "/usr/lib/dotnet/sdk/8.0.119/NuGet.targets" from project "/home/runner/work/PFPT/PFPT/PhysicallyFitPT.Domain/PhysicallyFitPT.Domain.csproj" (target "_GetRestoreProjectStyle" depends on it):
       Task "GetRestoreProjectJsonPathTask" skipped, due to false condition; ( '$(RestoreProjectStyle)' == 'ProjectJson' OR '$(RestoreProjectStyle)' == '' ) was evaluated as ( 'PackageReference' == 'ProjectJson' OR 'PackageReference' == '' ).
   1:7>Done building target "_GetProjectJsonPath" in project "PhysicallyFitPT.Domain.csproj".
       Target "_CheckForUnsupportedTargetPlatformIdentifier" skipped, due to false condition; ('$(TargetPlatformIdentifier)' != '' and '$(TargetFrameworkIdentifier)' == '.NETCoreApp' and $([MSBuild]::VersionGreaterThanOrEquals($(TargetFrameworkVersion), 5.0)) And ('$(DesignTimeBuild)' != 'true' Or '@(MissingWorkloadPack)' == '')) was evaluated as ('' != '' and '.NETCoreApp' == '.NETCoreApp' and True And ('' != 'true' Or '' == '')).
       Target "_CheckForMissingWorkload" skipped, due to false condition; ('@(MissingWorkloadPack)' != '' And '$(DesignTimeBuild)' != 'true') was evaluated as ('' != '' And '' != 'true').
       Target "_CheckForUnsupportedNETStandardVersion" skipped, due to false condition; ('$(TargetFrameworkIdentifier)' == '.NETStandard' And '$(NETStandardMaximumVersion)' != '') was evaluated as ('.NETCoreApp' == '.NETStandard' And '' != '').
       Target "_CheckForUnsupportedTargetFrameworkAndFeatureCombination" skipped, due to false condition; ('$(TargetFrameworkIdentifier)' == '.NETFramework') was evaluated as ('.NETCoreApp' == '.NETFramework').
   1:7>Target "UpdateAspNetToFrameworkReference" in file "/usr/lib/dotnet/sdk/8.0.119/Sdks/Microsoft.NET.Sdk/targets/Microsoft.NET.Sdk.DefaultItems.Shared.targets" from project "/home/runner/work/PFPT/PFPT/PhysicallyFitPT.Domain/PhysicallyFitPT.Domain.csproj" (target "ApplyImplicitVersions" depends on it):
       Using "CheckIfPackageReferenceShouldBeFrameworkReference" task from assembly "/usr/lib/dotnet/sdk/8.0.119/Sdks/Microsoft.NET.Sdk/targets/../tools/net8.0/Microsoft.NET.Build.Tasks.dll".
       Task "CheckIfPackageReferenceShouldBeFrameworkReference"
       Done executing task "CheckIfPackageReferenceShouldBeFrameworkReference".
       Task "NETSdkError" skipped, due to false condition; ('$(_ShouldRemoveAspNetCoreAll)' == 'true') was evaluated as ('False' == 'true').
       Task "CheckIfPackageReferenceShouldBeFrameworkReference"
       Done executing task "CheckIfPackageReferenceShouldBeFrameworkReference".
       Task "NETSdkWarning" skipped, due to false condition; ('$(_ShouldRemoveAspNetCoreApp)' == 'true') was evaluated as ('False' == 'true').
   1:7>Done building target "UpdateAspNetToFrameworkReference" in project "PhysicallyFitPT.Domain.csproj".
       Target "IncludeTargetingPackReference" skipped, due to false condition; ('$(TargetFrameworkMoniker)' != '' and '$(TargetFrameworkIdentifier)' == '.NETFramework' and '$(AutomaticallyUseReferenceAssemblyPackages)' == 'true') was evaluated as ('.NETCoreApp,Version=v8.0' != '' and '.NETCoreApp' == '.NETFramework' and 'true' == 'true').
   1:7>Target "CheckForImplicitPackageReferenceOverrides" in file "/usr/lib/dotnet/sdk/8.0.119/Sdks/Microsoft.NET.Sdk/targets/Microsoft.NET.Sdk.DefaultItems.Shared.targets" from project "/home/runner/work/PFPT/PFPT/PhysicallyFitPT.Domain/PhysicallyFitPT.Domain.csproj" (target "ApplyImplicitVersions" depends on it):
       Using "CheckForImplicitPackageReferenceOverrides" task from assembly "/usr/lib/dotnet/sdk/8.0.119/Sdks/Microsoft.NET.Sdk/targets/../tools/net8.0/Microsoft.NET.Build.Tasks.dll".
       Task "CheckForImplicitPackageReferenceOverrides"
       Done executing task "CheckForImplicitPackageReferenceOverrides".
   1:7>Done building target "CheckForImplicitPackageReferenceOverrides" in project "PhysicallyFitPT.Domain.csproj".
   1:7>Target "ApplyImplicitVersions" in file "/usr/lib/dotnet/sdk/8.0.119/Sdks/Microsoft.NET.Sdk/targets/Microsoft.NET.Sdk.DefaultItems.Shared.targets" from project "/home/runner/work/PFPT/PFPT/PhysicallyFitPT.Domain/PhysicallyFitPT.Domain.csproj" (target "CollectPackageReferences" depends on it):
       Using "ApplyImplicitVersions" task from assembly "/usr/lib/dotnet/sdk/8.0.119/Sdks/Microsoft.NET.Sdk/targets/../tools/net8.0/Microsoft.NET.Build.Tasks.dll".
       Task "ApplyImplicitVersions"
       Done executing task "ApplyImplicitVersions".
   1:7>Done building target "ApplyImplicitVersions" in project "PhysicallyFitPT.Domain.csproj".
       Target "CheckForImplicitPackageReferenceOverrides" skipped. Previously built successfully.
       Target "AddWindowsSdkKnownFrameworkReferences" skipped, due to false condition; ('$(TargetFrameworkIdentifier)' == '.NETCoreApp' And '$(TargetPlatformIdentifier)' == 'Windows') was evaluated as ('.NETCoreApp' == '.NETCoreApp' And '' == 'Windows').
       Target "_NormalizeTargetPlatformVersion" skipped, due to false condition; ('$(TargetPlatformVersion)' != '' and '$(TargetFrameworkIdentifier)' == '.NETCoreApp' and $([MSBuild]::VersionGreaterThanOrEquals($(TargetFrameworkVersion), 5.0)) and ('$(Language)' != 'C++' or '$(_EnablePackageReferencesInVCProjects)' == 'true')) was evaluated as ('' != '' and '.NETCoreApp' == '.NETCoreApp' and True and ('C#' != 'C++' or '' == 'true')).
   1:7>Target "_ComputeToolPackInputsToProcessFrameworkReferences" in file "/usr/lib/dotnet/sdk/8.0.119/Sdks/Microsoft.NET.Sdk/targets/Microsoft.NET.Publish.targets" from project "/home/runner/work/PFPT/PFPT/PhysicallyFitPT.Domain/PhysicallyFitPT.Domain.csproj" (target "ProcessFrameworkReferences" depends on it):
   1:7>Done building target "_ComputeToolPackInputsToProcessFrameworkReferences" in project "PhysicallyFitPT.Domain.csproj".
   1:7>Target "ProcessFrameworkReferences" in file "/usr/lib/dotnet/sdk/8.0.119/Sdks/Microsoft.NET.Sdk/targets/Microsoft.NET.Sdk.FrameworkReferenceResolution.targets" from project "/home/runner/work/PFPT/PFPT/PhysicallyFitPT.Domain/PhysicallyFitPT.Domain.csproj" (target "CollectPackageReferences" depends on it):
       Using "CheckForDuplicateFrameworkReferences" task from assembly "/usr/lib/dotnet/sdk/8.0.119/Sdks/Microsoft.NET.Sdk/targets/../tools/net8.0/Microsoft.NET.Build.Tasks.dll".
       Task "CheckForDuplicateFrameworkReferences"
       Done executing task "CheckForDuplicateFrameworkReferences".
       Using "ProcessFrameworkReferences" task from assembly "/usr/lib/dotnet/sdk/8.0.119/Sdks/Microsoft.NET.Sdk/targets/../tools/net8.0/Microsoft.NET.Build.Tasks.dll".
       Task "ProcessFrameworkReferences"
       Done executing task "ProcessFrameworkReferences".
       Using "ResolveAppHosts" task from assembly "/usr/lib/dotnet/sdk/8.0.119/Sdks/Microsoft.NET.Sdk/targets/../tools/net8.0/Microsoft.NET.Build.Tasks.dll".
       Task "ResolveAppHosts"
       Done executing task "ResolveAppHosts".
   1:7>Done building target "ProcessFrameworkReferences" in project "PhysicallyFitPT.Domain.csproj".
       Target "IncludeTargetingPackReference" skipped, due to false condition; ('$(TargetFrameworkMoniker)' != '' and '$(TargetFrameworkIdentifier)' == '.NETFramework' and '$(AutomaticallyUseReferenceAssemblyPackages)' == 'true') was evaluated as ('.NETCoreApp,Version=v8.0' != '' and '.NETCoreApp' == '.NETFramework' and 'true' == 'true').
   1:7>Target "_AddMicrosoftNetCompilerToolsetFrameworkPackage" in file "/usr/lib/dotnet/sdk/8.0.119/Sdks/Microsoft.NET.Sdk/targets/Microsoft.NET.Sdk.targets" from project "/home/runner/work/PFPT/PFPT/PhysicallyFitPT.Domain/PhysicallyFitPT.Domain.csproj" (target "CollectPackageReferences" depends on it):
       Task "NETSdkWarning" skipped, due to false condition; ('@(PackageReference->AnyHaveMetadataValue('Identity', 'Microsoft.Net.Compilers.Toolset.Framework'))' == 'true') was evaluated as ('false' == 'true').
   1:7>Done building target "_AddMicrosoftNetCompilerToolsetFrameworkPackage" in project "PhysicallyFitPT.Domain.csproj".
   1:7>Target "_CheckForObsoleteDotNetCliToolReferences" in file "/usr/lib/dotnet/sdk/8.0.119/Sdks/Microsoft.NET.Sdk/targets/Microsoft.NET.ObsoleteReferences.targets" from project "/home/runner/work/PFPT/PFPT/PhysicallyFitPT.Domain/PhysicallyFitPT.Domain.csproj" (target "CollectPackageReferences" depends on it):
       Task "NETSdkWarning" skipped, due to false condition; ( '%(_ReferenceToObsoleteDotNetCliTool.Identity)' != '' ) was evaluated as ( '' != '' ).
   1:7>Done building target "_CheckForObsoleteDotNetCliToolReferences" in project "PhysicallyFitPT.Domain.csproj".
   1:7>Target "CollectPackageReferences" in file "/usr/lib/dotnet/sdk/8.0.119/NuGet.targets" from project "/home/runner/work/PFPT/PFPT/PhysicallyFitPT.Domain/PhysicallyFitPT.Domain.csproj" (target "_GetRestoreProjectStyle" depends on it):
       Using "CheckForDuplicateNuGetItemsTask" task from assembly "/usr/lib/dotnet/sdk/8.0.119/NuGet.Build.Tasks.dll".
       Task "CheckForDuplicateNuGetItemsTask"
       Done executing task "CheckForDuplicateNuGetItemsTask".
   1:7>Done building target "CollectPackageReferences" in project "PhysicallyFitPT.Domain.csproj".
   1:7>Target "_GetRestoreProjectStyle" in file "/usr/lib/dotnet/sdk/8.0.119/NuGet.targets" from project "/home/runner/work/PFPT/PFPT/PhysicallyFitPT.Domain/PhysicallyFitPT.Domain.csproj" (target "EnableIntermediateOutputPathMismatchWarning" depends on it):
       Using "GetRestoreProjectStyleTask" task from assembly "/usr/lib/dotnet/sdk/8.0.119/NuGet.Build.Tasks.dll".
       Task "GetRestoreProjectStyleTask"
         (in) HasPackageReferenceItems 'True'
         (in) MSBuildProjectDirectory '/home/runner/work/PFPT/PFPT/PhysicallyFitPT.Domain'
         (in) MSBuildProjectName 'PhysicallyFitPT.Domain'
         (in) ProjectJsonPath ''
         (in) RestoreProjectStyle 'PackageReference'
         (out) IsPackageReferenceCompatibleProjectStyle 'True'
         (out) ProjectStyle 'PackageReference'
       Done executing task "GetRestoreProjectStyleTask".
   1:7>Done building target "_GetRestoreProjectStyle" in project "PhysicallyFitPT.Domain.csproj".
   1:7>Target "EnableIntermediateOutputPathMismatchWarning" in file "/usr/lib/dotnet/sdk/8.0.119/NuGet.targets" from project "/home/runner/work/PFPT/PFPT/PhysicallyFitPT.Domain/PhysicallyFitPT.Domain.csproj" (target "_CheckForInvalidConfigurationAndPlatform" depends on it):
   1:7>Done building target "EnableIntermediateOutputPathMismatchWarning" in project "PhysicallyFitPT.Domain.csproj".
       Target "ApplyImplicitVersions" skipped. Previously built successfully.
       Target "CheckForImplicitPackageReferenceOverrides" skipped. Previously built successfully.
   1:7>Target "CheckForDuplicateItems" in file "/usr/lib/dotnet/sdk/8.0.119/Sdks/Microsoft.NET.Sdk/targets/Microsoft.NET.Sdk.DefaultItems.Shared.targets" from project "/home/runner/work/PFPT/PFPT/PhysicallyFitPT.Domain/PhysicallyFitPT.Domain.csproj" (target "_CheckForInvalidConfigurationAndPlatform" depends on it):
       Using "CheckForDuplicateItems" task from assembly "/usr/lib/dotnet/sdk/8.0.119/Sdks/Microsoft.NET.Sdk/targets/../tools/net8.0/Microsoft.NET.Build.Tasks.dll".
       Task "CheckForDuplicateItems"
       Done executing task "CheckForDuplicateItems".
       Task "CheckForDuplicateItems"
       Done executing task "CheckForDuplicateItems".
       Task "CheckForDuplicateItems"
       Done executing task "CheckForDuplicateItems".
   1:7>Done building target "CheckForDuplicateItems" in project "PhysicallyFitPT.Domain.csproj".
       Target "WarnForExplicitVersions" skipped, due to false condition; ('@(SdkBuildWarning)' != '') was evaluated as ('' != '').
       Target "_CheckForFailedSDKResolution" skipped, due to false condition; ('$(SdkResolverHonoredGlobalJson)' == 'false') was evaluated as ('' == 'false').
       Target "_WarnWhenUsingNET8AndVSPriorTo178" skipped, due to false condition; ($([MSBuild]::VersionLessThan($(MSBuildVersion), '17.8.0')) and '$(TargetFrameworkIdentifier)' == '.NETCoreApp' and $([MSBuild]::VersionGreaterThanOrEquals($(_TargetFrameworkVersionWithoutV), '8.0'))) was evaluated as (False and '.NETCoreApp' == '.NETCoreApp' and True).
       Target "_CheckForInvalidWindowsDesktopTargetingConfiguration" skipped, due to false condition; ('$(TargetFrameworkIdentifier)' == '.NETCoreApp' and $([MSBuild]::VersionGreaterThanOrEquals($(_TargetFrameworkVersionWithoutV), '5.0')) and ('$(UseWindowsForms)' == 'true' or '$(UseWPF)' == 'true')) was evaluated as ('.NETCoreApp' == '.NETCoreApp' and True and ('' == 'true' or '' == 'true')).
       Target "_CheckForUnnecessaryWindowsDesktopSDK" skipped, due to false condition; ('$(TargetFrameworkIdentifier)' == '.NETCoreApp' and $([MSBuild]::VersionGreaterThanOrEquals($(_TargetFrameworkVersionWithoutV), '5.0')) and '$(_MicrosoftWindowsDesktopSdkImported)' == 'true' and '$(TargetFrameworks)' == '') was evaluated as ('.NETCoreApp' == '.NETCoreApp' and True and '' == 'true' and '' == '').
       Target "ProcessFrameworkReferences" skipped. Previously built successfully.
       Target "IncludeTargetingPackReference" skipped, due to false condition; ('$(TargetFrameworkMoniker)' != '' and '$(TargetFrameworkIdentifier)' == '.NETFramework' and '$(AutomaticallyUseReferenceAssemblyPackages)' == 'true') was evaluated as ('.NETCoreApp,Version=v8.0' != '' and '.NETCoreApp' == '.NETFramework' and 'true' == 'true').
   1:7>Target "_CheckForInvalidConfigurationAndPlatform" in file "/usr/lib/dotnet/sdk/8.0.119/Microsoft.Common.CurrentVersion.targets" from project "/home/runner/work/PFPT/PFPT/PhysicallyFitPT.Domain/PhysicallyFitPT.Domain.csproj" (target "BeforeBuild" depends on it):
       Task "Error" skipped, due to false condition; ( '$(_InvalidConfigurationError)' == 'true' ) was evaluated as ( '' == 'true' ).
       Task "Warning" skipped, due to false condition; ( '$(_InvalidConfigurationWarning)' == 'true' ) was evaluated as ( '' == 'true' ).
       Task "Message"
         Configuration=Debug
       Done executing task "Message".
       Task "Message"
         Platform=AnyCPU
       Done executing task "Message".
       Task "Error" skipped, due to false condition; ('$(OutDir)' != '' and !HasTrailingSlash('$(OutDir)')) was evaluated as ('bin/Debug/net8.0/' != '' and !HasTrailingSlash('bin/Debug/net8.0/')).
       Task "Error" skipped, due to false condition; ('$(IntermediateOutputPath)' != '' and !HasTrailingSlash('$(IntermediateOutputPath)')) was evaluated as ('obj/Debug/net8.0/' != '' and !HasTrailingSlash('obj/Debug/net8.0/')).
       Task "Error" skipped, due to false condition; ('$(BaseIntermediateOutputPath)' != '' and !HasTrailingSlash('$(BaseIntermediateOutputPath)')) was evaluated as ('obj/' != '' and !HasTrailingSlash('obj/')).
       Task "Error" skipped, due to false condition; ( '$(_InitialMSBuildProjectExtensionsPath)' != '' And '$(MSBuildProjectExtensionsPath)' != '$(_InitialMSBuildProjectExtensionsPath)' ) was evaluated as ( '/home/runner/work/PFPT/PFPT/PhysicallyFitPT.Domain/obj/' != '' And '/home/runner/work/PFPT/PFPT/PhysicallyFitPT.Domain/obj/' != '/home/runner/work/PFPT/PFPT/PhysicallyFitPT.Domain/obj/' ).
       Task "Warning" skipped, due to false condition; ( '$(EnableBaseIntermediateOutputPathMismatchWarning)' == 'true' And '$(_InitialBaseIntermediateOutputPath)' != '$(BaseIntermediateOutputPath)' And '$(BaseIntermediateOutputPath)' != '$(MSBuildProjectExtensionsPath)' ) was evaluated as ( 'true' == 'true' And 'obj/' != 'obj/' And 'obj/' != '/home/runner/work/PFPT/PFPT/PhysicallyFitPT.Domain/obj/' ).
   1:7>Done building target "_CheckForInvalidConfigurationAndPlatform" in project "PhysicallyFitPT.Domain.csproj".
   1:7>Target "ValidateCommandLineProperties" in file "/usr/lib/dotnet/sdk/8.0.119/Sdks/Microsoft.NET.Sdk/targets/Microsoft.NET.Sdk.targets" from project "/home/runner/work/PFPT/PFPT/PhysicallyFitPT.Domain/PhysicallyFitPT.Domain.csproj" (target "BeforeBuild" depends on it):
   1:7>Done building target "ValidateCommandLineProperties" in project "PhysicallyFitPT.Domain.csproj".
   1:7>Target "BeforeBuild" in file "/usr/lib/dotnet/sdk/8.0.119/Microsoft.Common.CurrentVersion.targets" from project "/home/runner/work/PFPT/PFPT/PhysicallyFitPT.Domain/PhysicallyFitPT.Domain.csproj" (target "Build" depends on it):
   1:7>Done building target "BeforeBuild" in project "PhysicallyFitPT.Domain.csproj".
       Target "_CheckForBuildWithNoBuild" skipped, due to false condition; ('$(NoBuild)' == 'true' and '$(GeneratePackageOnBuild)' != 'true') was evaluated as ('' == 'true' and 'false' != 'true').
   1:7>Target "BuildOnlySettings" in file "/usr/lib/dotnet/sdk/8.0.119/Microsoft.Common.CurrentVersion.targets" from project "/home/runner/work/PFPT/PFPT/PhysicallyFitPT.Domain/PhysicallyFitPT.Domain.csproj" (target "CoreBuild" depends on it):
   1:7>Done building target "BuildOnlySettings" in project "PhysicallyFitPT.Domain.csproj".
       Target "_CheckForUnsupportedTargetFramework" skipped, due to false condition; ('$(_UnsupportedTargetFrameworkError)' == 'true') was evaluated as ('' == 'true').
       Target "_CheckForUnsupportedTargetPlatformIdentifier" skipped, due to false condition; ('$(TargetPlatformIdentifier)' != '' and '$(TargetFrameworkIdentifier)' == '.NETCoreApp' and $([MSBuild]::VersionGreaterThanOrEquals($(TargetFrameworkVersion), 5.0)) And ('$(DesignTimeBuild)' != 'true' Or '@(MissingWorkloadPack)' == '')) was evaluated as ('' != '' and '.NETCoreApp' == '.NETCoreApp' and True And ('' != 'true' Or '' == '')).
       Target "_CheckForMissingWorkload" skipped, due to false condition; ('@(MissingWorkloadPack)' != '' And '$(DesignTimeBuild)' != 'true') was evaluated as ('' != '' And '' != 'true').
   1:7>Target "GetFrameworkPaths" in file "/usr/lib/dotnet/sdk/8.0.119/Sdks/Microsoft.NET.Sdk/targets/Microsoft.NET.DisableStandardFrameworkResolution.targets" from project "/home/runner/work/PFPT/PFPT/PhysicallyFitPT.Domain/PhysicallyFitPT.Domain.csproj" (target "PrepareForBuild" depends on it):
   1:7>Done building target "GetFrameworkPaths" in project "PhysicallyFitPT.Domain.csproj".
       Target "_CheckForUnsupportedTargetFramework" skipped, due to false condition; ('$(_UnsupportedTargetFrameworkError)' == 'true') was evaluated as ('' == 'true').
       Target "_CheckForUnsupportedTargetPlatformIdentifier" skipped, due to false condition; ('$(TargetPlatformIdentifier)' != '' and '$(TargetFrameworkIdentifier)' == '.NETCoreApp' and $([MSBuild]::VersionGreaterThanOrEquals($(TargetFrameworkVersion), 5.0)) And ('$(DesignTimeBuild)' != 'true' Or '@(MissingWorkloadPack)' == '')) was evaluated as ('' != '' and '.NETCoreApp' == '.NETCoreApp' and True And ('' != 'true' Or '' == '')).
       Target "_CheckForMissingWorkload" skipped, due to false condition; ('@(MissingWorkloadPack)' != '' And '$(DesignTimeBuild)' != 'true') was evaluated as ('' != '' And '' != 'true').
   1:7>Target "GetReferenceAssemblyPaths" in file "/usr/lib/dotnet/sdk/8.0.119/Sdks/Microsoft.NET.Sdk/targets/Microsoft.NET.DisableStandardFrameworkResolution.targets" from project "/home/runner/work/PFPT/PFPT/PhysicallyFitPT.Domain/PhysicallyFitPT.Domain.csproj" (target "PrepareForBuild" depends on it):
   1:7>Done building target "GetReferenceAssemblyPaths" in project "PhysicallyFitPT.Domain.csproj".
       Target "AssignLinkMetadata" skipped, due to false condition; ( '$(SynthesizeLinkMetadata)' == 'true' ) was evaluated as ( '' == 'true' ).
       Target "_VerifyPackReleaseConfigurations" skipped, due to false condition; ('$(_IsPacking)' == 'true' and '$(DOTNET_CLI_DISABLE_PUBLISH_AND_PACK_RELEASE)' != 'true' and '$(DOTNET_CLI_LAZY_PUBLISH_AND_PACK_RELEASE_FOR_SOLUTIONS)' == 'true') was evaluated as ('' == 'true' and '' != 'true' and '' == 'true').
   1:7>Target "PrepareForBuild" in file "/usr/lib/dotnet/sdk/8.0.119/Microsoft.Common.CurrentVersion.targets" from project "/home/runner/work/PFPT/PFPT/PhysicallyFitPT.Domain/PhysicallyFitPT.Domain.csproj" (target "CoreBuild" depends on it):
       Using "FindAppConfigFile" task from assembly "Microsoft.Build.Tasks.Core, Version=15.1.0.0, Culture=neutral, PublicKeyToken=b03f5f7f11d50a3a".
       Task "FindAppConfigFile"
       Done executing task "FindAppConfigFile".
       Using "MakeDir" task from assembly "Microsoft.Build.Tasks.Core, Version=15.1.0.0, Culture=neutral, PublicKeyToken=b03f5f7f11d50a3a".
       Task "MakeDir"
       Done executing task "MakeDir".
   1:7>Done building target "PrepareForBuild" in project "PhysicallyFitPT.Domain.csproj".
   1:7>Target "GenerateGlobalUsings" in file "/usr/lib/dotnet/sdk/8.0.119/Sdks/Microsoft.NET.Sdk/targets/Microsoft.NET.GenerateGlobalUsings.targets" from project "/home/runner/work/PFPT/PFPT/PhysicallyFitPT.Domain/PhysicallyFitPT.Domain.csproj" (target "CoreBuild" depends on it):
       Using "GenerateGlobalUsings" task from assembly "/usr/lib/dotnet/sdk/8.0.119/Sdks/Microsoft.NET.Sdk/targets/../tools/net8.0/Microsoft.NET.Build.Tasks.dll".
       Task "GenerateGlobalUsings"
       Done executing task "GenerateGlobalUsings".
       Using "WriteLinesToFile" task from assembly "Microsoft.Build.Tasks.Core, Version=15.1.0.0, Culture=neutral, PublicKeyToken=b03f5f7f11d50a3a".
       Task "WriteLinesToFile"
         Skipping write to file "obj/Debug/net8.0/PhysicallyFitPT.Domain.GlobalUsings.g.cs" because content would not change.
       Done executing task "WriteLinesToFile".
   1:7>Done building target "GenerateGlobalUsings" in project "PhysicallyFitPT.Domain.csproj".
       Target "PreBuildEvent" skipped, due to false condition; ('$(PreBuildEvent)'!='') was evaluated as (''!='').
   1:7>Target "BeforeResolveReferences" in file "/usr/lib/dotnet/sdk/8.0.119/Microsoft.Common.CurrentVersion.targets" from project "/home/runner/work/PFPT/PFPT/PhysicallyFitPT.Domain/PhysicallyFitPT.Domain.csproj" (target "ResolveReferences" depends on it):
   1:7>Done building target "BeforeResolveReferences" in project "PhysicallyFitPT.Domain.csproj".
       Target "AssignProjectConfiguration" skipped, due to false condition; ('$(CurrentSolutionConfigurationContents)' != '' or '@(ProjectReference)'!='') was evaluated as ('' != '' or ''!='').
   1:7>Target "IgnoreJavaScriptOutputAssembly" in file "/usr/lib/dotnet/sdk/8.0.119/Microsoft.Common.CurrentVersion.targets" from project "/home/runner/work/PFPT/PFPT/PhysicallyFitPT.Domain/PhysicallyFitPT.Domain.csproj" (target "AssignProjectConfiguration" depends on it):
   1:7>Done building target "IgnoreJavaScriptOutputAssembly" in project "PhysicallyFitPT.Domain.csproj".
       Target "ProcessFrameworkReferences" skipped. Previously built successfully.
   1:7>Target "_DefaultMicrosoftNETPlatformLibrary" in file "/usr/lib/dotnet/sdk/8.0.119/Sdks/Microsoft.NET.Sdk/targets/Microsoft.NET.Sdk.Shared.targets" from project "/home/runner/work/PFPT/PFPT/PhysicallyFitPT.Domain/PhysicallyFitPT.Domain.csproj" (target "ResolvePackageAssets" depends on it):
   1:7>Done building target "_DefaultMicrosoftNETPlatformLibrary" in project "PhysicallyFitPT.Domain.csproj".
   1:7>Target "_ComputePackageReferencePublish" in file "/usr/lib/dotnet/sdk/8.0.119/Sdks/Microsoft.NET.Sdk/targets/Microsoft.NET.Sdk.Shared.targets" from project "/home/runner/work/PFPT/PFPT/PhysicallyFitPT.Domain/PhysicallyFitPT.Domain.csproj" (target "ResolvePackageAssets" depends on it):
   1:7>Done building target "_ComputePackageReferencePublish" in project "PhysicallyFitPT.Domain.csproj".
       Target "_ResolveCompilerVersion" skipped, due to false condition; ('$(CompilerApiVersion)' == '' And
                            ('$(Language)' == 'C#' Or '$(Language)' == 'VB') And
                            Exists('$(RoslynTargetsPath)\Microsoft.Build.Tasks.CodeAnalysis.dll')) was evaluated as ('roslyn4.8' == '' And
                            ('C#' == 'C#' Or 'C#' == 'VB') And
                            Exists('/usr/lib/dotnet/sdk/8.0.119/Roslyn\Microsoft.Build.Tasks.CodeAnalysis.dll')).
   1:7>Target "ResolvePackageAssets" in file "/usr/lib/dotnet/sdk/8.0.119/Sdks/Microsoft.NET.Sdk/targets/Microsoft.PackageDependencyResolution.targets" from project "/home/runner/work/PFPT/PFPT/PhysicallyFitPT.Domain/PhysicallyFitPT.Domain.csproj" (target "ResolveLockFileReferences" depends on it):
       Using "ResolvePackageAssets" task from assembly "/usr/lib/dotnet/sdk/8.0.119/Sdks/Microsoft.NET.Sdk/targets/../tools/net8.0/Microsoft.NET.Build.Tasks.dll".
       Task "ResolvePackageAssets"
       Done executing task "ResolvePackageAssets".
   1:7>Done building target "ResolvePackageAssets" in project "PhysicallyFitPT.Domain.csproj".
       Target "AdjustDefaultPlatformTargetForNetFrameworkExeWithNoNativeCopyLocalItems" skipped, due to false condition; ('$(_UsingDefaultPlatformTarget)' == 'true' and
                            '$(_UsingDefaultRuntimeIdentifier)' == 'true') was evaluated as ('true' == 'true' and
                            '' == 'true').
       Target "_CheckForTransitiveWindowsDesktopDependencies" skipped, due to false condition; ('$(TargetFrameworkIdentifier)' == '.NETCoreApp' and $([MSBuild]::VersionGreaterThanOrEquals($(_TargetFrameworkVersionWithoutV), '5.0')) and '$(TargetPlatformIdentifier)' != 'Windows' and '@(TransitiveFrameworkReference)' != '') was evaluated as ('.NETCoreApp' == '.NETCoreApp' and True and '' != 'Windows' and '' != '').
       Target "AddTransitiveFrameworkReferences" skipped, due to false condition; ('@(TransitiveFrameworkReference)' != '') was evaluated as ('' != '').
   1:7>Target "ResolveLockFileReferences" in file "/usr/lib/dotnet/sdk/8.0.119/Sdks/Microsoft.NET.Sdk/targets/Microsoft.PackageDependencyResolution.targets" from project "/home/runner/work/PFPT/PFPT/PhysicallyFitPT.Domain/PhysicallyFitPT.Domain.csproj" (target "ResolvePackageDependenciesForBuild" depends on it):
       Using "JoinItems" task from assembly "/usr/lib/dotnet/sdk/8.0.119/Sdks/Microsoft.NET.Sdk/targets/../tools/net8.0/Microsoft.NET.Build.Tasks.dll".
       Task "JoinItems"
       Done executing task "JoinItems".
   1:7>Done building target "ResolveLockFileReferences" in project "PhysicallyFitPT.Domain.csproj".
       Target "ResolvePackageAssets" skipped. Previously built successfully.
   1:7>Target "ResolveLockFileAnalyzers" in file "/usr/lib/dotnet/sdk/8.0.119/Sdks/Microsoft.NET.Sdk/targets/Microsoft.PackageDependencyResolution.targets" from project "/home/runner/work/PFPT/PFPT/PhysicallyFitPT.Domain/PhysicallyFitPT.Domain.csproj" (target "ResolvePackageDependenciesForBuild" depends on it):
   1:7>Done building target "ResolveLockFileAnalyzers" in project "PhysicallyFitPT.Domain.csproj".
       Target "ResolvePackageAssets" skipped. Previously built successfully.
       Target "RunProduceContentAssets" skipped, due to false condition; ('@(_ContentFilesToPreprocess)' != '' and '$(_CleaningWithoutRebuilding)' != 'true') was evaluated as ('' != '' and '' != 'true').
   1:7>Target "ResolveLockFileCopyLocalFiles" in file "/usr/lib/dotnet/sdk/8.0.119/Sdks/Microsoft.NET.Sdk/targets/Microsoft.PackageDependencyResolution.targets" from project "/home/runner/work/PFPT/PFPT/PhysicallyFitPT.Domain/PhysicallyFitPT.Domain.csproj" (target "ResolvePackageDependenciesForBuild" depends on it):
   1:7>Done building target "ResolveLockFileCopyLocalFiles" in project "PhysicallyFitPT.Domain.csproj".
       Target "ResolveRuntimePackAssets" skipped, due to false condition; ('@(RuntimePack)' != '') was evaluated as ('' != '').
       Target "RunProduceContentAssets" skipped, due to false condition; ('@(_ContentFilesToPreprocess)' != '' and '$(_CleaningWithoutRebuilding)' != 'true') was evaluated as ('' != '' and '' != 'true').
       Target "ResolvePackageAssets" skipped. Previously built successfully.
   1:7>Target "IncludeTransitiveProjectReferences" in file "/usr/lib/dotnet/sdk/8.0.119/Sdks/Microsoft.NET.Sdk/targets/Microsoft.PackageDependencyResolution.targets" from project "/home/runner/work/PFPT/PFPT/PhysicallyFitPT.Domain/PhysicallyFitPT.Domain.csproj" (target "ResolvePackageDependenciesForBuild" depends on it):
   1:7>Done building target "IncludeTransitiveProjectReferences" in project "PhysicallyFitPT.Domain.csproj".
   1:7>Target "ResolvePackageDependenciesForBuild" in file "/usr/lib/dotnet/sdk/8.0.119/Sdks/Microsoft.NET.Sdk/targets/Microsoft.PackageDependencyResolution.targets" from project "/home/runner/work/PFPT/PFPT/PhysicallyFitPT.Domain/PhysicallyFitPT.Domain.csproj" (target "AssignProjectConfiguration" depends on it):
   1:7>Done building target "ResolvePackageDependenciesForBuild" in project "PhysicallyFitPT.Domain.csproj".
       Target "AssignProjectConfiguration" skipped, due to false condition; ('$(CurrentSolutionConfigurationContents)' != '' or '@(ProjectReference)'!='') was evaluated as ('' != '' or ''!='').
   1:7>Target "_SplitProjectReferencesByFileExistence" in file "/usr/lib/dotnet/sdk/8.0.119/Microsoft.Common.CurrentVersion.targets" from project "/home/runner/work/PFPT/PFPT/PhysicallyFitPT.Domain/PhysicallyFitPT.Domain.csproj" (target "PrepareProjectReferences" depends on it):
       Task "ResolveNonMSBuildProjectOutput" skipped, due to false condition; ('$(BuildingInsideVisualStudio)'=='true' and '@(ProjectReferenceWithConfiguration)'!='') was evaluated as (''=='true' and ''!='').
   1:7>Done building target "_SplitProjectReferencesByFileExistence" in project "PhysicallyFitPT.Domain.csproj".
   1:7>Target "_AddOutputPathToGlobalPropertiesToRemove" in file "/usr/lib/dotnet/sdk/8.0.119/Microsoft.Common.CurrentVersion.targets" from project "/home/runner/work/PFPT/PFPT/PhysicallyFitPT.Domain/PhysicallyFitPT.Domain.csproj" (target "_GetProjectReferenceTargetFrameworkProperties" depends on it):
   1:7>Done building target "_AddOutputPathToGlobalPropertiesToRemove" in project "PhysicallyFitPT.Domain.csproj".
   1:7>Target "_GetProjectReferenceTargetFrameworkProperties" in file "/usr/lib/dotnet/sdk/8.0.119/Microsoft.Common.CurrentVersion.targets" from project "/home/runner/work/PFPT/PFPT/PhysicallyFitPT.Domain/PhysicallyFitPT.Domain.csproj" (target "PrepareProjectReferences" depends on it):
       Task "MSBuild"
       Done executing task "MSBuild".
       Task "MSBuild" skipped, due to false condition; ('%(_MSBuildProjectReferenceExistent.SkipGetTargetFrameworkProperties)' != 'true' and '$(EnableDynamicPlatformResolution)' == 'true') was evaluated as ('' != 'true' and '' == 'true').
       Task "GetReferenceNearestTargetFrameworkTask" skipped, due to false condition; ('@(_ProjectReferenceTargetFrameworkPossibilities)' != '' and '$(ReferringTargetFrameworkForProjectReferences)' != ''
                                                               And '$(GetReferenceNearestTargetFrameworkTaskSupportsTargetPlatformParameter)' == 'true' and '%(_ProjectReferenceTargetFrameworkPossibilities.IsVcxOrNativeProj)' != 'true') was evaluated as ('' != '' and '.NETCoreApp,Version=v8.0' != ''
                                                               And 'true' == 'true' and '' != 'true').
       Task "GetReferenceNearestTargetFrameworkTask" skipped, due to false condition; ('@(_ProjectReferenceTargetFrameworkPossibilities)' != '' and '$(ReferringTargetFrameworkForProjectReferences)' != ''
                                                               And '$(GetReferenceNearestTargetFrameworkTaskSupportsTargetPlatformParameter)' != 'true' and '%(_ProjectReferenceTargetFrameworkPossibilities.IsVcxOrNativeProj)' != 'true') was evaluated as ('' != '' and '.NETCoreApp,Version=v8.0' != ''
                                                               And 'true' != 'true' and '' != 'true').
       Using "SetRidAgnosticValueForProjects" task from assembly "Microsoft.Build.Tasks.Core, Version=15.1.0.0, Culture=neutral, PublicKeyToken=b03f5f7f11d50a3a".
       Task "SetRidAgnosticValueForProjects"
       Done executing task "SetRidAgnosticValueForProjects".
   1:7>Done building target "_GetProjectReferenceTargetFrameworkProperties" in project "PhysicallyFitPT.Domain.csproj".
   1:7>Target "ValidateExecutableReferences" in file "/usr/lib/dotnet/sdk/8.0.119/Sdks/Microsoft.NET.Sdk/targets/Microsoft.NET.Sdk.targets" from project "/home/runner/work/PFPT/PFPT/PhysicallyFitPT.Domain/PhysicallyFitPT.Domain.csproj" (target "PrepareProjectReferences" depends on it):
       Using "ValidateExecutableReferences" task from assembly "/usr/lib/dotnet/sdk/8.0.119/Sdks/Microsoft.NET.Sdk/targets/../tools/net8.0/Microsoft.NET.Build.Tasks.dll".
       Task "ValidateExecutableReferences"
       Done executing task "ValidateExecutableReferences".
   1:7>Done building target "ValidateExecutableReferences" in project "PhysicallyFitPT.Domain.csproj".
       Target "_GetProjectReferencePlatformProperties" skipped, due to false condition; ('$(EnableDynamicPlatformResolution)' == 'true'
                            and '@(_MSBuildProjectReferenceExistent)' != '') was evaluated as ('' == 'true'
                            and '' != '').
   1:7>Target "PrepareProjectReferences" in file "/usr/lib/dotnet/sdk/8.0.119/Microsoft.Common.CurrentVersion.targets" from project "/home/runner/work/PFPT/PFPT/PhysicallyFitPT.Domain/PhysicallyFitPT.Domain.csproj" (target "ResolveProjectReferences" depends on it):
   1:7>Done building target "PrepareProjectReferences" in project "PhysicallyFitPT.Domain.csproj".
   1:7>Target "ResolveProjectReferences" in file "/usr/lib/dotnet/sdk/8.0.119/Microsoft.Common.CurrentVersion.targets" from project "/home/runner/work/PFPT/PFPT/PhysicallyFitPT.Domain/PhysicallyFitPT.Domain.csproj" (target "ResolveReferences" depends on it):
       Task "MSBuild" skipped, due to false condition; ('%(_MSBuildProjectReferenceExistent.BuildReference)' == 'true' and '@(ProjectReferenceWithConfiguration)' != '' and ('$(BuildingInsideVisualStudio)' == 'true' or '$(BuildProjectReferences)' != 'true') and '$(VisualStudioVersion)' != '10.0' and '@(_MSBuildProjectReferenceExistent)' != '') was evaluated as ('' == 'true' and '' != '' and ('' == 'true' or 'true' != 'true') and '17.0' != '10.0' and '' != '').
       Task "MSBuild" skipped, due to false condition; ('%(_MSBuildProjectReferenceExistent.BuildReference)' == 'true' and '@(ProjectReferenceWithConfiguration)' != '' and '$(BuildingInsideVisualStudio)' != 'true' and '$(BuildProjectReferences)' == 'true' and '@(_MSBuildProjectReferenceExistent)' != '') was evaluated as ('' == 'true' and '' != '' and '' != 'true' and 'true' == 'true' and '' != '').
       Task "MSBuild" skipped, due to false condition; ('%(_MSBuildProjectReferenceExistent.BuildReference)' == 'true' and '@(ProjectReferenceWithConfiguration)' != '' and '$(BuildingProject)' == 'true' and '@(_MSBuildProjectReferenceExistent)' != '') was evaluated as ('' == 'true' and '' != '' and 'true' == 'true' and '' != '').
       Task "Warning" skipped, due to false condition; ('@(ProjectReferenceWithConfiguration)' != '' and '@(_MSBuildProjectReferenceNonexistent)' != '') was evaluated as ('' != '' and '' != '').
   1:7>Done building target "ResolveProjectReferences" in project "PhysicallyFitPT.Domain.csproj".
       Target "FindInvalidProjectReferences" skipped, due to false condition; ('$(FindInvalidProjectReferences)' == 'true') was evaluated as ('' == 'true').
       Target "ResolveNativeReferences" skipped, due to false condition; ('@(NativeReference)'!='') was evaluated as (''!='').
       Target "ResolveProjectReferences" skipped. Previously built successfully.
       Target "FindInvalidProjectReferences" skipped, due to false condition; ('$(FindInvalidProjectReferences)' == 'true') was evaluated as ('' == 'true').
       Target "GetFrameworkPaths" skipped. Previously built successfully.
       Target "GetReferenceAssemblyPaths" skipped. Previously built successfully.
       Target "PrepareForBuild" skipped. Previously built successfully.
       Target "GetInstalledSDKLocations" skipped, due to false condition; ('@(SDKReference)' != '') was evaluated as ('' != '').
   1:7>Target "ResolveSDKReferences" in file "/usr/lib/dotnet/sdk/8.0.119/Microsoft.Common.CurrentVersion.targets" from project "/home/runner/work/PFPT/PFPT/PhysicallyFitPT.Domain/PhysicallyFitPT.Domain.csproj" (target "ResolveAssemblyReferences" depends on it):
       Task "ResolveSDKReference" skipped, due to false condition; ('@(SDKReference)'!='') was evaluated as (''!='').
   1:7>Done building target "ResolveSDKReferences" in project "PhysicallyFitPT.Domain.csproj".
       Target "ResolveSDKReferences" skipped. Previously built successfully.
   1:7>Target "ExpandSDKReferences" in file "/usr/lib/dotnet/sdk/8.0.119/Microsoft.Common.CurrentVersion.targets" from project "/home/runner/work/PFPT/PFPT/PhysicallyFitPT.Domain/PhysicallyFitPT.Domain.csproj" (target "ResolveAssemblyReferences" depends on it):
       Task "GetSDKReferenceFiles" skipped, due to false condition; ('@(ResolvedSDKReference)'!='') was evaluated as (''!='').
   1:7>Done building target "ExpandSDKReferences" in project "PhysicallyFitPT.Domain.csproj".
       Target "ResolvePackageDependenciesForBuild" skipped. Previously built successfully.
       Target "GetFrameworkPaths" skipped. Previously built successfully.
       Target "GetReferenceAssemblyPaths" skipped. Previously built successfully.
       Target "ProcessFrameworkReferences" skipped. Previously built successfully.
       Target "ResolvePackageAssets" skipped. Previously built successfully.
   1:7>Target "ResolveFrameworkReferences" in file "/usr/lib/dotnet/sdk/8.0.119/Sdks/Microsoft.NET.Sdk/targets/Microsoft.NET.Sdk.FrameworkReferenceResolution.targets" from project "/home/runner/work/PFPT/PFPT/PhysicallyFitPT.Domain/PhysicallyFitPT.Domain.csproj" (target "ResolveTargetingPackAssets" depends on it):
       Using "GetPackageDirectory" task from assembly "/usr/lib/dotnet/sdk/8.0.119/Sdks/Microsoft.NET.Sdk/targets/../tools/net8.0/Microsoft.NET.Build.Tasks.dll".
       Task "GetPackageDirectory"
       Done executing task "GetPackageDirectory".
       Task "GetPackageDirectory"
       Done executing task "GetPackageDirectory".
       Task "GetPackageDirectory"
       Done executing task "GetPackageDirectory".
       Task "GetPackageDirectory"
       Done executing task "GetPackageDirectory".
       Task "GetPackageDirectory"
       Done executing task "GetPackageDirectory".
       Task "GetPackageDirectory"
       Done executing task "GetPackageDirectory".
       Task "GetPackageDirectory"
       Done executing task "GetPackageDirectory".
       Task "GetPackageDirectory"
       Done executing task "GetPackageDirectory".
       Task "GetPackageDirectory"
       Done executing task "GetPackageDirectory".
       Task "GetPackageDirectory"
       Done executing task "GetPackageDirectory".
       Using "ResolveFrameworkReferences" task from assembly "/usr/lib/dotnet/sdk/8.0.119/Sdks/Microsoft.NET.Sdk/targets/../tools/net8.0/Microsoft.NET.Build.Tasks.dll".
       Task "ResolveFrameworkReferences"
       Done executing task "ResolveFrameworkReferences".
   1:7>Done building target "ResolveFrameworkReferences" in project "PhysicallyFitPT.Domain.csproj".
   1:7>Target "ResolveTargetingPackAssets" in file "/usr/lib/dotnet/sdk/8.0.119/Sdks/Microsoft.NET.Sdk/targets/Microsoft.NET.Sdk.FrameworkReferenceResolution.targets" from project "/home/runner/work/PFPT/PFPT/PhysicallyFitPT.Domain/PhysicallyFitPT.Domain.csproj" (target "_HandlePackageFileConflicts" depends on it):
       Using "ResolveTargetingPackAssets" task from assembly "/usr/lib/dotnet/sdk/8.0.119/Sdks/Microsoft.NET.Sdk/targets/../tools/net8.0/Microsoft.NET.Build.Tasks.dll".
       Task "ResolveTargetingPackAssets"
       Done executing task "ResolveTargetingPackAssets".
   1:7>Done building target "ResolveTargetingPackAssets" in project "PhysicallyFitPT.Domain.csproj".
   1:7>Target "ResolveOffByDefaultAnalyzers" in file "/usr/lib/dotnet/sdk/8.0.119/Sdks/Microsoft.NET.Sdk/targets/Microsoft.NET.Sdk.FrameworkReferenceResolution.targets" from project "/home/runner/work/PFPT/PFPT/PhysicallyFitPT.Domain/PhysicallyFitPT.Domain.csproj" (target "_HandlePackageFileConflicts" depends on it):
   1:7>Done building target "ResolveOffByDefaultAnalyzers" in project "PhysicallyFitPT.Domain.csproj".
   1:7>Target "_HandlePackageFileConflicts" in file "/usr/lib/dotnet/sdk/8.0.119/Sdks/Microsoft.NET.Sdk/targets/Microsoft.NET.ConflictResolution.targets" from project "/home/runner/work/PFPT/PFPT/PhysicallyFitPT.Domain/PhysicallyFitPT.Domain.csproj" (target "ResolveAssemblyReferences" depends on it):
       Using "ResolvePackageFileConflicts" task from assembly "/usr/lib/dotnet/sdk/8.0.119/Sdks/Microsoft.NET.Sdk/targets/../tools/net8.0/Microsoft.NET.Build.Tasks.dll".
       Task "ResolvePackageFileConflicts"
         Encountered conflict between 'Platform:mscorlib.dll' and 'Platform:mscorlib.dll'. Could not determine winner due to equal file and assembly versions.
         Encountered conflict between 'Platform:Microsoft.VisualBasic.dll' and 'Platform:Microsoft.VisualBasic.dll'. Could not determine winner due to equal file and assembly versions.
         Encountered conflict between 'Platform:System.dll' and 'Platform:System.dll'. Could not determine winner due to equal file and assembly versions.
         Encountered conflict between 'Platform:System.ComponentModel.DataAnnotations.dll' and 'Platform:System.ComponentModel.DataAnnotations.dll'. Could not determine winner due to equal file and assembly versions.
         Encountered conflict between 'Platform:System.Configuration.dll' and 'Platform:System.Configuration.dll'. Could not determine winner due to equal file and assembly versions.
         Encountered conflict between 'Platform:System.Core.dll' and 'Platform:System.Core.dll'. Could not determine winner due to equal file and assembly versions.
         Encountered conflict between 'Platform:System.Data.dll' and 'Platform:System.Data.dll'. Could not determine winner due to equal file and assembly versions.
         Encountered conflict between 'Platform:System.Drawing.dll' and 'Platform:System.Drawing.dll'. Could not determine winner due to equal file and assembly versions.
         Encountered conflict between 'Platform:System.IO.Compression.FileSystem.dll' and 'Platform:System.IO.Compression.FileSystem.dll'. Could not determine winner due to equal file and assembly versions.
         Encountered conflict between 'Platform:System.Net.dll' and 'Platform:System.Net.dll'. Could not determine winner due to equal file and assembly versions.
         Encountered conflict between 'Platform:System.Numerics.dll' and 'Platform:System.Numerics.dll'. Could not determine winner due to equal file and assembly versions.
         Encountered conflict between 'Platform:System.Runtime.Serialization.dll' and 'Platform:System.Runtime.Serialization.dll'. Could not determine winner due to equal file and assembly versions.
         Encountered conflict between 'Platform:System.Security.dll' and 'Platform:System.Security.dll'. Could not determine winner due to equal file and assembly versions.
         Encountered conflict between 'Platform:System.ServiceProcess.dll' and 'Platform:System.ServiceProcess.dll'. Could not determine winner due to equal file and assembly versions.
         Encountered conflict between 'Platform:System.ServiceModel.Web.dll' and 'Platform:System.ServiceModel.Web.dll'. Could not determine winner due to equal file and assembly versions.
         Encountered conflict between 'Platform:System.Transactions.dll' and 'Platform:System.Transactions.dll'. Could not determine winner due to equal file and assembly versions.
         Encountered conflict between 'Platform:System.Web.dll' and 'Platform:System.Web.dll'. Could not determine winner due to equal file and assembly versions.
         Encountered conflict between 'Platform:System.Windows.dll' and 'Platform:System.Windows.dll'. Could not determine winner due to equal file and assembly versions.
         Encountered conflict between 'Platform:System.Xml.dll' and 'Platform:System.Xml.dll'. Could not determine winner due to equal file and assembly versions.
         Encountered conflict between 'Platform:System.Xml.Serialization.dll' and 'Platform:System.Xml.Serialization.dll'. Could not determine winner due to equal file and assembly versions.
         Encountered conflict between 'Platform:System.Xml.Linq.dll' and 'Platform:System.Xml.Linq.dll'. Could not determine winner due to equal file and assembly versions.
         Encountered conflict between 'Platform:WindowsBase.dll' and 'Platform:WindowsBase.dll'. Could not determine winner due to equal file and assembly versions.
         Encountered conflict between 'Platform:netstandard.dll' and 'Platform:netstandard.dll'. Could not determine winner due to equal file and assembly versions.
         Encountered conflict between 'Platform:System.Private.CoreLib.dll' and 'Platform:System.Private.CoreLib.dll'. Could not determine winner due to equal file and assembly versions.
         Encountered conflict between 'Platform:System.Private.DataContractSerialization.dll' and 'Platform:System.Private.DataContractSerialization.dll'. Could not determine winner due to equal file and assembly versions.
         Encountered conflict between 'Platform:System.Private.Uri.dll' and 'Platform:System.Private.Uri.dll'. Could not determine winner due to equal file and assembly versions.
         Encountered conflict between 'Platform:System.Private.Xml.dll' and 'Platform:System.Private.Xml.dll'. Could not determine winner due to equal file and assembly versions.
         Encountered conflict between 'Platform:System.Private.Xml.Linq.dll' and 'Platform:System.Private.Xml.Linq.dll'. Could not determine winner due to equal file and assembly versions.
         Encountered conflict between 'Platform:mscordaccore_amd64_amd64_8.0.1925.36514.dll' and 'Platform:mscordaccore_amd64_amd64_8.0.1925.36514.dll'. Could not determine winner due to equal file and assembly versions.
       Done executing task "ResolvePackageFileConflicts".
   1:7>Done building target "_HandlePackageFileConflicts" in project "PhysicallyFitPT.Domain.csproj".
       Target "ResolveTargetingPackAssets" skipped. Previously built successfully.
   1:7>Target "ResolveAssemblyReferences" in file "/usr/lib/dotnet/sdk/8.0.119/Microsoft.Common.CurrentVersion.targets" from project "/home/runner/work/PFPT/PFPT/PhysicallyFitPT.Domain/PhysicallyFitPT.Domain.csproj" (target "ResolveReferences" depends on it):
       Using "ResolveAssemblyReference" task from assembly "Microsoft.Build.Tasks.Core, Version=15.1.0.0, Culture=neutral, PublicKeyToken=b03f5f7f11d50a3a".
       Task "ResolveAssemblyReference"
         TargetFrameworkMoniker:
             .NETCoreApp,Version=v8.0
         TargetFrameworkMonikerDisplayName:
             .NET 8.0
         TargetedRuntimeVersion:
             
         Assemblies:
             /usr/lib/dotnet/packs/Microsoft.NETCore.App.Ref/8.0.19/ref/net8.0/Microsoft.CSharp.dll
                 Private = 'false'
             /usr/lib/dotnet/packs/Microsoft.NETCore.App.Ref/8.0.19/ref/net8.0/Microsoft.VisualBasic.Core.dll
                 Private = 'false'
             /usr/lib/dotnet/packs/Microsoft.NETCore.App.Ref/8.0.19/ref/net8.0/Microsoft.VisualBasic.dll
                 Private = 'false'
             /usr/lib/dotnet/packs/Microsoft.NETCore.App.Ref/8.0.19/ref/net8.0/Microsoft.Win32.Primitives.dll
                 Private = 'false'
             /usr/lib/dotnet/packs/Microsoft.NETCore.App.Ref/8.0.19/ref/net8.0/Microsoft.Win32.Registry.dll
                 Private = 'false'
             /usr/lib/dotnet/packs/Microsoft.NETCore.App.Ref/8.0.19/ref/net8.0/System.AppContext.dll
                 Private = 'false'
             /usr/lib/dotnet/packs/Microsoft.NETCore.App.Ref/8.0.19/ref/net8.0/System.Buffers.dll
                 Private = 'false'
             /usr/lib/dotnet/packs/Microsoft.NETCore.App.Ref/8.0.19/ref/net8.0/System.Collections.Concurrent.dll
                 Private = 'false'
             /usr/lib/dotnet/packs/Microsoft.NETCore.App.Ref/8.0.19/ref/net8.0/System.Collections.Immutable.dll
                 Private = 'false'
             /usr/lib/dotnet/packs/Microsoft.NETCore.App.Ref/8.0.19/ref/net8.0/System.Collections.NonGeneric.dll
                 Private = 'false'
             /usr/lib/dotnet/packs/Microsoft.NETCore.App.Ref/8.0.19/ref/net8.0/System.Collections.Specialized.dll
                 Private = 'false'
             /usr/lib/dotnet/packs/Microsoft.NETCore.App.Ref/8.0.19/ref/net8.0/System.Collections.dll
                 Private = 'false'
             /usr/lib/dotnet/packs/Microsoft.NETCore.App.Ref/8.0.19/ref/net8.0/System.ComponentModel.Annotations.dll
                 Private = 'false'
             /usr/lib/dotnet/packs/Microsoft.NETCore.App.Ref/8.0.19/ref/net8.0/System.ComponentModel.DataAnnotations.dll
                 Private = 'false'
             /usr/lib/dotnet/packs/Microsoft.NETCore.App.Ref/8.0.19/ref/net8.0/System.ComponentModel.EventBasedAsync.dll
                 Private = 'false'
             /usr/lib/dotnet/packs/Microsoft.NETCore.App.Ref/8.0.19/ref/net8.0/System.ComponentModel.Primitives.dll
                 Private = 'false'
             /usr/lib/dotnet/packs/Microsoft.NETCore.App.Ref/8.0.19/ref/net8.0/System.ComponentModel.TypeConverter.dll
                 Private = 'false'
             /usr/lib/dotnet/packs/Microsoft.NETCore.App.Ref/8.0.19/ref/net8.0/System.ComponentModel.dll
                 Private = 'false'
             /usr/lib/dotnet/packs/Microsoft.NETCore.App.Ref/8.0.19/ref/net8.0/System.Configuration.dll
                 Private = 'false'
             /usr/lib/dotnet/packs/Microsoft.NETCore.App.Ref/8.0.19/ref/net8.0/System.Console.dll
                 Private = 'false'
             /usr/lib/dotnet/packs/Microsoft.NETCore.App.Ref/8.0.19/ref/net8.0/System.Core.dll
                 Private = 'false'
             /usr/lib/dotnet/packs/Microsoft.NETCore.App.Ref/8.0.19/ref/net8.0/System.Data.Common.dll
                 Private = 'false'
             /usr/lib/dotnet/packs/Microsoft.NETCore.App.Ref/8.0.19/ref/net8.0/System.Data.DataSetExtensions.dll
                 Private = 'false'
             /usr/lib/dotnet/packs/Microsoft.NETCore.App.Ref/8.0.19/ref/net8.0/System.Data.dll
                 Private = 'false'
             /usr/lib/dotnet/packs/Microsoft.NETCore.App.Ref/8.0.19/ref/net8.0/System.Diagnostics.Contracts.dll
                 Private = 'false'
             /usr/lib/dotnet/packs/Microsoft.NETCore.App.Ref/8.0.19/ref/net8.0/System.Diagnostics.Debug.dll
                 Private = 'false'
             /usr/lib/dotnet/packs/Microsoft.NETCore.App.Ref/8.0.19/ref/net8.0/System.Diagnostics.DiagnosticSource.dll
                 Private = 'false'
             /usr/lib/dotnet/packs/Microsoft.NETCore.App.Ref/8.0.19/ref/net8.0/System.Diagnostics.FileVersionInfo.dll
                 Private = 'false'
             /usr/lib/dotnet/packs/Microsoft.NETCore.App.Ref/8.0.19/ref/net8.0/System.Diagnostics.Process.dll
                 Private = 'false'
             /usr/lib/dotnet/packs/Microsoft.NETCore.App.Ref/8.0.19/ref/net8.0/System.Diagnostics.StackTrace.dll
                 Private = 'false'
             /usr/lib/dotnet/packs/Microsoft.NETCore.App.Ref/8.0.19/ref/net8.0/System.Diagnostics.TextWriterTraceListener.dll
                 Private = 'false'
             /usr/lib/dotnet/packs/Microsoft.NETCore.App.Ref/8.0.19/ref/net8.0/System.Diagnostics.Tools.dll
                 Private = 'false'
             /usr/lib/dotnet/packs/Microsoft.NETCore.App.Ref/8.0.19/ref/net8.0/System.Diagnostics.TraceSource.dll
                 Private = 'false'
             /usr/lib/dotnet/packs/Microsoft.NETCore.App.Ref/8.0.19/ref/net8.0/System.Diagnostics.Tracing.dll
                 Private = 'false'
             /usr/lib/dotnet/packs/Microsoft.NETCore.App.Ref/8.0.19/ref/net8.0/System.Drawing.Primitives.dll
                 Private = 'false'
             /usr/lib/dotnet/packs/Microsoft.NETCore.App.Ref/8.0.19/ref/net8.0/System.Drawing.dll
                 Private = 'false'
             /usr/lib/dotnet/packs/Microsoft.NETCore.App.Ref/8.0.19/ref/net8.0/System.Dynamic.Runtime.dll
                 Private = 'false'
             /usr/lib/dotnet/packs/Microsoft.NETCore.App.Ref/8.0.19/ref/net8.0/System.Formats.Asn1.dll
                 Private = 'false'
             /usr/lib/dotnet/packs/Microsoft.NETCore.App.Ref/8.0.19/ref/net8.0/System.Formats.Tar.dll
                 Private = 'false'
             /usr/lib/dotnet/packs/Microsoft.NETCore.App.Ref/8.0.19/ref/net8.0/System.Globalization.Calendars.dll
                 Private = 'false'
             /usr/lib/dotnet/packs/Microsoft.NETCore.App.Ref/8.0.19/ref/net8.0/System.Globalization.Extensions.dll
                 Private = 'false'
             /usr/lib/dotnet/packs/Microsoft.NETCore.App.Ref/8.0.19/ref/net8.0/System.Globalization.dll
                 Private = 'false'
             /usr/lib/dotnet/packs/Microsoft.NETCore.App.Ref/8.0.19/ref/net8.0/System.IO.Compression.Brotli.dll
                 Private = 'false'
             /usr/lib/dotnet/packs/Microsoft.NETCore.App.Ref/8.0.19/ref/net8.0/System.IO.Compression.FileSystem.dll
                 Private = 'false'
             /usr/lib/dotnet/packs/Microsoft.NETCore.App.Ref/8.0.19/ref/net8.0/System.IO.Compression.ZipFile.dll
                 Private = 'false'
             /usr/lib/dotnet/packs/Microsoft.NETCore.App.Ref/8.0.19/ref/net8.0/System.IO.Compression.dll
                 Private = 'false'
             /usr/lib/dotnet/packs/Microsoft.NETCore.App.Ref/8.0.19/ref/net8.0/System.IO.FileSystem.AccessControl.dll
                 Private = 'false'
             /usr/lib/dotnet/packs/Microsoft.NETCore.App.Ref/8.0.19/ref/net8.0/System.IO.FileSystem.DriveInfo.dll
                 Private = 'false'
             /usr/lib/dotnet/packs/Microsoft.NETCore.App.Ref/8.0.19/ref/net8.0/System.IO.FileSystem.Primitives.dll
                 Private = 'false'
             /usr/lib/dotnet/packs/Microsoft.NETCore.App.Ref/8.0.19/ref/net8.0/System.IO.FileSystem.Watcher.dll
                 Private = 'false'
             /usr/lib/dotnet/packs/Microsoft.NETCore.App.Ref/8.0.19/ref/net8.0/System.IO.FileSystem.dll
                 Private = 'false'
             /usr/lib/dotnet/packs/Microsoft.NETCore.App.Ref/8.0.19/ref/net8.0/System.IO.IsolatedStorage.dll
                 Private = 'false'
             /usr/lib/dotnet/packs/Microsoft.NETCore.App.Ref/8.0.19/ref/net8.0/System.IO.MemoryMappedFiles.dll
                 Private = 'false'
             /usr/lib/dotnet/packs/Microsoft.NETCore.App.Ref/8.0.19/ref/net8.0/System.IO.Pipes.AccessControl.dll
                 Private = 'false'
             /usr/lib/dotnet/packs/Microsoft.NETCore.App.Ref/8.0.19/ref/net8.0/System.IO.Pipes.dll
                 Private = 'false'
             /usr/lib/dotnet/packs/Microsoft.NETCore.App.Ref/8.0.19/ref/net8.0/System.IO.UnmanagedMemoryStream.dll
                 Private = 'false'
             /usr/lib/dotnet/packs/Microsoft.NETCore.App.Ref/8.0.19/ref/net8.0/System.IO.dll
                 Private = 'false'
             /usr/lib/dotnet/packs/Microsoft.NETCore.App.Ref/8.0.19/ref/net8.0/System.Linq.Expressions.dll
                 Private = 'false'
             /usr/lib/dotnet/packs/Microsoft.NETCore.App.Ref/8.0.19/ref/net8.0/System.Linq.Parallel.dll
                 Private = 'false'
             /usr/lib/dotnet/packs/Microsoft.NETCore.App.Ref/8.0.19/ref/net8.0/System.Linq.Queryable.dll
                 Private = 'false'
             /usr/lib/dotnet/packs/Microsoft.NETCore.App.Ref/8.0.19/ref/net8.0/System.Linq.dll
                 Private = 'false'
             /usr/lib/dotnet/packs/Microsoft.NETCore.App.Ref/8.0.19/ref/net8.0/System.Memory.dll
                 Private = 'false'
             /usr/lib/dotnet/packs/Microsoft.NETCore.App.Ref/8.0.19/ref/net8.0/System.Net.Http.Json.dll
                 Private = 'false'
             /usr/lib/dotnet/packs/Microsoft.NETCore.App.Ref/8.0.19/ref/net8.0/System.Net.Http.dll
                 Private = 'false'
             /usr/lib/dotnet/packs/Microsoft.NETCore.App.Ref/8.0.19/ref/net8.0/System.Net.HttpListener.dll
                 Private = 'false'
             /usr/lib/dotnet/packs/Microsoft.NETCore.App.Ref/8.0.19/ref/net8.0/System.Net.Mail.dll
                 Private = 'false'
             /usr/lib/dotnet/packs/Microsoft.NETCore.App.Ref/8.0.19/ref/net8.0/System.Net.NameResolution.dll
                 Private = 'false'
             /usr/lib/dotnet/packs/Microsoft.NETCore.App.Ref/8.0.19/ref/net8.0/System.Net.NetworkInformation.dll
                 Private = 'false'
             /usr/lib/dotnet/packs/Microsoft.NETCore.App.Ref/8.0.19/ref/net8.0/System.Net.Ping.dll
                 Private = 'false'
             /usr/lib/dotnet/packs/Microsoft.NETCore.App.Ref/8.0.19/ref/net8.0/System.Net.Primitives.dll
                 Private = 'false'
             /usr/lib/dotnet/packs/Microsoft.NETCore.App.Ref/8.0.19/ref/net8.0/System.Net.Quic.dll
                 Private = 'false'
             /usr/lib/dotnet/packs/Microsoft.NETCore.App.Ref/8.0.19/ref/net8.0/System.Net.Requests.dll
                 Private = 'false'
             /usr/lib/dotnet/packs/Microsoft.NETCore.App.Ref/8.0.19/ref/net8.0/System.Net.Security.dll
                 Private = 'false'
             /usr/lib/dotnet/packs/Microsoft.NETCore.App.Ref/8.0.19/ref/net8.0/System.Net.ServicePoint.dll
                 Private = 'false'
             /usr/lib/dotnet/packs/Microsoft.NETCore.App.Ref/8.0.19/ref/net8.0/System.Net.Sockets.dll
                 Private = 'false'
             /usr/lib/dotnet/packs/Microsoft.NETCore.App.Ref/8.0.19/ref/net8.0/System.Net.WebClient.dll
                 Private = 'false'
             /usr/lib/dotnet/packs/Microsoft.NETCore.App.Ref/8.0.19/ref/net8.0/System.Net.WebHeaderCollection.dll
                 Private = 'false'
             /usr/lib/dotnet/packs/Microsoft.NETCore.App.Ref/8.0.19/ref/net8.0/System.Net.WebProxy.dll
                 Private = 'false'
             /usr/lib/dotnet/packs/Microsoft.NETCore.App.Ref/8.0.19/ref/net8.0/System.Net.WebSockets.Client.dll
                 Private = 'false'
             /usr/lib/dotnet/packs/Microsoft.NETCore.App.Ref/8.0.19/ref/net8.0/System.Net.WebSockets.dll
                 Private = 'false'
             /usr/lib/dotnet/packs/Microsoft.NETCore.App.Ref/8.0.19/ref/net8.0/System.Net.dll
                 Private = 'false'
             /usr/lib/dotnet/packs/Microsoft.NETCore.App.Ref/8.0.19/ref/net8.0/System.Numerics.Vectors.dll
                 Private = 'false'
             /usr/lib/dotnet/packs/Microsoft.NETCore.App.Ref/8.0.19/ref/net8.0/System.Numerics.dll
                 Private = 'false'
             /usr/lib/dotnet/packs/Microsoft.NETCore.App.Ref/8.0.19/ref/net8.0/System.ObjectModel.dll
                 Private = 'false'
             /usr/lib/dotnet/packs/Microsoft.NETCore.App.Ref/8.0.19/ref/net8.0/System.Reflection.DispatchProxy.dll
                 Private = 'false'
             /usr/lib/dotnet/packs/Microsoft.NETCore.App.Ref/8.0.19/ref/net8.0/System.Reflection.Emit.ILGeneration.dll
                 Private = 'false'
             /usr/lib/dotnet/packs/Microsoft.NETCore.App.Ref/8.0.19/ref/net8.0/System.Reflection.Emit.Lightweight.dll
                 Private = 'false'
             /usr/lib/dotnet/packs/Microsoft.NETCore.App.Ref/8.0.19/ref/net8.0/System.Reflection.Emit.dll
                 Private = 'false'
             /usr/lib/dotnet/packs/Microsoft.NETCore.App.Ref/8.0.19/ref/net8.0/System.Reflection.Extensions.dll
                 Private = 'false'
             /usr/lib/dotnet/packs/Microsoft.NETCore.App.Ref/8.0.19/ref/net8.0/System.Reflection.Metadata.dll
                 Private = 'false'
             /usr/lib/dotnet/packs/Microsoft.NETCore.App.Ref/8.0.19/ref/net8.0/System.Reflection.Primitives.dll
                 Private = 'false'
             /usr/lib/dotnet/packs/Microsoft.NETCore.App.Ref/8.0.19/ref/net8.0/System.Reflection.TypeExtensions.dll
                 Private = 'false'
             /usr/lib/dotnet/packs/Microsoft.NETCore.App.Ref/8.0.19/ref/net8.0/System.Reflection.dll
                 Private = 'false'
             /usr/lib/dotnet/packs/Microsoft.NETCore.App.Ref/8.0.19/ref/net8.0/System.Resources.Reader.dll
                 Private = 'false'
             /usr/lib/dotnet/packs/Microsoft.NETCore.App.Ref/8.0.19/ref/net8.0/System.Resources.ResourceManager.dll
                 Private = 'false'
             /usr/lib/dotnet/packs/Microsoft.NETCore.App.Ref/8.0.19/ref/net8.0/System.Resources.Writer.dll
                 Private = 'false'
             /usr/lib/dotnet/packs/Microsoft.NETCore.App.Ref/8.0.19/ref/net8.0/System.Runtime.CompilerServices.Unsafe.dll
                 Private = 'false'
             /usr/lib/dotnet/packs/Microsoft.NETCore.App.Ref/8.0.19/ref/net8.0/System.Runtime.CompilerServices.VisualC.dll
                 Private = 'false'
             /usr/lib/dotnet/packs/Microsoft.NETCore.App.Ref/8.0.19/ref/net8.0/System.Runtime.Extensions.dll
                 Private = 'false'
             /usr/lib/dotnet/packs/Microsoft.NETCore.App.Ref/8.0.19/ref/net8.0/System.Runtime.Handles.dll
                 Private = 'false'
             /usr/lib/dotnet/packs/Microsoft.NETCore.App.Ref/8.0.19/ref/net8.0/System.Runtime.InteropServices.JavaScript.dll
                 Private = 'false'
             /usr/lib/dotnet/packs/Microsoft.NETCore.App.Ref/8.0.19/ref/net8.0/System.Runtime.InteropServices.RuntimeInformation.dll
                 Private = 'false'
             /usr/lib/dotnet/packs/Microsoft.NETCore.App.Ref/8.0.19/ref/net8.0/System.Runtime.InteropServices.dll
                 Private = 'false'
             /usr/lib/dotnet/packs/Microsoft.NETCore.App.Ref/8.0.19/ref/net8.0/System.Runtime.Intrinsics.dll
                 Private = 'false'
             /usr/lib/dotnet/packs/Microsoft.NETCore.App.Ref/8.0.19/ref/net8.0/System.Runtime.Loader.dll
                 Private = 'false'
             /usr/lib/dotnet/packs/Microsoft.NETCore.App.Ref/8.0.19/ref/net8.0/System.Runtime.Numerics.dll
                 Private = 'false'
             /usr/lib/dotnet/packs/Microsoft.NETCore.App.Ref/8.0.19/ref/net8.0/System.Runtime.Serialization.Formatters.dll
                 Private = 'false'
             /usr/lib/dotnet/packs/Microsoft.NETCore.App.Ref/8.0.19/ref/net8.0/System.Runtime.Serialization.Json.dll
                 Private = 'false'
             /usr/lib/dotnet/packs/Microsoft.NETCore.App.Ref/8.0.19/ref/net8.0/System.Runtime.Serialization.Primitives.dll
                 Private = 'false'
             /usr/lib/dotnet/packs/Microsoft.NETCore.App.Ref/8.0.19/ref/net8.0/System.Runtime.Serialization.Xml.dll
                 Private = 'false'
             /usr/lib/dotnet/packs/Microsoft.NETCore.App.Ref/8.0.19/ref/net8.0/System.Runtime.Serialization.dll
                 Private = 'false'
             /usr/lib/dotnet/packs/Microsoft.NETCore.App.Ref/8.0.19/ref/net8.0/System.Runtime.dll
                 Private = 'false'
             /usr/lib/dotnet/packs/Microsoft.NETCore.App.Ref/8.0.19/ref/net8.0/System.Security.AccessControl.dll
                 Private = 'false'
             /usr/lib/dotnet/packs/Microsoft.NETCore.App.Ref/8.0.19/ref/net8.0/System.Security.Claims.dll
                 Private = 'false'
             /usr/lib/dotnet/packs/Microsoft.NETCore.App.Ref/8.0.19/ref/net8.0/System.Security.Cryptography.Algorithms.dll
                 Private = 'false'
             /usr/lib/dotnet/packs/Microsoft.NETCore.App.Ref/8.0.19/ref/net8.0/System.Security.Cryptography.Cng.dll
                 Private = 'false'
             /usr/lib/dotnet/packs/Microsoft.NETCore.App.Ref/8.0.19/ref/net8.0/System.Security.Cryptography.Csp.dll
                 Private = 'false'
             /usr/lib/dotnet/packs/Microsoft.NETCore.App.Ref/8.0.19/ref/net8.0/System.Security.Cryptography.Encoding.dll
                 Private = 'false'
             /usr/lib/dotnet/packs/Microsoft.NETCore.App.Ref/8.0.19/ref/net8.0/System.Security.Cryptography.OpenSsl.dll
                 Private = 'false'
             /usr/lib/dotnet/packs/Microsoft.NETCore.App.Ref/8.0.19/ref/net8.0/System.Security.Cryptography.Primitives.dll
                 Private = 'false'
             /usr/lib/dotnet/packs/Microsoft.NETCore.App.Ref/8.0.19/ref/net8.0/System.Security.Cryptography.X509Certificates.dll
                 Private = 'false'
             /usr/lib/dotnet/packs/Microsoft.NETCore.App.Ref/8.0.19/ref/net8.0/System.Security.Cryptography.dll
                 Private = 'false'
             /usr/lib/dotnet/packs/Microsoft.NETCore.App.Ref/8.0.19/ref/net8.0/System.Security.Principal.Windows.dll
                 Private = 'false'
             /usr/lib/dotnet/packs/Microsoft.NETCore.App.Ref/8.0.19/ref/net8.0/System.Security.Principal.dll
                 Private = 'false'
             /usr/lib/dotnet/packs/Microsoft.NETCore.App.Ref/8.0.19/ref/net8.0/System.Security.SecureString.dll
                 Private = 'false'
             /usr/lib/dotnet/packs/Microsoft.NETCore.App.Ref/8.0.19/ref/net8.0/System.Security.dll
                 Private = 'false'
             /usr/lib/dotnet/packs/Microsoft.NETCore.App.Ref/8.0.19/ref/net8.0/System.ServiceModel.Web.dll
                 Private = 'false'
             /usr/lib/dotnet/packs/Microsoft.NETCore.App.Ref/8.0.19/ref/net8.0/System.ServiceProcess.dll
                 Private = 'false'
             /usr/lib/dotnet/packs/Microsoft.NETCore.App.Ref/8.0.19/ref/net8.0/System.Text.Encoding.CodePages.dll
                 Private = 'false'
             /usr/lib/dotnet/packs/Microsoft.NETCore.App.Ref/8.0.19/ref/net8.0/System.Text.Encoding.Extensions.dll
                 Private = 'false'
             /usr/lib/dotnet/packs/Microsoft.NETCore.App.Ref/8.0.19/ref/net8.0/System.Text.Encoding.dll
                 Private = 'false'
             /usr/lib/dotnet/packs/Microsoft.NETCore.App.Ref/8.0.19/ref/net8.0/System.Text.Encodings.Web.dll
                 Private = 'false'
             /usr/lib/dotnet/packs/Microsoft.NETCore.App.Ref/8.0.19/ref/net8.0/System.Text.Json.dll
                 Private = 'false'
             /usr/lib/dotnet/packs/Microsoft.NETCore.App.Ref/8.0.19/ref/net8.0/System.Text.RegularExpressions.dll
                 Private = 'false'
             /usr/lib/dotnet/packs/Microsoft.NETCore.App.Ref/8.0.19/ref/net8.0/System.Threading.Channels.dll
                 Private = 'false'
             /usr/lib/dotnet/packs/Microsoft.NETCore.App.Ref/8.0.19/ref/net8.0/System.Threading.Overlapped.dll
                 Private = 'false'
             /usr/lib/dotnet/packs/Microsoft.NETCore.App.Ref/8.0.19/ref/net8.0/System.Threading.Tasks.Dataflow.dll
                 Private = 'false'
             /usr/lib/dotnet/packs/Microsoft.NETCore.App.Ref/8.0.19/ref/net8.0/System.Threading.Tasks.Extensions.dll
                 Private = 'false'
             /usr/lib/dotnet/packs/Microsoft.NETCore.App.Ref/8.0.19/ref/net8.0/System.Threading.Tasks.Parallel.dll
                 Private = 'false'
             /usr/lib/dotnet/packs/Microsoft.NETCore.App.Ref/8.0.19/ref/net8.0/System.Threading.Tasks.dll
                 Private = 'false'
             /usr/lib/dotnet/packs/Microsoft.NETCore.App.Ref/8.0.19/ref/net8.0/System.Threading.Thread.dll
                 Private = 'false'
             /usr/lib/dotnet/packs/Microsoft.NETCore.App.Ref/8.0.19/ref/net8.0/System.Threading.ThreadPool.dll
                 Private = 'false'
             /usr/lib/dotnet/packs/Microsoft.NETCore.App.Ref/8.0.19/ref/net8.0/System.Threading.Timer.dll
                 Private = 'false'
             /usr/lib/dotnet/packs/Microsoft.NETCore.App.Ref/8.0.19/ref/net8.0/System.Threading.dll
                 Private = 'false'
             /usr/lib/dotnet/packs/Microsoft.NETCore.App.Ref/8.0.19/ref/net8.0/System.Transactions.Local.dll
                 Private = 'false'
             /usr/lib/dotnet/packs/Microsoft.NETCore.App.Ref/8.0.19/ref/net8.0/System.Transactions.dll
                 Private = 'false'
             /usr/lib/dotnet/packs/Microsoft.NETCore.App.Ref/8.0.19/ref/net8.0/System.ValueTuple.dll
                 Private = 'false'
             /usr/lib/dotnet/packs/Microsoft.NETCore.App.Ref/8.0.19/ref/net8.0/System.Web.HttpUtility.dll
                 Private = 'false'
             /usr/lib/dotnet/packs/Microsoft.NETCore.App.Ref/8.0.19/ref/net8.0/System.Web.dll
                 Private = 'false'
             /usr/lib/dotnet/packs/Microsoft.NETCore.App.Ref/8.0.19/ref/net8.0/System.Windows.dll
                 Private = 'false'
             /usr/lib/dotnet/packs/Microsoft.NETCore.App.Ref/8.0.19/ref/net8.0/System.Xml.Linq.dll
                 Private = 'false'
             /usr/lib/dotnet/packs/Microsoft.NETCore.App.Ref/8.0.19/ref/net8.0/System.Xml.ReaderWriter.dll
                 Private = 'false'
             /usr/lib/dotnet/packs/Microsoft.NETCore.App.Ref/8.0.19/ref/net8.0/System.Xml.Serialization.dll
                 Private = 'false'
             /usr/lib/dotnet/packs/Microsoft.NETCore.App.Ref/8.0.19/ref/net8.0/System.Xml.XDocument.dll
                 Private = 'false'
             /usr/lib/dotnet/packs/Microsoft.NETCore.App.Ref/8.0.19/ref/net8.0/System.Xml.XPath.XDocument.dll
                 Private = 'false'
             /usr/lib/dotnet/packs/Microsoft.NETCore.App.Ref/8.0.19/ref/net8.0/System.Xml.XPath.dll
                 Private = 'false'
             /usr/lib/dotnet/packs/Microsoft.NETCore.App.Ref/8.0.19/ref/net8.0/System.Xml.XmlDocument.dll
                 Private = 'false'
             /usr/lib/dotnet/packs/Microsoft.NETCore.App.Ref/8.0.19/ref/net8.0/System.Xml.XmlSerializer.dll
                 Private = 'false'
             /usr/lib/dotnet/packs/Microsoft.NETCore.App.Ref/8.0.19/ref/net8.0/System.Xml.dll
                 Private = 'false'
             /usr/lib/dotnet/packs/Microsoft.NETCore.App.Ref/8.0.19/ref/net8.0/System.dll
                 Private = 'false'
             /usr/lib/dotnet/packs/Microsoft.NETCore.App.Ref/8.0.19/ref/net8.0/WindowsBase.dll
                 Private = 'false'
             /usr/lib/dotnet/packs/Microsoft.NETCore.App.Ref/8.0.19/ref/net8.0/mscorlib.dll
                 Private = 'false'
             /usr/lib/dotnet/packs/Microsoft.NETCore.App.Ref/8.0.19/ref/net8.0/netstandard.dll
                 Private = 'false'
         AssemblyFiles:
         CandidateAssemblyFiles:
         TargetFrameworkDirectories:
             
         InstalledAssemblyTables:
         IgnoreInstalledAssemblyTable:
             False
         SearchPaths:
             {CandidateAssemblyFiles}
             {HintPathFromItem}
             {TargetFrameworkDirectory}
             {RawFileName}
         AllowedAssemblyExtensions:
             .winmd
             .dll
             .exe
         AllowedRelatedFileExtensions:
             .pdb
             .xml
             .pri
             .dll.config
             .exe.config
         AppConfigFile:
             
         AutoUnify:
             True
         CopyLocalDependenciesWhenParentReferenceInGac:
             True
         FindDependencies:
             True
         TargetProcessorArchitecture:
             msil
         StateFile:
             obj/Debug/net8.0/PhysicallyFitPT.Domain.csproj.AssemblyReference.cache
         InstalledAssemblySubsetTables:
         IgnoreInstalledAssemblySubsetTable:
             False
         TargetFrameworkSubsets:
         FullTargetFrameworkSubsetNames:
             Full
         ProfileName:
             
         FullFrameworkFolders:
         LatestTargetFrameworkDirectories:
         ProfileTablesLocation:
         Primary reference "Microsoft.CSharp, Version=8.0.0.0, Culture=neutral, PublicKeyToken=b03f5f7f11d50a3a".
             Resolved file path is "/usr/lib/dotnet/packs/Microsoft.NETCore.App.Ref/8.0.19/ref/net8.0/Microsoft.CSharp.dll".
             Reference found at search path location "{RawFileName}".
             This reference is not "CopyLocal" because at least one source item had "Private" set to "false" and no source items had "Private" set to "true".
             The ImageRuntimeVersion for this reference is "".
         Primary reference "Microsoft.VisualBasic.Core, Version=13.0.0.0, Culture=neutral, PublicKeyToken=b03f5f7f11d50a3a".
             Resolved file path is "/usr/lib/dotnet/packs/Microsoft.NETCore.App.Ref/8.0.19/ref/net8.0/Microsoft.VisualBasic.Core.dll".
             Reference found at search path location "{RawFileName}".
             This reference is not "CopyLocal" because at least one source item had "Private" set to "false" and no source items had "Private" set to "true".
             The ImageRuntimeVersion for this reference is "".
         Primary reference "Microsoft.VisualBasic, Version=10.0.0.0, Culture=neutral, PublicKeyToken=b03f5f7f11d50a3a".
             Resolved file path is "/usr/lib/dotnet/packs/Microsoft.NETCore.App.Ref/8.0.19/ref/net8.0/Microsoft.VisualBasic.dll".
             Reference found at search path location "{RawFileName}".
             This reference is not "CopyLocal" because at least one source item had "Private" set to "false" and no source items had "Private" set to "true".
             The ImageRuntimeVersion for this reference is "".
         Primary reference "Microsoft.Win32.Primitives, Version=8.0.0.0, Culture=neutral, PublicKeyToken=b03f5f7f11d50a3a".
             Resolved file path is "/usr/lib/dotnet/packs/Microsoft.NETCore.App.Ref/8.0.19/ref/net8.0/Microsoft.Win32.Primitives.dll".
             Reference found at search path location "{RawFileName}".
             This reference is not "CopyLocal" because at least one source item had "Private" set to "false" and no source items had "Private" set to "true".
             The ImageRuntimeVersion for this reference is "".
         Primary reference "Microsoft.Win32.Registry, Version=8.0.0.0, Culture=neutral, PublicKeyToken=b03f5f7f11d50a3a".
             Resolved file path is "/usr/lib/dotnet/packs/Microsoft.NETCore.App.Ref/8.0.19/ref/net8.0/Microsoft.Win32.Registry.dll".
             Reference found at search path location "{RawFileName}".
             This reference is not "CopyLocal" because at least one source item had "Private" set to "false" and no source items had "Private" set to "true".
             The ImageRuntimeVersion for this reference is "".
         Primary reference "System.AppContext, Version=8.0.0.0, Culture=neutral, PublicKeyToken=b03f5f7f11d50a3a".
             Resolved file path is "/usr/lib/dotnet/packs/Microsoft.NETCore.App.Ref/8.0.19/ref/net8.0/System.AppContext.dll".
             Reference found at search path location "{RawFileName}".
             This reference is not "CopyLocal" because at least one source item had "Private" set to "false" and no source items had "Private" set to "true".
             The ImageRuntimeVersion for this reference is "".
         Primary reference "System.Buffers, Version=8.0.0.0, Culture=neutral, PublicKeyToken=cc7b13ffcd2ddd51".
             Resolved file path is "/usr/lib/dotnet/packs/Microsoft.NETCore.App.Ref/8.0.19/ref/net8.0/System.Buffers.dll".
             Reference found at search path location "{RawFileName}".
             This reference is not "CopyLocal" because at least one source item had "Private" set to "false" and no source items had "Private" set to "true".
             The ImageRuntimeVersion for this reference is "".
         Primary reference "System.Collections.Concurrent, Version=8.0.0.0, Culture=neutral, PublicKeyToken=b03f5f7f11d50a3a".
             Resolved file path is "/usr/lib/dotnet/packs/Microsoft.NETCore.App.Ref/8.0.19/ref/net8.0/System.Collections.Concurrent.dll".
             Reference found at search path location "{RawFileName}".
             This reference is not "CopyLocal" because at least one source item had "Private" set to "false" and no source items had "Private" set to "true".
             The ImageRuntimeVersion for this reference is "".
         Primary reference "System.Collections.Immutable, Version=8.0.0.0, Culture=neutral, PublicKeyToken=b03f5f7f11d50a3a".
             Resolved file path is "/usr/lib/dotnet/packs/Microsoft.NETCore.App.Ref/8.0.19/ref/net8.0/System.Collections.Immutable.dll".
             Reference found at search path location "{RawFileName}".
             This reference is not "CopyLocal" because at least one source item had "Private" set to "false" and no source items had "Private" set to "true".
             The ImageRuntimeVersion for this reference is "".
         Primary reference "System.Collections.NonGeneric, Version=8.0.0.0, Culture=neutral, PublicKeyToken=b03f5f7f11d50a3a".
             Resolved file path is "/usr/lib/dotnet/packs/Microsoft.NETCore.App.Ref/8.0.19/ref/net8.0/System.Collections.NonGeneric.dll".
             Reference found at search path location "{RawFileName}".
             This reference is not "CopyLocal" because at least one source item had "Private" set to "false" and no source items had "Private" set to "true".
             The ImageRuntimeVersion for this reference is "".
         Primary reference "System.Collections.Specialized, Version=8.0.0.0, Culture=neutral, PublicKeyToken=b03f5f7f11d50a3a".
             Resolved file path is "/usr/lib/dotnet/packs/Microsoft.NETCore.App.Ref/8.0.19/ref/net8.0/System.Collections.Specialized.dll".
             Reference found at search path location "{RawFileName}".
             This reference is not "CopyLocal" because at least one source item had "Private" set to "false" and no source items had "Private" set to "true".
             The ImageRuntimeVersion for this reference is "".
         Primary reference "System.Collections, Version=8.0.0.0, Culture=neutral, PublicKeyToken=b03f5f7f11d50a3a".
             Resolved file path is "/usr/lib/dotnet/packs/Microsoft.NETCore.App.Ref/8.0.19/ref/net8.0/System.Collections.dll".
             Reference found at search path location "{RawFileName}".
             This reference is not "CopyLocal" because at least one source item had "Private" set to "false" and no source items had "Private" set to "true".
             The ImageRuntimeVersion for this reference is "".
         Primary reference "System.ComponentModel.Annotations, Version=8.0.0.0, Culture=neutral, PublicKeyToken=b03f5f7f11d50a3a".
             Resolved file path is "/usr/lib/dotnet/packs/Microsoft.NETCore.App.Ref/8.0.19/ref/net8.0/System.ComponentModel.Annotations.dll".
             Reference found at search path location "{RawFileName}".
             This reference is not "CopyLocal" because at least one source item had "Private" set to "false" and no source items had "Private" set to "true".
             The ImageRuntimeVersion for this reference is "".
         Primary reference "System.ComponentModel.DataAnnotations, Version=4.0.0.0, Culture=neutral, PublicKeyToken=31bf3856ad364e35".
             Resolved file path is "/usr/lib/dotnet/packs/Microsoft.NETCore.App.Ref/8.0.19/ref/net8.0/System.ComponentModel.DataAnnotations.dll".
             Reference found at search path location "{RawFileName}".
             This reference is not "CopyLocal" because at least one source item had "Private" set to "false" and no source items had "Private" set to "true".
             The ImageRuntimeVersion for this reference is "".
         Primary reference "System.ComponentModel.EventBasedAsync, Version=8.0.0.0, Culture=neutral, PublicKeyToken=b03f5f7f11d50a3a".
             Resolved file path is "/usr/lib/dotnet/packs/Microsoft.NETCore.App.Ref/8.0.19/ref/net8.0/System.ComponentModel.EventBasedAsync.dll".
             Reference found at search path location "{RawFileName}".
             This reference is not "CopyLocal" because at least one source item had "Private" set to "false" and no source items had "Private" set to "true".
             The ImageRuntimeVersion for this reference is "".
         Primary reference "System.ComponentModel.Primitives, Version=8.0.0.0, Culture=neutral, PublicKeyToken=b03f5f7f11d50a3a".
             Resolved file path is "/usr/lib/dotnet/packs/Microsoft.NETCore.App.Ref/8.0.19/ref/net8.0/System.ComponentModel.Primitives.dll".
             Reference found at search path location "{RawFileName}".
             This reference is not "CopyLocal" because at least one source item had "Private" set to "false" and no source items had "Private" set to "true".
             The ImageRuntimeVersion for this reference is "".
         Primary reference "System.ComponentModel.TypeConverter, Version=8.0.0.0, Culture=neutral, PublicKeyToken=b03f5f7f11d50a3a".
             Resolved file path is "/usr/lib/dotnet/packs/Microsoft.NETCore.App.Ref/8.0.19/ref/net8.0/System.ComponentModel.TypeConverter.dll".
             Reference found at search path location "{RawFileName}".
             This reference is not "CopyLocal" because at least one source item had "Private" set to "false" and no source items had "Private" set to "true".
             The ImageRuntimeVersion for this reference is "".
         Primary reference "System.ComponentModel, Version=8.0.0.0, Culture=neutral, PublicKeyToken=b03f5f7f11d50a3a".
             Resolved file path is "/usr/lib/dotnet/packs/Microsoft.NETCore.App.Ref/8.0.19/ref/net8.0/System.ComponentModel.dll".
             Reference found at search path location "{RawFileName}".
             This reference is not "CopyLocal" because at least one source item had "Private" set to "false" and no source items had "Private" set to "true".
             The ImageRuntimeVersion for this reference is "".
         Primary reference "System.Configuration, Version=4.0.0.0, Culture=neutral, PublicKeyToken=b03f5f7f11d50a3a".
             Resolved file path is "/usr/lib/dotnet/packs/Microsoft.NETCore.App.Ref/8.0.19/ref/net8.0/System.Configuration.dll".
             Reference found at search path location "{RawFileName}".
             This reference is not "CopyLocal" because at least one source item had "Private" set to "false" and no source items had "Private" set to "true".
             The ImageRuntimeVersion for this reference is "".
         Primary reference "System.Console, Version=8.0.0.0, Culture=neutral, PublicKeyToken=b03f5f7f11d50a3a".
             Resolved file path is "/usr/lib/dotnet/packs/Microsoft.NETCore.App.Ref/8.0.19/ref/net8.0/System.Console.dll".
             Reference found at search path location "{RawFileName}".
             This reference is not "CopyLocal" because at least one source item had "Private" set to "false" and no source items had "Private" set to "true".
             The ImageRuntimeVersion for this reference is "".
         Primary reference "System.Core, Version=4.0.0.0, Culture=neutral, PublicKeyToken=b77a5c561934e089".
             Resolved file path is "/usr/lib/dotnet/packs/Microsoft.NETCore.App.Ref/8.0.19/ref/net8.0/System.Core.dll".
             Reference found at search path location "{RawFileName}".
             This reference is not "CopyLocal" because at least one source item had "Private" set to "false" and no source items had "Private" set to "true".
             The ImageRuntimeVersion for this reference is "".
         Primary reference "System.Data.Common, Version=8.0.0.0, Culture=neutral, PublicKeyToken=b03f5f7f11d50a3a".
             Resolved file path is "/usr/lib/dotnet/packs/Microsoft.NETCore.App.Ref/8.0.19/ref/net8.0/System.Data.Common.dll".
             Reference found at search path location "{RawFileName}".
             This reference is not "CopyLocal" because at least one source item had "Private" set to "false" and no source items had "Private" set to "true".
             The ImageRuntimeVersion for this reference is "".
         Primary reference "System.Data.DataSetExtensions, Version=8.0.0.0, Culture=neutral, PublicKeyToken=b77a5c561934e089".
             Resolved file path is "/usr/lib/dotnet/packs/Microsoft.NETCore.App.Ref/8.0.19/ref/net8.0/System.Data.DataSetExtensions.dll".
             Reference found at search path location "{RawFileName}".
             This reference is not "CopyLocal" because at least one source item had "Private" set to "false" and no source items had "Private" set to "true".
             The ImageRuntimeVersion for this reference is "".
         Primary reference "System.Data, Version=4.0.0.0, Culture=neutral, PublicKeyToken=b77a5c561934e089".
             Resolved file path is "/usr/lib/dotnet/packs/Microsoft.NETCore.App.Ref/8.0.19/ref/net8.0/System.Data.dll".
             Reference found at search path location "{RawFileName}".
             This reference is not "CopyLocal" because at least one source item had "Private" set to "false" and no source items had "Private" set to "true".
             The ImageRuntimeVersion for this reference is "".
         Primary reference "System.Diagnostics.Contracts, Version=8.0.0.0, Culture=neutral, PublicKeyToken=b03f5f7f11d50a3a".
             Resolved file path is "/usr/lib/dotnet/packs/Microsoft.NETCore.App.Ref/8.0.19/ref/net8.0/System.Diagnostics.Contracts.dll".
             Reference found at search path location "{RawFileName}".
             This reference is not "CopyLocal" because at least one source item had "Private" set to "false" and no source items had "Private" set to "true".
             The ImageRuntimeVersion for this reference is "".
         Primary reference "System.Diagnostics.Debug, Version=8.0.0.0, Culture=neutral, PublicKeyToken=b03f5f7f11d50a3a".
             Resolved file path is "/usr/lib/dotnet/packs/Microsoft.NETCore.App.Ref/8.0.19/ref/net8.0/System.Diagnostics.Debug.dll".
             Reference found at search path location "{RawFileName}".
             This reference is not "CopyLocal" because at least one source item had "Private" set to "false" and no source items had "Private" set to "true".
             The ImageRuntimeVersion for this reference is "".
         Primary reference "System.Diagnostics.DiagnosticSource, Version=8.0.0.0, Culture=neutral, PublicKeyToken=cc7b13ffcd2ddd51".
             Resolved file path is "/usr/lib/dotnet/packs/Microsoft.NETCore.App.Ref/8.0.19/ref/net8.0/System.Diagnostics.DiagnosticSource.dll".
             Reference found at search path location "{RawFileName}".
             This reference is not "CopyLocal" because at least one source item had "Private" set to "false" and no source items had "Private" set to "true".
             The ImageRuntimeVersion for this reference is "".
         Primary reference "System.Diagnostics.FileVersionInfo, Version=8.0.0.0, Culture=neutral, PublicKeyToken=b03f5f7f11d50a3a".
             Resolved file path is "/usr/lib/dotnet/packs/Microsoft.NETCore.App.Ref/8.0.19/ref/net8.0/System.Diagnostics.FileVersionInfo.dll".
             Reference found at search path location "{RawFileName}".
             This reference is not "CopyLocal" because at least one source item had "Private" set to "false" and no source items had "Private" set to "true".
             The ImageRuntimeVersion for this reference is "".
         Primary reference "System.Diagnostics.Process, Version=8.0.0.0, Culture=neutral, PublicKeyToken=b03f5f7f11d50a3a".
             Resolved file path is "/usr/lib/dotnet/packs/Microsoft.NETCore.App.Ref/8.0.19/ref/net8.0/System.Diagnostics.Process.dll".
             Reference found at search path location "{RawFileName}".
             This reference is not "CopyLocal" because at least one source item had "Private" set to "false" and no source items had "Private" set to "true".
             The ImageRuntimeVersion for this reference is "".
         Primary reference "System.Diagnostics.StackTrace, Version=8.0.0.0, Culture=neutral, PublicKeyToken=b03f5f7f11d50a3a".
             Resolved file path is "/usr/lib/dotnet/packs/Microsoft.NETCore.App.Ref/8.0.19/ref/net8.0/System.Diagnostics.StackTrace.dll".
             Reference found at search path location "{RawFileName}".
             This reference is not "CopyLocal" because at least one source item had "Private" set to "false" and no source items had "Private" set to "true".
             The ImageRuntimeVersion for this reference is "".
         Primary reference "System.Diagnostics.TextWriterTraceListener, Version=8.0.0.0, Culture=neutral, PublicKeyToken=b03f5f7f11d50a3a".
             Resolved file path is "/usr/lib/dotnet/packs/Microsoft.NETCore.App.Ref/8.0.19/ref/net8.0/System.Diagnostics.TextWriterTraceListener.dll".
             Reference found at search path location "{RawFileName}".
             This reference is not "CopyLocal" because at least one source item had "Private" set to "false" and no source items had "Private" set to "true".
             The ImageRuntimeVersion for this reference is "".
         Primary reference "System.Diagnostics.Tools, Version=8.0.0.0, Culture=neutral, PublicKeyToken=b03f5f7f11d50a3a".
             Resolved file path is "/usr/lib/dotnet/packs/Microsoft.NETCore.App.Ref/8.0.19/ref/net8.0/System.Diagnostics.Tools.dll".
             Reference found at search path location "{RawFileName}".
             This reference is not "CopyLocal" because at least one source item had "Private" set to "false" and no source items had "Private" set to "true".
             The ImageRuntimeVersion for this reference is "".
         Primary reference "System.Diagnostics.TraceSource, Version=8.0.0.0, Culture=neutral, PublicKeyToken=b03f5f7f11d50a3a".
             Resolved file path is "/usr/lib/dotnet/packs/Microsoft.NETCore.App.Ref/8.0.19/ref/net8.0/System.Diagnostics.TraceSource.dll".
             Reference found at search path location "{RawFileName}".
             This reference is not "CopyLocal" because at least one source item had "Private" set to "false" and no source items had "Private" set to "true".
             The ImageRuntimeVersion for this reference is "".
         Primary reference "System.Diagnostics.Tracing, Version=8.0.0.0, Culture=neutral, PublicKeyToken=b03f5f7f11d50a3a".
             Resolved file path is "/usr/lib/dotnet/packs/Microsoft.NETCore.App.Ref/8.0.19/ref/net8.0/System.Diagnostics.Tracing.dll".
             Reference found at search path location "{RawFileName}".
             This reference is not "CopyLocal" because at least one source item had "Private" set to "false" and no source items had "Private" set to "true".
             The ImageRuntimeVersion for this reference is "".
         Primary reference "System.Drawing.Primitives, Version=8.0.0.0, Culture=neutral, PublicKeyToken=b03f5f7f11d50a3a".
             Resolved file path is "/usr/lib/dotnet/packs/Microsoft.NETCore.App.Ref/8.0.19/ref/net8.0/System.Drawing.Primitives.dll".
             Reference found at search path location "{RawFileName}".
             This reference is not "CopyLocal" because at least one source item had "Private" set to "false" and no source items had "Private" set to "true".
             The ImageRuntimeVersion for this reference is "".
         Primary reference "System.Drawing, Version=4.0.0.0, Culture=neutral, PublicKeyToken=b03f5f7f11d50a3a".
             Resolved file path is "/usr/lib/dotnet/packs/Microsoft.NETCore.App.Ref/8.0.19/ref/net8.0/System.Drawing.dll".
             Reference found at search path location "{RawFileName}".
             This reference is not "CopyLocal" because at least one source item had "Private" set to "false" and no source items had "Private" set to "true".
             The ImageRuntimeVersion for this reference is "".
         Primary reference "System.Dynamic.Runtime, Version=8.0.0.0, Culture=neutral, PublicKeyToken=b03f5f7f11d50a3a".
             Resolved file path is "/usr/lib/dotnet/packs/Microsoft.NETCore.App.Ref/8.0.19/ref/net8.0/System.Dynamic.Runtime.dll".
             Reference found at search path location "{RawFileName}".
             This reference is not "CopyLocal" because at least one source item had "Private" set to "false" and no source items had "Private" set to "true".
             The ImageRuntimeVersion for this reference is "".
         Primary reference "System.Formats.Asn1, Version=8.0.0.0, Culture=neutral, PublicKeyToken=cc7b13ffcd2ddd51".
             Resolved file path is "/usr/lib/dotnet/packs/Microsoft.NETCore.App.Ref/8.0.19/ref/net8.0/System.Formats.Asn1.dll".
             Reference found at search path location "{RawFileName}".
             This reference is not "CopyLocal" because at least one source item had "Private" set to "false" and no source items had "Private" set to "true".
             The ImageRuntimeVersion for this reference is "".
         Primary reference "System.Formats.Tar, Version=8.0.0.0, Culture=neutral, PublicKeyToken=cc7b13ffcd2ddd51".
             Resolved file path is "/usr/lib/dotnet/packs/Microsoft.NETCore.App.Ref/8.0.19/ref/net8.0/System.Formats.Tar.dll".
             Reference found at search path location "{RawFileName}".
             This reference is not "CopyLocal" because at least one source item had "Private" set to "false" and no source items had "Private" set to "true".
             The ImageRuntimeVersion for this reference is "".
         Primary reference "System.Globalization.Calendars, Version=8.0.0.0, Culture=neutral, PublicKeyToken=b03f5f7f11d50a3a".
             Resolved file path is "/usr/lib/dotnet/packs/Microsoft.NETCore.App.Ref/8.0.19/ref/net8.0/System.Globalization.Calendars.dll".
             Reference found at search path location "{RawFileName}".
             This reference is not "CopyLocal" because at least one source item had "Private" set to "false" and no source items had "Private" set to "true".
             The ImageRuntimeVersion for this reference is "".
         Primary reference "System.Globalization.Extensions, Version=8.0.0.0, Culture=neutral, PublicKeyToken=b03f5f7f11d50a3a".
             Resolved file path is "/usr/lib/dotnet/packs/Microsoft.NETCore.App.Ref/8.0.19/ref/net8.0/System.Globalization.Extensions.dll".
             Reference found at search path location "{RawFileName}".
             This reference is not "CopyLocal" because at least one source item had "Private" set to "false" and no source items had "Private" set to "true".
             The ImageRuntimeVersion for this reference is "".
         Primary reference "System.Globalization, Version=8.0.0.0, Culture=neutral, PublicKeyToken=b03f5f7f11d50a3a".
             Resolved file path is "/usr/lib/dotnet/packs/Microsoft.NETCore.App.Ref/8.0.19/ref/net8.0/System.Globalization.dll".
             Reference found at search path location "{RawFileName}".
             This reference is not "CopyLocal" because at least one source item had "Private" set to "false" and no source items had "Private" set to "true".
             The ImageRuntimeVersion for this reference is "".
         Primary reference "System.IO.Compression.Brotli, Version=8.0.0.0, Culture=neutral, PublicKeyToken=b77a5c561934e089".
             Resolved file path is "/usr/lib/dotnet/packs/Microsoft.NETCore.App.Ref/8.0.19/ref/net8.0/System.IO.Compression.Brotli.dll".
             Reference found at search path location "{RawFileName}".
             This reference is not "CopyLocal" because at least one source item had "Private" set to "false" and no source items had "Private" set to "true".
             The ImageRuntimeVersion for this reference is "".
         Primary reference "System.IO.Compression.FileSystem, Version=4.0.0.0, Culture=neutral, PublicKeyToken=b77a5c561934e089".
             Resolved file path is "/usr/lib/dotnet/packs/Microsoft.NETCore.App.Ref/8.0.19/ref/net8.0/System.IO.Compression.FileSystem.dll".
             Reference found at search path location "{RawFileName}".
             This reference is not "CopyLocal" because at least one source item had "Private" set to "false" and no source items had "Private" set to "true".
             The ImageRuntimeVersion for this reference is "".
         Primary reference "System.IO.Compression.ZipFile, Version=8.0.0.0, Culture=neutral, PublicKeyToken=b77a5c561934e089".
             Resolved file path is "/usr/lib/dotnet/packs/Microsoft.NETCore.App.Ref/8.0.19/ref/net8.0/System.IO.Compression.ZipFile.dll".
             Reference found at search path location "{RawFileName}".
             This reference is not "CopyLocal" because at least one source item had "Private" set to "false" and no source items had "Private" set to "true".
             The ImageRuntimeVersion for this reference is "".
         Primary reference "System.IO.Compression, Version=8.0.0.0, Culture=neutral, PublicKeyToken=b77a5c561934e089".
             Resolved file path is "/usr/lib/dotnet/packs/Microsoft.NETCore.App.Ref/8.0.19/ref/net8.0/System.IO.Compression.dll".
             Reference found at search path location "{RawFileName}".
             This reference is not "CopyLocal" because at least one source item had "Private" set to "false" and no source items had "Private" set to "true".
             The ImageRuntimeVersion for this reference is "".
         Primary reference "System.IO.FileSystem.AccessControl, Version=8.0.0.0, Culture=neutral, PublicKeyToken=b03f5f7f11d50a3a".
             Resolved file path is "/usr/lib/dotnet/packs/Microsoft.NETCore.App.Ref/8.0.19/ref/net8.0/System.IO.FileSystem.AccessControl.dll".
             Reference found at search path location "{RawFileName}".
             This reference is not "CopyLocal" because at least one source item had "Private" set to "false" and no source items had "Private" set to "true".
             The ImageRuntimeVersion for this reference is "".
         Primary reference "System.IO.FileSystem.DriveInfo, Version=8.0.0.0, Culture=neutral, PublicKeyToken=b03f5f7f11d50a3a".
             Resolved file path is "/usr/lib/dotnet/packs/Microsoft.NETCore.App.Ref/8.0.19/ref/net8.0/System.IO.FileSystem.DriveInfo.dll".
             Reference found at search path location "{RawFileName}".
             This reference is not "CopyLocal" because at least one source item had "Private" set to "false" and no source items had "Private" set to "true".
             The ImageRuntimeVersion for this reference is "".
         Primary reference "System.IO.FileSystem.Primitives, Version=8.0.0.0, Culture=neutral, PublicKeyToken=b03f5f7f11d50a3a".
             Resolved file path is "/usr/lib/dotnet/packs/Microsoft.NETCore.App.Ref/8.0.19/ref/net8.0/System.IO.FileSystem.Primitives.dll".
             Reference found at search path location "{RawFileName}".
             This reference is not "CopyLocal" because at least one source item had "Private" set to "false" and no source items had "Private" set to "true".
             The ImageRuntimeVersion for this reference is "".
         Primary reference "System.IO.FileSystem.Watcher, Version=8.0.0.0, Culture=neutral, PublicKeyToken=b03f5f7f11d50a3a".
             Resolved file path is "/usr/lib/dotnet/packs/Microsoft.NETCore.App.Ref/8.0.19/ref/net8.0/System.IO.FileSystem.Watcher.dll".
             Reference found at search path location "{RawFileName}".
             This reference is not "CopyLocal" because at least one source item had "Private" set to "false" and no source items had "Private" set to "true".
             The ImageRuntimeVersion for this reference is "".
         Primary reference "System.IO.FileSystem, Version=8.0.0.0, Culture=neutral, PublicKeyToken=b03f5f7f11d50a3a".
             Resolved file path is "/usr/lib/dotnet/packs/Microsoft.NETCore.App.Ref/8.0.19/ref/net8.0/System.IO.FileSystem.dll".
             Reference found at search path location "{RawFileName}".
             This reference is not "CopyLocal" because at least one source item had "Private" set to "false" and no source items had "Private" set to "true".
             The ImageRuntimeVersion for this reference is "".
         Primary reference "System.IO.IsolatedStorage, Version=8.0.0.0, Culture=neutral, PublicKeyToken=b03f5f7f11d50a3a".
             Resolved file path is "/usr/lib/dotnet/packs/Microsoft.NETCore.App.Ref/8.0.19/ref/net8.0/System.IO.IsolatedStorage.dll".
             Reference found at search path location "{RawFileName}".
             This reference is not "CopyLocal" because at least one source item had "Private" set to "false" and no source items had "Private" set to "true".
             The ImageRuntimeVersion for this reference is "".
         Primary reference "System.IO.MemoryMappedFiles, Version=8.0.0.0, Culture=neutral, PublicKeyToken=b03f5f7f11d50a3a".
             Resolved file path is "/usr/lib/dotnet/packs/Microsoft.NETCore.App.Ref/8.0.19/ref/net8.0/System.IO.MemoryMappedFiles.dll".
             Reference found at search path location "{RawFileName}".
             This reference is not "CopyLocal" because at least one source item had "Private" set to "false" and no source items had "Private" set to "true".
             The ImageRuntimeVersion for this reference is "".
         Primary reference "System.IO.Pipes.AccessControl, Version=8.0.0.0, Culture=neutral, PublicKeyToken=b03f5f7f11d50a3a".
             Resolved file path is "/usr/lib/dotnet/packs/Microsoft.NETCore.App.Ref/8.0.19/ref/net8.0/System.IO.Pipes.AccessControl.dll".
             Reference found at search path location "{RawFileName}".
             This reference is not "CopyLocal" because at least one source item had "Private" set to "false" and no source items had "Private" set to "true".
             The ImageRuntimeVersion for this reference is "".
         Primary reference "System.IO.Pipes, Version=8.0.0.0, Culture=neutral, PublicKeyToken=b03f5f7f11d50a3a".
             Resolved file path is "/usr/lib/dotnet/packs/Microsoft.NETCore.App.Ref/8.0.19/ref/net8.0/System.IO.Pipes.dll".
             Reference found at search path location "{RawFileName}".
             This reference is not "CopyLocal" because at least one source item had "Private" set to "false" and no source items had "Private" set to "true".
             The ImageRuntimeVersion for this reference is "".
         Primary reference "System.IO.UnmanagedMemoryStream, Version=8.0.0.0, Culture=neutral, PublicKeyToken=b03f5f7f11d50a3a".
             Resolved file path is "/usr/lib/dotnet/packs/Microsoft.NETCore.App.Ref/8.0.19/ref/net8.0/System.IO.UnmanagedMemoryStream.dll".
             Reference found at search path location "{RawFileName}".
             This reference is not "CopyLocal" because at least one source item had "Private" set to "false" and no source items had "Private" set to "true".
             The ImageRuntimeVersion for this reference is "".
         Primary reference "System.IO, Version=8.0.0.0, Culture=neutral, PublicKeyToken=b03f5f7f11d50a3a".
             Resolved file path is "/usr/lib/dotnet/packs/Microsoft.NETCore.App.Ref/8.0.19/ref/net8.0/System.IO.dll".
             Reference found at search path location "{RawFileName}".
             This reference is not "CopyLocal" because at least one source item had "Private" set to "false" and no source items had "Private" set to "true".
             The ImageRuntimeVersion for this reference is "".
         Primary reference "System.Linq.Expressions, Version=8.0.0.0, Culture=neutral, PublicKeyToken=b03f5f7f11d50a3a".
             Resolved file path is "/usr/lib/dotnet/packs/Microsoft.NETCore.App.Ref/8.0.19/ref/net8.0/System.Linq.Expressions.dll".
             Reference found at search path location "{RawFileName}".
             This reference is not "CopyLocal" because at least one source item had "Private" set to "false" and no source items had "Private" set to "true".
             The ImageRuntimeVersion for this reference is "".
         Primary reference "System.Linq.Parallel, Version=8.0.0.0, Culture=neutral, PublicKeyToken=b03f5f7f11d50a3a".
             Resolved file path is "/usr/lib/dotnet/packs/Microsoft.NETCore.App.Ref/8.0.19/ref/net8.0/System.Linq.Parallel.dll".
             Reference found at search path location "{RawFileName}".
             This reference is not "CopyLocal" because at least one source item had "Private" set to "false" and no source items had "Private" set to "true".
             The ImageRuntimeVersion for this reference is "".
         Primary reference "System.Linq.Queryable, Version=8.0.0.0, Culture=neutral, PublicKeyToken=b03f5f7f11d50a3a".
             Resolved file path is "/usr/lib/dotnet/packs/Microsoft.NETCore.App.Ref/8.0.19/ref/net8.0/System.Linq.Queryable.dll".
             Reference found at search path location "{RawFileName}".
             This reference is not "CopyLocal" because at least one source item had "Private" set to "false" and no source items had "Private" set to "true".
             The ImageRuntimeVersion for this reference is "".
         Primary reference "System.Linq, Version=8.0.0.0, Culture=neutral, PublicKeyToken=b03f5f7f11d50a3a".
             Resolved file path is "/usr/lib/dotnet/packs/Microsoft.NETCore.App.Ref/8.0.19/ref/net8.0/System.Linq.dll".
             Reference found at search path location "{RawFileName}".
             This reference is not "CopyLocal" because at least one source item had "Private" set to "false" and no source items had "Private" set to "true".
             The ImageRuntimeVersion for this reference is "".
         Primary reference "System.Memory, Version=8.0.0.0, Culture=neutral, PublicKeyToken=cc7b13ffcd2ddd51".
             Resolved file path is "/usr/lib/dotnet/packs/Microsoft.NETCore.App.Ref/8.0.19/ref/net8.0/System.Memory.dll".
             Reference found at search path location "{RawFileName}".
             This reference is not "CopyLocal" because at least one source item had "Private" set to "false" and no source items had "Private" set to "true".
             The ImageRuntimeVersion for this reference is "".
         Primary reference "System.Net.Http.Json, Version=8.0.0.0, Culture=neutral, PublicKeyToken=cc7b13ffcd2ddd51".
             Resolved file path is "/usr/lib/dotnet/packs/Microsoft.NETCore.App.Ref/8.0.19/ref/net8.0/System.Net.Http.Json.dll".
             Reference found at search path location "{RawFileName}".
             This reference is not "CopyLocal" because at least one source item had "Private" set to "false" and no source items had "Private" set to "true".
             The ImageRuntimeVersion for this reference is "".
         Primary reference "System.Net.Http, Version=8.0.0.0, Culture=neutral, PublicKeyToken=b03f5f7f11d50a3a".
             Resolved file path is "/usr/lib/dotnet/packs/Microsoft.NETCore.App.Ref/8.0.19/ref/net8.0/System.Net.Http.dll".
             Reference found at search path location "{RawFileName}".
             This reference is not "CopyLocal" because at least one source item had "Private" set to "false" and no source items had "Private" set to "true".
             The ImageRuntimeVersion for this reference is "".
         Primary reference "System.Net.HttpListener, Version=8.0.0.0, Culture=neutral, PublicKeyToken=cc7b13ffcd2ddd51".
             Resolved file path is "/usr/lib/dotnet/packs/Microsoft.NETCore.App.Ref/8.0.19/ref/net8.0/System.Net.HttpListener.dll".
             Reference found at search path location "{RawFileName}".
             This reference is not "CopyLocal" because at least one source item had "Private" set to "false" and no source items had "Private" set to "true".
             The ImageRuntimeVersion for this reference is "".
         Primary reference "System.Net.Mail, Version=8.0.0.0, Culture=neutral, PublicKeyToken=cc7b13ffcd2ddd51".
             Resolved file path is "/usr/lib/dotnet/packs/Microsoft.NETCore.App.Ref/8.0.19/ref/net8.0/System.Net.Mail.dll".
             Reference found at search path location "{RawFileName}".
             This reference is not "CopyLocal" because at least one source item had "Private" set to "false" and no source items had "Private" set to "true".
             The ImageRuntimeVersion for this reference is "".
         Primary reference "System.Net.NameResolution, Version=8.0.0.0, Culture=neutral, PublicKeyToken=b03f5f7f11d50a3a".
             Resolved file path is "/usr/lib/dotnet/packs/Microsoft.NETCore.App.Ref/8.0.19/ref/net8.0/System.Net.NameResolution.dll".
             Reference found at search path location "{RawFileName}".
             This reference is not "CopyLocal" because at least one source item had "Private" set to "false" and no source items had "Private" set to "true".
             The ImageRuntimeVersion for this reference is "".
         Primary reference "System.Net.NetworkInformation, Version=8.0.0.0, Culture=neutral, PublicKeyToken=b03f5f7f11d50a3a".
             Resolved file path is "/usr/lib/dotnet/packs/Microsoft.NETCore.App.Ref/8.0.19/ref/net8.0/System.Net.NetworkInformation.dll".
             Reference found at search path location "{RawFileName}".
             This reference is not "CopyLocal" because at least one source item had "Private" set to "false" and no source items had "Private" set to "true".
             The ImageRuntimeVersion for this reference is "".
         Primary reference "System.Net.Ping, Version=8.0.0.0, Culture=neutral, PublicKeyToken=b03f5f7f11d50a3a".
             Resolved file path is "/usr/lib/dotnet/packs/Microsoft.NETCore.App.Ref/8.0.19/ref/net8.0/System.Net.Ping.dll".
             Reference found at search path location "{RawFileName}".
             This reference is not "CopyLocal" because at least one source item had "Private" set to "false" and no source items had "Private" set to "true".
             The ImageRuntimeVersion for this reference is "".
         Primary reference "System.Net.Primitives, Version=8.0.0.0, Culture=neutral, PublicKeyToken=b03f5f7f11d50a3a".
             Resolved file path is "/usr/lib/dotnet/packs/Microsoft.NETCore.App.Ref/8.0.19/ref/net8.0/System.Net.Primitives.dll".
             Reference found at search path location "{RawFileName}".
             This reference is not "CopyLocal" because at least one source item had "Private" set to "false" and no source items had "Private" set to "true".
             The ImageRuntimeVersion for this reference is "".
         Primary reference "System.Net.Quic, Version=8.0.0.0, Culture=neutral, PublicKeyToken=b03f5f7f11d50a3a".
             Resolved file path is "/usr/lib/dotnet/packs/Microsoft.NETCore.App.Ref/8.0.19/ref/net8.0/System.Net.Quic.dll".
             Reference found at search path location "{RawFileName}".
             This reference is not "CopyLocal" because at least one source item had "Private" set to "false" and no source items had "Private" set to "true".
             The ImageRuntimeVersion for this reference is "".
         Primary reference "System.Net.Requests, Version=8.0.0.0, Culture=neutral, PublicKeyToken=b03f5f7f11d50a3a".
             Resolved file path is "/usr/lib/dotnet/packs/Microsoft.NETCore.App.Ref/8.0.19/ref/net8.0/System.Net.Requests.dll".
             Reference found at search path location "{RawFileName}".
             This reference is not "CopyLocal" because at least one source item had "Private" set to "false" and no source items had "Private" set to "true".
             The ImageRuntimeVersion for this reference is "".
         Primary reference "System.Net.Security, Version=8.0.0.0, Culture=neutral, PublicKeyToken=b03f5f7f11d50a3a".
             Resolved file path is "/usr/lib/dotnet/packs/Microsoft.NETCore.App.Ref/8.0.19/ref/net8.0/System.Net.Security.dll".
             Reference found at search path location "{RawFileName}".
             This reference is not "CopyLocal" because at least one source item had "Private" set to "false" and no source items had "Private" set to "true".
             The ImageRuntimeVersion for this reference is "".
         Primary reference "System.Net.ServicePoint, Version=8.0.0.0, Culture=neutral, PublicKeyToken=cc7b13ffcd2ddd51".
             Resolved file path is "/usr/lib/dotnet/packs/Microsoft.NETCore.App.Ref/8.0.19/ref/net8.0/System.Net.ServicePoint.dll".
             Reference found at search path location "{RawFileName}".
             This reference is not "CopyLocal" because at least one source item had "Private" set to "false" and no source items had "Private" set to "true".
             The ImageRuntimeVersion for this reference is "".
         Primary reference "System.Net.Sockets, Version=8.0.0.0, Culture=neutral, PublicKeyToken=b03f5f7f11d50a3a".
             Resolved file path is "/usr/lib/dotnet/packs/Microsoft.NETCore.App.Ref/8.0.19/ref/net8.0/System.Net.Sockets.dll".
             Reference found at search path location "{RawFileName}".
             This reference is not "CopyLocal" because at least one source item had "Private" set to "false" and no source items had "Private" set to "true".
             The ImageRuntimeVersion for this reference is "".
         Primary reference "System.Net.WebClient, Version=8.0.0.0, Culture=neutral, PublicKeyToken=cc7b13ffcd2ddd51".
             Resolved file path is "/usr/lib/dotnet/packs/Microsoft.NETCore.App.Ref/8.0.19/ref/net8.0/System.Net.WebClient.dll".
             Reference found at search path location "{RawFileName}".
             This reference is not "CopyLocal" because at least one source item had "Private" set to "false" and no source items had "Private" set to "true".
             The ImageRuntimeVersion for this reference is "".
         Primary reference "System.Net.WebHeaderCollection, Version=8.0.0.0, Culture=neutral, PublicKeyToken=b03f5f7f11d50a3a".
             Resolved file path is "/usr/lib/dotnet/packs/Microsoft.NETCore.App.Ref/8.0.19/ref/net8.0/System.Net.WebHeaderCollection.dll".
             Reference found at search path location "{RawFileName}".
             This reference is not "CopyLocal" because at least one source item had "Private" set to "false" and no source items had "Private" set to "true".
             The ImageRuntimeVersion for this reference is "".
         Primary reference "System.Net.WebProxy, Version=8.0.0.0, Culture=neutral, PublicKeyToken=cc7b13ffcd2ddd51".
             Resolved file path is "/usr/lib/dotnet/packs/Microsoft.NETCore.App.Ref/8.0.19/ref/net8.0/System.Net.WebProxy.dll".
             Reference found at search path location "{RawFileName}".
             This reference is not "CopyLocal" because at least one source item had "Private" set to "false" and no source items had "Private" set to "true".
             The ImageRuntimeVersion for this reference is "".
         Primary reference "System.Net.WebSockets.Client, Version=8.0.0.0, Culture=neutral, PublicKeyToken=b03f5f7f11d50a3a".
             Resolved file path is "/usr/lib/dotnet/packs/Microsoft.NETCore.App.Ref/8.0.19/ref/net8.0/System.Net.WebSockets.Client.dll".
             Reference found at search path location "{RawFileName}".
             This reference is not "CopyLocal" because at least one source item had "Private" set to "false" and no source items had "Private" set to "true".
             The ImageRuntimeVersion for this reference is "".
         Primary reference "System.Net.WebSockets, Version=8.0.0.0, Culture=neutral, PublicKeyToken=b03f5f7f11d50a3a".
             Resolved file path is "/usr/lib/dotnet/packs/Microsoft.NETCore.App.Ref/8.0.19/ref/net8.0/System.Net.WebSockets.dll".
             Reference found at search path location "{RawFileName}".
             This reference is not "CopyLocal" because at least one source item had "Private" set to "false" and no source items had "Private" set to "true".
             The ImageRuntimeVersion for this reference is "".
         Primary reference "System.Net, Version=4.0.0.0, Culture=neutral, PublicKeyToken=b03f5f7f11d50a3a".
             Resolved file path is "/usr/lib/dotnet/packs/Microsoft.NETCore.App.Ref/8.0.19/ref/net8.0/System.Net.dll".
             Reference found at search path location "{RawFileName}".
             This reference is not "CopyLocal" because at least one source item had "Private" set to "false" and no source items had "Private" set to "true".
             The ImageRuntimeVersion for this reference is "".
         Primary reference "System.Numerics.Vectors, Version=8.0.0.0, Culture=neutral, PublicKeyToken=b03f5f7f11d50a3a".
             Resolved file path is "/usr/lib/dotnet/packs/Microsoft.NETCore.App.Ref/8.0.19/ref/net8.0/System.Numerics.Vectors.dll".
             Reference found at search path location "{RawFileName}".
             This reference is not "CopyLocal" because at least one source item had "Private" set to "false" and no source items had "Private" set to "true".
             The ImageRuntimeVersion for this reference is "".
         Primary reference "System.Numerics, Version=4.0.0.0, Culture=neutral, PublicKeyToken=b77a5c561934e089".
             Resolved file path is "/usr/lib/dotnet/packs/Microsoft.NETCore.App.Ref/8.0.19/ref/net8.0/System.Numerics.dll".
             Reference found at search path location "{RawFileName}".
             This reference is not "CopyLocal" because at least one source item had "Private" set to "false" and no source items had "Private" set to "true".
             The ImageRuntimeVersion for this reference is "".
         Primary reference "System.ObjectModel, Version=8.0.0.0, Culture=neutral, PublicKeyToken=b03f5f7f11d50a3a".
             Resolved file path is "/usr/lib/dotnet/packs/Microsoft.NETCore.App.Ref/8.0.19/ref/net8.0/System.ObjectModel.dll".
             Reference found at search path location "{RawFileName}".
             This reference is not "CopyLocal" because at least one source item had "Private" set to "false" and no source items had "Private" set to "true".
             The ImageRuntimeVersion for this reference is "".
         Primary reference "System.Reflection.DispatchProxy, Version=8.0.0.0, Culture=neutral, PublicKeyToken=b03f5f7f11d50a3a".
             Resolved file path is "/usr/lib/dotnet/packs/Microsoft.NETCore.App.Ref/8.0.19/ref/net8.0/System.Reflection.DispatchProxy.dll".
             Reference found at search path location "{RawFileName}".
             This reference is not "CopyLocal" because at least one source item had "Private" set to "false" and no source items had "Private" set to "true".
             The ImageRuntimeVersion for this reference is "".
         Primary reference "System.Reflection.Emit.ILGeneration, Version=8.0.0.0, Culture=neutral, PublicKeyToken=b03f5f7f11d50a3a".
             Resolved file path is "/usr/lib/dotnet/packs/Microsoft.NETCore.App.Ref/8.0.19/ref/net8.0/System.Reflection.Emit.ILGeneration.dll".
             Reference found at search path location "{RawFileName}".
             This reference is not "CopyLocal" because at least one source item had "Private" set to "false" and no source items had "Private" set to "true".
             The ImageRuntimeVersion for this reference is "".
         Primary reference "System.Reflection.Emit.Lightweight, Version=8.0.0.0, Culture=neutral, PublicKeyToken=b03f5f7f11d50a3a".
             Resolved file path is "/usr/lib/dotnet/packs/Microsoft.NETCore.App.Ref/8.0.19/ref/net8.0/System.Reflection.Emit.Lightweight.dll".
             Reference found at search path location "{RawFileName}".
             This reference is not "CopyLocal" because at least one source item had "Private" set to "false" and no source items had "Private" set to "true".
             The ImageRuntimeVersion for this reference is "".
         Primary reference "System.Reflection.Emit, Version=8.0.0.0, Culture=neutral, PublicKeyToken=b03f5f7f11d50a3a".
             Resolved file path is "/usr/lib/dotnet/packs/Microsoft.NETCore.App.Ref/8.0.19/ref/net8.0/System.Reflection.Emit.dll".
             Reference found at search path location "{RawFileName}".
             This reference is not "CopyLocal" because at least one source item had "Private" set to "false" and no source items had "Private" set to "true".
             The ImageRuntimeVersion for this reference is "".
         Primary reference "System.Reflection.Extensions, Version=8.0.0.0, Culture=neutral, PublicKeyToken=b03f5f7f11d50a3a".
             Resolved file path is "/usr/lib/dotnet/packs/Microsoft.NETCore.App.Ref/8.0.19/ref/net8.0/System.Reflection.Extensions.dll".
             Reference found at search path location "{RawFileName}".
             This reference is not "CopyLocal" because at least one source item had "Private" set to "false" and no source items had "Private" set to "true".
             The ImageRuntimeVersion for this reference is "".
         Primary reference "System.Reflection.Metadata, Version=8.0.0.0, Culture=neutral, PublicKeyToken=b03f5f7f11d50a3a".
             Resolved file path is "/usr/lib/dotnet/packs/Microsoft.NETCore.App.Ref/8.0.19/ref/net8.0/System.Reflection.Metadata.dll".
             Reference found at search path location "{RawFileName}".
             This reference is not "CopyLocal" because at least one source item had "Private" set to "false" and no source items had "Private" set to "true".
             The ImageRuntimeVersion for this reference is "".
         Primary reference "System.Reflection.Primitives, Version=8.0.0.0, Culture=neutral, PublicKeyToken=b03f5f7f11d50a3a".
             Resolved file path is "/usr/lib/dotnet/packs/Microsoft.NETCore.App.Ref/8.0.19/ref/net8.0/System.Reflection.Primitives.dll".
             Reference found at search path location "{RawFileName}".
             This reference is not "CopyLocal" because at least one source item had "Private" set to "false" and no source items had "Private" set to "true".
             The ImageRuntimeVersion for this reference is "".
         Primary reference "System.Reflection.TypeExtensions, Version=8.0.0.0, Culture=neutral, PublicKeyToken=b03f5f7f11d50a3a".
             Resolved file path is "/usr/lib/dotnet/packs/Microsoft.NETCore.App.Ref/8.0.19/ref/net8.0/System.Reflection.TypeExtensions.dll".
             Reference found at search path location "{RawFileName}".
             This reference is not "CopyLocal" because at least one source item had "Private" set to "false" and no source items had "Private" set to "true".
             The ImageRuntimeVersion for this reference is "".
         Primary reference "System.Reflection, Version=8.0.0.0, Culture=neutral, PublicKeyToken=b03f5f7f11d50a3a".
             Resolved file path is "/usr/lib/dotnet/packs/Microsoft.NETCore.App.Ref/8.0.19/ref/net8.0/System.Reflection.dll".
             Reference found at search path location "{RawFileName}".
             This reference is not "CopyLocal" because at least one source item had "Private" set to "false" and no source items had "Private" set to "true".
             The ImageRuntimeVersion for this reference is "".
         Primary reference "System.Resources.Reader, Version=8.0.0.0, Culture=neutral, PublicKeyToken=b03f5f7f11d50a3a".
             Resolved file path is "/usr/lib/dotnet/packs/Microsoft.NETCore.App.Ref/8.0.19/ref/net8.0/System.Resources.Reader.dll".
             Reference found at search path location "{RawFileName}".
             This reference is not "CopyLocal" because at least one source item had "Private" set to "false" and no source items had "Private" set to "true".
             The ImageRuntimeVersion for this reference is "".
         Primary reference "System.Resources.ResourceManager, Version=8.0.0.0, Culture=neutral, PublicKeyToken=b03f5f7f11d50a3a".
             Resolved file path is "/usr/lib/dotnet/packs/Microsoft.NETCore.App.Ref/8.0.19/ref/net8.0/System.Resources.ResourceManager.dll".
             Reference found at search path location "{RawFileName}".
             This reference is not "CopyLocal" because at least one source item had "Private" set to "false" and no source items had "Private" set to "true".
             The ImageRuntimeVersion for this reference is "".
         Primary reference "System.Resources.Writer, Version=8.0.0.0, Culture=neutral, PublicKeyToken=b03f5f7f11d50a3a".
             Resolved file path is "/usr/lib/dotnet/packs/Microsoft.NETCore.App.Ref/8.0.19/ref/net8.0/System.Resources.Writer.dll".
             Reference found at search path location "{RawFileName}".
             This reference is not "CopyLocal" because at least one source item had "Private" set to "false" and no source items had "Private" set to "true".
             The ImageRuntimeVersion for this reference is "".
         Primary reference "System.Runtime.CompilerServices.Unsafe, Version=8.0.0.0, Culture=neutral, PublicKeyToken=b03f5f7f11d50a3a".
             Resolved file path is "/usr/lib/dotnet/packs/Microsoft.NETCore.App.Ref/8.0.19/ref/net8.0/System.Runtime.CompilerServices.Unsafe.dll".
             Reference found at search path location "{RawFileName}".
             This reference is not "CopyLocal" because at least one source item had "Private" set to "false" and no source items had "Private" set to "true".
             The ImageRuntimeVersion for this reference is "".
         Primary reference "System.Runtime.CompilerServices.VisualC, Version=8.0.0.0, Culture=neutral, PublicKeyToken=b03f5f7f11d50a3a".
             Resolved file path is "/usr/lib/dotnet/packs/Microsoft.NETCore.App.Ref/8.0.19/ref/net8.0/System.Runtime.CompilerServices.VisualC.dll".
             Reference found at search path location "{RawFileName}".
             This reference is not "CopyLocal" because at least one source item had "Private" set to "false" and no source items had "Private" set to "true".
             The ImageRuntimeVersion for this reference is "".
         Primary reference "System.Runtime.Extensions, Version=8.0.0.0, Culture=neutral, PublicKeyToken=b03f5f7f11d50a3a".
             Resolved file path is "/usr/lib/dotnet/packs/Microsoft.NETCore.App.Ref/8.0.19/ref/net8.0/System.Runtime.Extensions.dll".
             Reference found at search path location "{RawFileName}".
             This reference is not "CopyLocal" because at least one source item had "Private" set to "false" and no source items had "Private" set to "true".
             The ImageRuntimeVersion for this reference is "".
         Primary reference "System.Runtime.Handles, Version=8.0.0.0, Culture=neutral, PublicKeyToken=b03f5f7f11d50a3a".
             Resolved file path is "/usr/lib/dotnet/packs/Microsoft.NETCore.App.Ref/8.0.19/ref/net8.0/System.Runtime.Handles.dll".
             Reference found at search path location "{RawFileName}".
             This reference is not "CopyLocal" because at least one source item had "Private" set to "false" and no source items had "Private" set to "true".
             The ImageRuntimeVersion for this reference is "".
         Primary reference "System.Runtime.InteropServices.JavaScript, Version=8.0.0.0, Culture=neutral, PublicKeyToken=b03f5f7f11d50a3a".
             Resolved file path is "/usr/lib/dotnet/packs/Microsoft.NETCore.App.Ref/8.0.19/ref/net8.0/System.Runtime.InteropServices.JavaScript.dll".
             Reference found at search path location "{RawFileName}".
             This reference is not "CopyLocal" because at least one source item had "Private" set to "false" and no source items had "Private" set to "true".
             The ImageRuntimeVersion for this reference is "".
         Primary reference "System.Runtime.InteropServices.RuntimeInformation, Version=8.0.0.0, Culture=neutral, PublicKeyToken=b03f5f7f11d50a3a".
             Resolved file path is "/usr/lib/dotnet/packs/Microsoft.NETCore.App.Ref/8.0.19/ref/net8.0/System.Runtime.InteropServices.RuntimeInformation.dll".
             Reference found at search path location "{RawFileName}".
             This reference is not "CopyLocal" because at least one source item had "Private" set to "false" and no source items had "Private" set to "true".
             The ImageRuntimeVersion for this reference is "".
         Primary reference "System.Runtime.InteropServices, Version=8.0.0.0, Culture=neutral, PublicKeyToken=b03f5f7f11d50a3a".
             Resolved file path is "/usr/lib/dotnet/packs/Microsoft.NETCore.App.Ref/8.0.19/ref/net8.0/System.Runtime.InteropServices.dll".
             Reference found at search path location "{RawFileName}".
             This reference is not "CopyLocal" because at least one source item had "Private" set to "false" and no source items had "Private" set to "true".
             The ImageRuntimeVersion for this reference is "".
         Primary reference "System.Runtime.Intrinsics, Version=8.0.0.0, Culture=neutral, PublicKeyToken=cc7b13ffcd2ddd51".
             Resolved file path is "/usr/lib/dotnet/packs/Microsoft.NETCore.App.Ref/8.0.19/ref/net8.0/System.Runtime.Intrinsics.dll".
             Reference found at search path location "{RawFileName}".
             This reference is not "CopyLocal" because at least one source item had "Private" set to "false" and no source items had "Private" set to "true".
             The ImageRuntimeVersion for this reference is "".
         Primary reference "System.Runtime.Loader, Version=8.0.0.0, Culture=neutral, PublicKeyToken=b03f5f7f11d50a3a".
             Resolved file path is "/usr/lib/dotnet/packs/Microsoft.NETCore.App.Ref/8.0.19/ref/net8.0/System.Runtime.Loader.dll".
             Reference found at search path location "{RawFileName}".
             This reference is not "CopyLocal" because at least one source item had "Private" set to "false" and no source items had "Private" set to "true".
             The ImageRuntimeVersion for this reference is "".
         Primary reference "System.Runtime.Numerics, Version=8.0.0.0, Culture=neutral, PublicKeyToken=b03f5f7f11d50a3a".
             Resolved file path is "/usr/lib/dotnet/packs/Microsoft.NETCore.App.Ref/8.0.19/ref/net8.0/System.Runtime.Numerics.dll".
             Reference found at search path location "{RawFileName}".
             This reference is not "CopyLocal" because at least one source item had "Private" set to "false" and no source items had "Private" set to "true".
             The ImageRuntimeVersion for this reference is "".
         Primary reference "System.Runtime.Serialization.Formatters, Version=8.0.0.0, Culture=neutral, PublicKeyToken=b03f5f7f11d50a3a".
             Resolved file path is "/usr/lib/dotnet/packs/Microsoft.NETCore.App.Ref/8.0.19/ref/net8.0/System.Runtime.Serialization.Formatters.dll".
             Reference found at search path location "{RawFileName}".
             This reference is not "CopyLocal" because at least one source item had "Private" set to "false" and no source items had "Private" set to "true".
             The ImageRuntimeVersion for this reference is "".
         Primary reference "System.Runtime.Serialization.Json, Version=8.0.0.0, Culture=neutral, PublicKeyToken=b03f5f7f11d50a3a".
             Resolved file path is "/usr/lib/dotnet/packs/Microsoft.NETCore.App.Ref/8.0.19/ref/net8.0/System.Runtime.Serialization.Json.dll".
             Reference found at search path location "{RawFileName}".
             This reference is not "CopyLocal" because at least one source item had "Private" set to "false" and no source items had "Private" set to "true".
             The ImageRuntimeVersion for this reference is "".
         Primary reference "System.Runtime.Serialization.Primitives, Version=8.0.0.0, Culture=neutral, PublicKeyToken=b03f5f7f11d50a3a".
             Resolved file path is "/usr/lib/dotnet/packs/Microsoft.NETCore.App.Ref/8.0.19/ref/net8.0/System.Runtime.Serialization.Primitives.dll".
             Reference found at search path location "{RawFileName}".
             This reference is not "CopyLocal" because at least one source item had "Private" set to "false" and no source items had "Private" set to "true".
             The ImageRuntimeVersion for this reference is "".
         Primary reference "System.Runtime.Serialization.Xml, Version=8.0.0.0, Culture=neutral, PublicKeyToken=b03f5f7f11d50a3a".
             Resolved file path is "/usr/lib/dotnet/packs/Microsoft.NETCore.App.Ref/8.0.19/ref/net8.0/System.Runtime.Serialization.Xml.dll".
             Reference found at search path location "{RawFileName}".
             This reference is not "CopyLocal" because at least one source item had "Private" set to "false" and no source items had "Private" set to "true".
             The ImageRuntimeVersion for this reference is "".
         Primary reference "System.Runtime.Serialization, Version=4.0.0.0, Culture=neutral, PublicKeyToken=b77a5c561934e089".
             Resolved file path is "/usr/lib/dotnet/packs/Microsoft.NETCore.App.Ref/8.0.19/ref/net8.0/System.Runtime.Serialization.dll".
             Reference found at search path location "{RawFileName}".
             This reference is not "CopyLocal" because at least one source item had "Private" set to "false" and no source items had "Private" set to "true".
             The ImageRuntimeVersion for this reference is "".
         Primary reference "System.Runtime, Version=8.0.0.0, Culture=neutral, PublicKeyToken=b03f5f7f11d50a3a".
             Resolved file path is "/usr/lib/dotnet/packs/Microsoft.NETCore.App.Ref/8.0.19/ref/net8.0/System.Runtime.dll".
             Reference found at search path location "{RawFileName}".
             This reference is not "CopyLocal" because at least one source item had "Private" set to "false" and no source items had "Private" set to "true".
             The ImageRuntimeVersion for this reference is "".
         Primary reference "System.Security.AccessControl, Version=8.0.0.0, Culture=neutral, PublicKeyToken=b03f5f7f11d50a3a".
             Resolved file path is "/usr/lib/dotnet/packs/Microsoft.NETCore.App.Ref/8.0.19/ref/net8.0/System.Security.AccessControl.dll".
             Reference found at search path location "{RawFileName}".
             This reference is not "CopyLocal" because at least one source item had "Private" set to "false" and no source items had "Private" set to "true".
             The ImageRuntimeVersion for this reference is "".
         Primary reference "System.Security.Claims, Version=8.0.0.0, Culture=neutral, PublicKeyToken=b03f5f7f11d50a3a".
             Resolved file path is "/usr/lib/dotnet/packs/Microsoft.NETCore.App.Ref/8.0.19/ref/net8.0/System.Security.Claims.dll".
             Reference found at search path location "{RawFileName}".
             This reference is not "CopyLocal" because at least one source item had "Private" set to "false" and no source items had "Private" set to "true".
             The ImageRuntimeVersion for this reference is "".
         Primary reference "System.Security.Cryptography.Algorithms, Version=8.0.0.0, Culture=neutral, PublicKeyToken=b03f5f7f11d50a3a".
             Resolved file path is "/usr/lib/dotnet/packs/Microsoft.NETCore.App.Ref/8.0.19/ref/net8.0/System.Security.Cryptography.Algorithms.dll".
             Reference found at search path location "{RawFileName}".
             This reference is not "CopyLocal" because at least one source item had "Private" set to "false" and no source items had "Private" set to "true".
             The ImageRuntimeVersion for this reference is "".
         Primary reference "System.Security.Cryptography.Cng, Version=8.0.0.0, Culture=neutral, PublicKeyToken=b03f5f7f11d50a3a".
             Resolved file path is "/usr/lib/dotnet/packs/Microsoft.NETCore.App.Ref/8.0.19/ref/net8.0/System.Security.Cryptography.Cng.dll".
             Reference found at search path location "{RawFileName}".
             This reference is not "CopyLocal" because at least one source item had "Private" set to "false" and no source items had "Private" set to "true".
             The ImageRuntimeVersion for this reference is "".
         Primary reference "System.Security.Cryptography.Csp, Version=8.0.0.0, Culture=neutral, PublicKeyToken=b03f5f7f11d50a3a".
             Resolved file path is "/usr/lib/dotnet/packs/Microsoft.NETCore.App.Ref/8.0.19/ref/net8.0/System.Security.Cryptography.Csp.dll".
             Reference found at search path location "{RawFileName}".
             This reference is not "CopyLocal" because at least one source item had "Private" set to "false" and no source items had "Private" set to "true".
             The ImageRuntimeVersion for this reference is "".
         Primary reference "System.Security.Cryptography.Encoding, Version=8.0.0.0, Culture=neutral, PublicKeyToken=b03f5f7f11d50a3a".
             Resolved file path is "/usr/lib/dotnet/packs/Microsoft.NETCore.App.Ref/8.0.19/ref/net8.0/System.Security.Cryptography.Encoding.dll".
             Reference found at search path location "{RawFileName}".
             This reference is not "CopyLocal" because at least one source item had "Private" set to "false" and no source items had "Private" set to "true".
             The ImageRuntimeVersion for this reference is "".
         Primary reference "System.Security.Cryptography.OpenSsl, Version=8.0.0.0, Culture=neutral, PublicKeyToken=b03f5f7f11d50a3a".
             Resolved file path is "/usr/lib/dotnet/packs/Microsoft.NETCore.App.Ref/8.0.19/ref/net8.0/System.Security.Cryptography.OpenSsl.dll".
             Reference found at search path location "{RawFileName}".
             This reference is not "CopyLocal" because at least one source item had "Private" set to "false" and no source items had "Private" set to "true".
             The ImageRuntimeVersion for this reference is "".
         Primary reference "System.Security.Cryptography.Primitives, Version=8.0.0.0, Culture=neutral, PublicKeyToken=b03f5f7f11d50a3a".
             Resolved file path is "/usr/lib/dotnet/packs/Microsoft.NETCore.App.Ref/8.0.19/ref/net8.0/System.Security.Cryptography.Primitives.dll".
             Reference found at search path location "{RawFileName}".
             This reference is not "CopyLocal" because at least one source item had "Private" set to "false" and no source items had "Private" set to "true".
             The ImageRuntimeVersion for this reference is "".
         Primary reference "System.Security.Cryptography.X509Certificates, Version=8.0.0.0, Culture=neutral, PublicKeyToken=b03f5f7f11d50a3a".
             Resolved file path is "/usr/lib/dotnet/packs/Microsoft.NETCore.App.Ref/8.0.19/ref/net8.0/System.Security.Cryptography.X509Certificates.dll".
             Reference found at search path location "{RawFileName}".
             This reference is not "CopyLocal" because at least one source item had "Private" set to "false" and no source items had "Private" set to "true".
             The ImageRuntimeVersion for this reference is "".
         Primary reference "System.Security.Cryptography, Version=8.0.0.0, Culture=neutral, PublicKeyToken=b03f5f7f11d50a3a".
             Resolved file path is "/usr/lib/dotnet/packs/Microsoft.NETCore.App.Ref/8.0.19/ref/net8.0/System.Security.Cryptography.dll".
             Reference found at search path location "{RawFileName}".
             This reference is not "CopyLocal" because at least one source item had "Private" set to "false" and no source items had "Private" set to "true".
             The ImageRuntimeVersion for this reference is "".
         Primary reference "System.Security.Principal.Windows, Version=8.0.0.0, Culture=neutral, PublicKeyToken=b03f5f7f11d50a3a".
             Resolved file path is "/usr/lib/dotnet/packs/Microsoft.NETCore.App.Ref/8.0.19/ref/net8.0/System.Security.Principal.Windows.dll".
             Reference found at search path location "{RawFileName}".
             This reference is not "CopyLocal" because at least one source item had "Private" set to "false" and no source items had "Private" set to "true".
             The ImageRuntimeVersion for this reference is "".
         Primary reference "System.Security.Principal, Version=8.0.0.0, Culture=neutral, PublicKeyToken=b03f5f7f11d50a3a".
             Resolved file path is "/usr/lib/dotnet/packs/Microsoft.NETCore.App.Ref/8.0.19/ref/net8.0/System.Security.Principal.dll".
             Reference found at search path location "{RawFileName}".
             This reference is not "CopyLocal" because at least one source item had "Private" set to "false" and no source items had "Private" set to "true".
             The ImageRuntimeVersion for this reference is "".
         Primary reference "System.Security.SecureString, Version=8.0.0.0, Culture=neutral, PublicKeyToken=b03f5f7f11d50a3a".
             Resolved file path is "/usr/lib/dotnet/packs/Microsoft.NETCore.App.Ref/8.0.19/ref/net8.0/System.Security.SecureString.dll".
             Reference found at search path location "{RawFileName}".
             This reference is not "CopyLocal" because at least one source item had "Private" set to "false" and no source items had "Private" set to "true".
             The ImageRuntimeVersion for this reference is "".
         Primary reference "System.Security, Version=4.0.0.0, Culture=neutral, PublicKeyToken=b03f5f7f11d50a3a".
             Resolved file path is "/usr/lib/dotnet/packs/Microsoft.NETCore.App.Ref/8.0.19/ref/net8.0/System.Security.dll".
             Reference found at search path location "{RawFileName}".
             This reference is not "CopyLocal" because at least one source item had "Private" set to "false" and no source items had "Private" set to "true".
             The ImageRuntimeVersion for this reference is "".
         Primary reference "System.ServiceModel.Web, Version=4.0.0.0, Culture=neutral, PublicKeyToken=31bf3856ad364e35".
             Resolved file path is "/usr/lib/dotnet/packs/Microsoft.NETCore.App.Ref/8.0.19/ref/net8.0/System.ServiceModel.Web.dll".
             Reference found at search path location "{RawFileName}".
             This reference is not "CopyLocal" because at least one source item had "Private" set to "false" and no source items had "Private" set to "true".
             The ImageRuntimeVersion for this reference is "".
         Primary reference "System.ServiceProcess, Version=4.0.0.0, Culture=neutral, PublicKeyToken=b03f5f7f11d50a3a".
             Resolved file path is "/usr/lib/dotnet/packs/Microsoft.NETCore.App.Ref/8.0.19/ref/net8.0/System.ServiceProcess.dll".
             Reference found at search path location "{RawFileName}".
             This reference is not "CopyLocal" because at least one source item had "Private" set to "false" and no source items had "Private" set to "true".
             The ImageRuntimeVersion for this reference is "".
         Primary reference "System.Text.Encoding.CodePages, Version=8.0.0.0, Culture=neutral, PublicKeyToken=b03f5f7f11d50a3a".
             Resolved file path is "/usr/lib/dotnet/packs/Microsoft.NETCore.App.Ref/8.0.19/ref/net8.0/System.Text.Encoding.CodePages.dll".
             Reference found at search path location "{RawFileName}".
             This reference is not "CopyLocal" because at least one source item had "Private" set to "false" and no source items had "Private" set to "true".
             The ImageRuntimeVersion for this reference is "".
         Primary reference "System.Text.Encoding.Extensions, Version=8.0.0.0, Culture=neutral, PublicKeyToken=b03f5f7f11d50a3a".
             Resolved file path is "/usr/lib/dotnet/packs/Microsoft.NETCore.App.Ref/8.0.19/ref/net8.0/System.Text.Encoding.Extensions.dll".
             Reference found at search path location "{RawFileName}".
             This reference is not "CopyLocal" because at least one source item had "Private" set to "false" and no source items had "Private" set to "true".
             The ImageRuntimeVersion for this reference is "".
         Primary reference "System.Text.Encoding, Version=8.0.0.0, Culture=neutral, PublicKeyToken=b03f5f7f11d50a3a".
             Resolved file path is "/usr/lib/dotnet/packs/Microsoft.NETCore.App.Ref/8.0.19/ref/net8.0/System.Text.Encoding.dll".
             Reference found at search path location "{RawFileName}".
             This reference is not "CopyLocal" because at least one source item had "Private" set to "false" and no source items had "Private" set to "true".
             The ImageRuntimeVersion for this reference is "".
         Primary reference "System.Text.Encodings.Web, Version=8.0.0.0, Culture=neutral, PublicKeyToken=cc7b13ffcd2ddd51".
             Resolved file path is "/usr/lib/dotnet/packs/Microsoft.NETCore.App.Ref/8.0.19/ref/net8.0/System.Text.Encodings.Web.dll".
             Reference found at search path location "{RawFileName}".
             This reference is not "CopyLocal" because at least one source item had "Private" set to "false" and no source items had "Private" set to "true".
             The ImageRuntimeVersion for this reference is "".
         Primary reference "System.Text.Json, Version=8.0.0.0, Culture=neutral, PublicKeyToken=cc7b13ffcd2ddd51".
             Resolved file path is "/usr/lib/dotnet/packs/Microsoft.NETCore.App.Ref/8.0.19/ref/net8.0/System.Text.Json.dll".
             Reference found at search path location "{RawFileName}".
             This reference is not "CopyLocal" because at least one source item had "Private" set to "false" and no source items had "Private" set to "true".
             The ImageRuntimeVersion for this reference is "".
         Primary reference "System.Text.RegularExpressions, Version=8.0.0.0, Culture=neutral, PublicKeyToken=b03f5f7f11d50a3a".
             Resolved file path is "/usr/lib/dotnet/packs/Microsoft.NETCore.App.Ref/8.0.19/ref/net8.0/System.Text.RegularExpressions.dll".
             Reference found at search path location "{RawFileName}".
             This reference is not "CopyLocal" because at least one source item had "Private" set to "false" and no source items had "Private" set to "true".
             The ImageRuntimeVersion for this reference is "".
         Primary reference "System.Threading.Channels, Version=8.0.0.0, Culture=neutral, PublicKeyToken=cc7b13ffcd2ddd51".
             Resolved file path is "/usr/lib/dotnet/packs/Microsoft.NETCore.App.Ref/8.0.19/ref/net8.0/System.Threading.Channels.dll".
             Reference found at search path location "{RawFileName}".
             This reference is not "CopyLocal" because at least one source item had "Private" set to "false" and no source items had "Private" set to "true".
             The ImageRuntimeVersion for this reference is "".
         Primary reference "System.Threading.Overlapped, Version=8.0.0.0, Culture=neutral, PublicKeyToken=b03f5f7f11d50a3a".
             Resolved file path is "/usr/lib/dotnet/packs/Microsoft.NETCore.App.Ref/8.0.19/ref/net8.0/System.Threading.Overlapped.dll".
             Reference found at search path location "{RawFileName}".
             This reference is not "CopyLocal" because at least one source item had "Private" set to "false" and no source items had "Private" set to "true".
             The ImageRuntimeVersion for this reference is "".
         Primary reference "System.Threading.Tasks.Dataflow, Version=8.0.0.0, Culture=neutral, PublicKeyToken=b03f5f7f11d50a3a".
             Resolved file path is "/usr/lib/dotnet/packs/Microsoft.NETCore.App.Ref/8.0.19/ref/net8.0/System.Threading.Tasks.Dataflow.dll".
             Reference found at search path location "{RawFileName}".
             This reference is not "CopyLocal" because at least one source item had "Private" set to "false" and no source items had "Private" set to "true".
             The ImageRuntimeVersion for this reference is "".
         Primary reference "System.Threading.Tasks.Extensions, Version=8.0.0.0, Culture=neutral, PublicKeyToken=cc7b13ffcd2ddd51".
             Resolved file path is "/usr/lib/dotnet/packs/Microsoft.NETCore.App.Ref/8.0.19/ref/net8.0/System.Threading.Tasks.Extensions.dll".
             Reference found at search path location "{RawFileName}".
             This reference is not "CopyLocal" because at least one source item had "Private" set to "false" and no source items had "Private" set to "true".
             The ImageRuntimeVersion for this reference is "".
         Primary reference "System.Threading.Tasks.Parallel, Version=8.0.0.0, Culture=neutral, PublicKeyToken=b03f5f7f11d50a3a".
             Resolved file path is "/usr/lib/dotnet/packs/Microsoft.NETCore.App.Ref/8.0.19/ref/net8.0/System.Threading.Tasks.Parallel.dll".
             Reference found at search path location "{RawFileName}".
             This reference is not "CopyLocal" because at least one source item had "Private" set to "false" and no source items had "Private" set to "true".
             The ImageRuntimeVersion for this reference is "".
         Primary reference "System.Threading.Tasks, Version=8.0.0.0, Culture=neutral, PublicKeyToken=b03f5f7f11d50a3a".
             Resolved file path is "/usr/lib/dotnet/packs/Microsoft.NETCore.App.Ref/8.0.19/ref/net8.0/System.Threading.Tasks.dll".
             Reference found at search path location "{RawFileName}".
             This reference is not "CopyLocal" because at least one source item had "Private" set to "false" and no source items had "Private" set to "true".
             The ImageRuntimeVersion for this reference is "".
         Primary reference "System.Threading.Thread, Version=8.0.0.0, Culture=neutral, PublicKeyToken=b03f5f7f11d50a3a".
             Resolved file path is "/usr/lib/dotnet/packs/Microsoft.NETCore.App.Ref/8.0.19/ref/net8.0/System.Threading.Thread.dll".
             Reference found at search path location "{RawFileName}".
             This reference is not "CopyLocal" because at least one source item had "Private" set to "false" and no source items had "Private" set to "true".
             The ImageRuntimeVersion for this reference is "".
         Primary reference "System.Threading.ThreadPool, Version=8.0.0.0, Culture=neutral, PublicKeyToken=b03f5f7f11d50a3a".
             Resolved file path is "/usr/lib/dotnet/packs/Microsoft.NETCore.App.Ref/8.0.19/ref/net8.0/System.Threading.ThreadPool.dll".
             Reference found at search path location "{RawFileName}".
             This reference is not "CopyLocal" because at least one source item had "Private" set to "false" and no source items had "Private" set to "true".
             The ImageRuntimeVersion for this reference is "".
         Primary reference "System.Threading.Timer, Version=8.0.0.0, Culture=neutral, PublicKeyToken=b03f5f7f11d50a3a".
             Resolved file path is "/usr/lib/dotnet/packs/Microsoft.NETCore.App.Ref/8.0.19/ref/net8.0/System.Threading.Timer.dll".
             Reference found at search path location "{RawFileName}".
             This reference is not "CopyLocal" because at least one source item had "Private" set to "false" and no source items had "Private" set to "true".
             The ImageRuntimeVersion for this reference is "".
         Primary reference "System.Threading, Version=8.0.0.0, Culture=neutral, PublicKeyToken=b03f5f7f11d50a3a".
             Resolved file path is "/usr/lib/dotnet/packs/Microsoft.NETCore.App.Ref/8.0.19/ref/net8.0/System.Threading.dll".
             Reference found at search path location "{RawFileName}".
             This reference is not "CopyLocal" because at least one source item had "Private" set to "false" and no source items had "Private" set to "true".
             The ImageRuntimeVersion for this reference is "".
         Primary reference "System.Transactions.Local, Version=8.0.0.0, Culture=neutral, PublicKeyToken=cc7b13ffcd2ddd51".
             Resolved file path is "/usr/lib/dotnet/packs/Microsoft.NETCore.App.Ref/8.0.19/ref/net8.0/System.Transactions.Local.dll".
             Reference found at search path location "{RawFileName}".
             This reference is not "CopyLocal" because at least one source item had "Private" set to "false" and no source items had "Private" set to "true".
             The ImageRuntimeVersion for this reference is "".
         Primary reference "System.Transactions, Version=4.0.0.0, Culture=neutral, PublicKeyToken=b77a5c561934e089".
             Resolved file path is "/usr/lib/dotnet/packs/Microsoft.NETCore.App.Ref/8.0.19/ref/net8.0/System.Transactions.dll".
             Reference found at search path location "{RawFileName}".
             This reference is not "CopyLocal" because at least one source item had "Private" set to "false" and no source items had "Private" set to "true".
             The ImageRuntimeVersion for this reference is "".
         Primary reference "System.ValueTuple, Version=8.0.0.0, Culture=neutral, PublicKeyToken=cc7b13ffcd2ddd51".
             Resolved file path is "/usr/lib/dotnet/packs/Microsoft.NETCore.App.Ref/8.0.19/ref/net8.0/System.ValueTuple.dll".
             Reference found at search path location "{RawFileName}".
             This reference is not "CopyLocal" because at least one source item had "Private" set to "false" and no source items had "Private" set to "true".
             The ImageRuntimeVersion for this reference is "".
         Primary reference "System.Web.HttpUtility, Version=8.0.0.0, Culture=neutral, PublicKeyToken=cc7b13ffcd2ddd51".
             Resolved file path is "/usr/lib/dotnet/packs/Microsoft.NETCore.App.Ref/8.0.19/ref/net8.0/System.Web.HttpUtility.dll".
             Reference found at search path location "{RawFileName}".
             This reference is not "CopyLocal" because at least one source item had "Private" set to "false" and no source items had "Private" set to "true".
             The ImageRuntimeVersion for this reference is "".
         Primary reference "System.Web, Version=4.0.0.0, Culture=neutral, PublicKeyToken=b03f5f7f11d50a3a".
             Resolved file path is "/usr/lib/dotnet/packs/Microsoft.NETCore.App.Ref/8.0.19/ref/net8.0/System.Web.dll".
             Reference found at search path location "{RawFileName}".
             This reference is not "CopyLocal" because at least one source item had "Private" set to "false" and no source items had "Private" set to "true".
             The ImageRuntimeVersion for this reference is "".
         Primary reference "System.Windows, Version=4.0.0.0, Culture=neutral, PublicKeyToken=b03f5f7f11d50a3a".
             Resolved file path is "/usr/lib/dotnet/packs/Microsoft.NETCore.App.Ref/8.0.19/ref/net8.0/System.Windows.dll".
             Reference found at search path location "{RawFileName}".
             This reference is not "CopyLocal" because at least one source item had "Private" set to "false" and no source items had "Private" set to "true".
             The ImageRuntimeVersion for this reference is "".
         Primary reference "System.Xml.Linq, Version=4.0.0.0, Culture=neutral, PublicKeyToken=b77a5c561934e089".
             Resolved file path is "/usr/lib/dotnet/packs/Microsoft.NETCore.App.Ref/8.0.19/ref/net8.0/System.Xml.Linq.dll".
             Reference found at search path location "{RawFileName}".
             This reference is not "CopyLocal" because at least one source item had "Private" set to "false" and no source items had "Private" set to "true".
             The ImageRuntimeVersion for this reference is "".
         Primary reference "System.Xml.ReaderWriter, Version=8.0.0.0, Culture=neutral, PublicKeyToken=b03f5f7f11d50a3a".
             Resolved file path is "/usr/lib/dotnet/packs/Microsoft.NETCore.App.Ref/8.0.19/ref/net8.0/System.Xml.ReaderWriter.dll".
             Reference found at search path location "{RawFileName}".
             This reference is not "CopyLocal" because at least one source item had "Private" set to "false" and no source items had "Private" set to "true".
             The ImageRuntimeVersion for this reference is "".
         Primary reference "System.Xml.Serialization, Version=4.0.0.0, Culture=neutral, PublicKeyToken=b77a5c561934e089".
             Resolved file path is "/usr/lib/dotnet/packs/Microsoft.NETCore.App.Ref/8.0.19/ref/net8.0/System.Xml.Serialization.dll".
             Reference found at search path location "{RawFileName}".
             This reference is not "CopyLocal" because at least one source item had "Private" set to "false" and no source items had "Private" set to "true".
             The ImageRuntimeVersion for this reference is "".
         Primary reference "System.Xml.XDocument, Version=8.0.0.0, Culture=neutral, PublicKeyToken=b03f5f7f11d50a3a".
             Resolved file path is "/usr/lib/dotnet/packs/Microsoft.NETCore.App.Ref/8.0.19/ref/net8.0/System.Xml.XDocument.dll".
             Reference found at search path location "{RawFileName}".
             This reference is not "CopyLocal" because at least one source item had "Private" set to "false" and no source items had "Private" set to "true".
             The ImageRuntimeVersion for this reference is "".
         Primary reference "System.Xml.XPath.XDocument, Version=8.0.0.0, Culture=neutral, PublicKeyToken=b03f5f7f11d50a3a".
             Resolved file path is "/usr/lib/dotnet/packs/Microsoft.NETCore.App.Ref/8.0.19/ref/net8.0/System.Xml.XPath.XDocument.dll".
             Reference found at search path location "{RawFileName}".
             This reference is not "CopyLocal" because at least one source item had "Private" set to "false" and no source items had "Private" set to "true".
             The ImageRuntimeVersion for this reference is "".
         Primary reference "System.Xml.XPath, Version=8.0.0.0, Culture=neutral, PublicKeyToken=b03f5f7f11d50a3a".
             Resolved file path is "/usr/lib/dotnet/packs/Microsoft.NETCore.App.Ref/8.0.19/ref/net8.0/System.Xml.XPath.dll".
             Reference found at search path location "{RawFileName}".
             This reference is not "CopyLocal" because at least one source item had "Private" set to "false" and no source items had "Private" set to "true".
             The ImageRuntimeVersion for this reference is "".
         Primary reference "System.Xml.XmlDocument, Version=8.0.0.0, Culture=neutral, PublicKeyToken=b03f5f7f11d50a3a".
             Resolved file path is "/usr/lib/dotnet/packs/Microsoft.NETCore.App.Ref/8.0.19/ref/net8.0/System.Xml.XmlDocument.dll".
             Reference found at search path location "{RawFileName}".
             This reference is not "CopyLocal" because at least one source item had "Private" set to "false" and no source items had "Private" set to "true".
             The ImageRuntimeVersion for this reference is "".
         Primary reference "System.Xml.XmlSerializer, Version=8.0.0.0, Culture=neutral, PublicKeyToken=b03f5f7f11d50a3a".
             Resolved file path is "/usr/lib/dotnet/packs/Microsoft.NETCore.App.Ref/8.0.19/ref/net8.0/System.Xml.XmlSerializer.dll".
             Reference found at search path location "{RawFileName}".
             This reference is not "CopyLocal" because at least one source item had "Private" set to "false" and no source items had "Private" set to "true".
             The ImageRuntimeVersion for this reference is "".
         Primary reference "System.Xml, Version=4.0.0.0, Culture=neutral, PublicKeyToken=b77a5c561934e089".
             Resolved file path is "/usr/lib/dotnet/packs/Microsoft.NETCore.App.Ref/8.0.19/ref/net8.0/System.Xml.dll".
             Reference found at search path location "{RawFileName}".
             This reference is not "CopyLocal" because at least one source item had "Private" set to "false" and no source items had "Private" set to "true".
             The ImageRuntimeVersion for this reference is "".
         Primary reference "System, Version=4.0.0.0, Culture=neutral, PublicKeyToken=b77a5c561934e089".
             Resolved file path is "/usr/lib/dotnet/packs/Microsoft.NETCore.App.Ref/8.0.19/ref/net8.0/System.dll".
             Reference found at search path location "{RawFileName}".
             This reference is not "CopyLocal" because at least one source item had "Private" set to "false" and no source items had "Private" set to "true".
             The ImageRuntimeVersion for this reference is "".
         Primary reference "WindowsBase, Version=4.0.0.0, Culture=neutral, PublicKeyToken=31bf3856ad364e35".
             Resolved file path is "/usr/lib/dotnet/packs/Microsoft.NETCore.App.Ref/8.0.19/ref/net8.0/WindowsBase.dll".
             Reference found at search path location "{RawFileName}".
             This reference is not "CopyLocal" because at least one source item had "Private" set to "false" and no source items had "Private" set to "true".
             The ImageRuntimeVersion for this reference is "".
         Primary reference "mscorlib, Version=4.0.0.0, Culture=neutral, PublicKeyToken=b77a5c561934e089".
             Resolved file path is "/usr/lib/dotnet/packs/Microsoft.NETCore.App.Ref/8.0.19/ref/net8.0/mscorlib.dll".
             Reference found at search path location "{RawFileName}".
             This reference is not "CopyLocal" because at least one source item had "Private" set to "false" and no source items had "Private" set to "true".
             The ImageRuntimeVersion for this reference is "".
         Primary reference "netstandard, Version=2.1.0.0, Culture=neutral, PublicKeyToken=cc7b13ffcd2ddd51".
             Resolved file path is "/usr/lib/dotnet/packs/Microsoft.NETCore.App.Ref/8.0.19/ref/net8.0/netstandard.dll".
             Reference found at search path location "{RawFileName}".
             This reference is not "CopyLocal" because at least one source item had "Private" set to "false" and no source items had "Private" set to "true".
             The ImageRuntimeVersion for this reference is "".
       Done executing task "ResolveAssemblyReference".
   1:7>Done building target "ResolveAssemblyReferences" in project "PhysicallyFitPT.Domain.csproj".
       Target "GenerateBindingRedirects" skipped, due to false condition; ('$(AutoGenerateBindingRedirects)' == 'true' and '$(GenerateBindingRedirectsOutputType)' == 'true' and '@(SuggestedBindingRedirects)' != '' and '$(DesignTimeBuild)' != 'true' and '$(BuildingProject)' == 'true') was evaluated as ('' == 'true' and '' == 'true' and '' != '' and '' != 'true' and 'true' == 'true').
       Target "GenerateSupportedRuntime" skipped, due to false condition; ('$(GenerateSupportedRuntime)' != 'false' and '$(TargetFrameworkIdentifier)' == '.NETFramework' and '$(HasRuntimeOutput)' == 'true') was evaluated as ('' != 'false' and '.NETCoreApp' == '.NETFramework' and '' == 'true').
       Target "GenerateBindingRedirectsUpdateAppConfig" skipped, due to false condition; ('$(AutoGenerateBindingRedirects)' == 'true' and '$(GenerateBindingRedirectsOutputType)' == 'true') was evaluated as ('' == 'true' and '' == 'true').
       Target "ResolveComReferences" skipped, due to false condition; ('@(COMReference)'!='' or '@(COMFileReference)'!='') was evaluated as (''!='' or ''!='').
   1:7>Target "AfterResolveReferences" in file "/usr/lib/dotnet/sdk/8.0.119/Microsoft.Common.CurrentVersion.targets" from project "/home/runner/work/PFPT/PFPT/PhysicallyFitPT.Domain/PhysicallyFitPT.Domain.csproj" (target "ResolveReferences" depends on it):
   1:7>Done building target "AfterResolveReferences" in project "PhysicallyFitPT.Domain.csproj".
   1:7>Target "ResolveReferences" in file "/usr/lib/dotnet/sdk/8.0.119/Microsoft.Common.CurrentVersion.targets" from project "/home/runner/work/PFPT/PFPT/PhysicallyFitPT.Domain/PhysicallyFitPT.Domain.csproj" (target "_BlockWinMDsOnUnsupportedTFMs" depends on it):
   1:7>Done building target "ResolveReferences" in project "PhysicallyFitPT.Domain.csproj".
   1:7>Target "_BlockWinMDsOnUnsupportedTFMs" in file "/usr/lib/dotnet/sdk/8.0.119/Sdks/Microsoft.NET.Sdk/targets/Microsoft.NET.Sdk.targets" from project "/home/runner/work/PFPT/PFPT/PhysicallyFitPT.Domain/PhysicallyFitPT.Domain.csproj" (target "CoreBuild" depends on it):
       Using "CheckForUnsupportedWinMDReferences" task from assembly "/usr/lib/dotnet/sdk/8.0.119/Sdks/Microsoft.NET.Sdk/targets/../tools/net8.0/Microsoft.NET.Build.Tasks.dll".
       Task "CheckForUnsupportedWinMDReferences"
       Done executing task "CheckForUnsupportedWinMDReferences".
       Task "NETSdkError" skipped, due to false condition; ('$(OutputType)' == 'winmdobj') was evaluated as ('Library' == 'winmdobj').
   1:7>Done building target "_BlockWinMDsOnUnsupportedTFMs" in project "PhysicallyFitPT.Domain.csproj".
       Target "ResolveReferences" skipped. Previously built successfully.
       Target "ResolvePackageDependenciesForBuild" skipped. Previously built successfully.
       Target "_HandlePackageFileConflicts" skipped. Previously built successfully.
   1:7>Target "CopyAdditionalFiles" in file "/usr/lib/dotnet/sdk/8.0.119/Roslyn/Microsoft.Managed.Core.targets" from project "/home/runner/work/PFPT/PFPT/PhysicallyFitPT.Domain/PhysicallyFitPT.Domain.csproj" (target "AssignTargetPaths" depends on it):
   1:7>Done building target "CopyAdditionalFiles" in project "PhysicallyFitPT.Domain.csproj".
       Target "_ChooseAppHost" skipped, due to false condition; ('$(UseAppHost)' == 'true' and '$(_IsExecutable)' == 'true') was evaluated as ('' == 'true' and '' == 'true').
       Target "_GetComHostPaths" skipped, due to false condition; ('$(EnableComHosting)' == 'true' and '$(_IsExecutable)' != 'true') was evaluated as ('' == 'true' and '' != 'true').
       Target "_GetIjwHostPaths" skipped, due to false condition; ('$(UseIJWHost)' == 'true') was evaluated as ('' == 'true').
   1:7>Target "_ComputeNETCoreBuildOutputFiles" in file "/usr/lib/dotnet/sdk/8.0.119/Sdks/Microsoft.NET.Sdk/targets/Microsoft.NET.Sdk.targets" from project "/home/runner/work/PFPT/PFPT/PhysicallyFitPT.Domain/PhysicallyFitPT.Domain.csproj" (target "AssignTargetPaths" depends on it):
   1:7>Done building target "_ComputeNETCoreBuildOutputFiles" in project "PhysicallyFitPT.Domain.csproj".
   1:7>Target "AssignTargetPaths" in file "/usr/lib/dotnet/sdk/8.0.119/Microsoft.Common.CurrentVersion.targets" from project "/home/runner/work/PFPT/PFPT/PhysicallyFitPT.Domain/PhysicallyFitPT.Domain.csproj" (target "PrepareResourceNames" depends on it):
       Using "AssignTargetPath" task from assembly "Microsoft.Build.Tasks.Core, Version=15.1.0.0, Culture=neutral, PublicKeyToken=b03f5f7f11d50a3a".
       Task "AssignTargetPath"
       Done executing task "AssignTargetPath".
       Task "AssignTargetPath"
       Done executing task "AssignTargetPath".
       Task "AssignTargetPath"
       Done executing task "AssignTargetPath".
       Task "AssignTargetPath"
       Done executing task "AssignTargetPath".
       Task "AssignTargetPath" skipped, due to false condition; ('@(_DeploymentBaseManifestWithTargetPath)'=='' and '%(None.Extension)'=='.manifest') was evaluated as (''=='' and '.json'=='.manifest').
   1:7>Done building target "AssignTargetPaths" in project "PhysicallyFitPT.Domain.csproj".
       Target "AssignTargetPaths" skipped. Previously built successfully.
   1:7>Target "SplitResourcesByCulture" in file "/usr/lib/dotnet/sdk/8.0.119/Microsoft.Common.CurrentVersion.targets" from project "/home/runner/work/PFPT/PFPT/PhysicallyFitPT.Domain/PhysicallyFitPT.Domain.csproj" (target "PrepareResourceNames" depends on it):
       Task "Warning" skipped, due to false condition; ('@(ResxWithNoCulture)'!='') was evaluated as (''!='').
       Task "Warning" skipped, due to false condition; ('@(ResxWithCulture)'!='') was evaluated as (''!='').
       Task "Warning" skipped, due to false condition; ('@(NonResxWithCulture)'!='') was evaluated as (''!='').
       Task "Warning" skipped, due to false condition; ('@(NonResxWithNoCulture)'!='') was evaluated as (''!='').
       Using "AssignCulture" task from assembly "Microsoft.Build.Tasks.Core, Version=15.1.0.0, Culture=neutral, PublicKeyToken=b03f5f7f11d50a3a".
       Task "AssignCulture"
       Done executing task "AssignCulture".
   1:7>Done building target "SplitResourcesByCulture" in project "PhysicallyFitPT.Domain.csproj".
       Target "CreateManifestResourceNames" skipped, due to false condition; ('@(EmbeddedResource)' != '') was evaluated as ('' != '').
   1:7>Target "CreateCustomManifestResourceNames" in file "/usr/lib/dotnet/sdk/8.0.119/Microsoft.Common.CurrentVersion.targets" from project "/home/runner/work/PFPT/PFPT/PhysicallyFitPT.Domain/PhysicallyFitPT.Domain.csproj" (target "PrepareResourceNames" depends on it):
   1:7>Done building target "CreateCustomManifestResourceNames" in project "PhysicallyFitPT.Domain.csproj".
   1:7>Target "PrepareResourceNames" in file "/usr/lib/dotnet/sdk/8.0.119/Microsoft.Common.CurrentVersion.targets" from project "/home/runner/work/PFPT/PFPT/PhysicallyFitPT.Domain/PhysicallyFitPT.Domain.csproj" (target "PrepareResources" depends on it):
   1:7>Done building target "PrepareResourceNames" in project "PhysicallyFitPT.Domain.csproj".
       Target "ResolveAssemblyReferences" skipped. Previously built successfully.
       Target "SplitResourcesByCulture" skipped. Previously built successfully.
   1:7>Target "BeforeResGen" in file "/usr/lib/dotnet/sdk/8.0.119/Microsoft.Common.CurrentVersion.targets" from project "/home/runner/work/PFPT/PFPT/PhysicallyFitPT.Domain/PhysicallyFitPT.Domain.csproj" (target "ResGen" depends on it):
   1:7>Done building target "BeforeResGen" in project "PhysicallyFitPT.Domain.csproj".
       Target "ResolveReferences" skipped. Previously built successfully.
   1:7>Target "FindReferenceAssembliesForReferences" in file "/usr/lib/dotnet/sdk/8.0.119/Microsoft.Common.CurrentVersion.targets" from project "/home/runner/work/PFPT/PFPT/PhysicallyFitPT.Domain/PhysicallyFitPT.Domain.csproj" (target "CoreResGen" depends on it):
   1:7>Done building target "FindReferenceAssembliesForReferences" in project "PhysicallyFitPT.Domain.csproj".
   1:7>Target "CoreResGen" in file "/usr/lib/dotnet/sdk/8.0.119/Microsoft.Common.CurrentVersion.targets" from project "/home/runner/work/PFPT/PFPT/PhysicallyFitPT.Domain/PhysicallyFitPT.Domain.csproj" (target "ResGen" depends on it):
       Task "GenerateResource" skipped, due to false condition; ('%(EmbeddedResource.Type)' == 'Resx' and '%(EmbeddedResource.GenerateResource)' != 'false' and '$(GenerateResourceMSBuildRuntime)' != 'CLR2') was evaluated as ('' == 'Resx' and '' != 'false' and 'CurrentRuntime' != 'CLR2').
       Task "GenerateResource" skipped, due to false condition; ('%(EmbeddedResource.Type)' == 'Resx' and '%(EmbeddedResource.GenerateResource)' != 'false' and '$(GenerateResourceMSBuildRuntime)' == 'CLR2') was evaluated as ('' == 'Resx' and '' != 'false' and 'CurrentRuntime' == 'CLR2').
   1:7>Done building target "CoreResGen" in project "PhysicallyFitPT.Domain.csproj".
   1:7>Target "AfterResGen" in file "/usr/lib/dotnet/sdk/8.0.119/Microsoft.Common.CurrentVersion.targets" from project "/home/runner/work/PFPT/PFPT/PhysicallyFitPT.Domain/PhysicallyFitPT.Domain.csproj" (target "ResGen" depends on it):
   1:7>Done building target "AfterResGen" in project "PhysicallyFitPT.Domain.csproj".
   1:7>Target "ResGen" in file "/usr/lib/dotnet/sdk/8.0.119/Microsoft.Common.CurrentVersion.targets" from project "/home/runner/work/PFPT/PFPT/PhysicallyFitPT.Domain/PhysicallyFitPT.Domain.csproj" (target "PrepareResources" depends on it):
   1:7>Done building target "ResGen" in project "PhysicallyFitPT.Domain.csproj".
       Target "CompileLicxFiles" skipped, due to false condition; ('@(_LicxFile)'!='') was evaluated as (''!='').
   1:7>Target "PrepareResources" in file "/usr/lib/dotnet/sdk/8.0.119/Microsoft.Common.CurrentVersion.targets" from project "/home/runner/work/PFPT/PFPT/PhysicallyFitPT.Domain/PhysicallyFitPT.Domain.csproj" (target "CoreBuild" depends on it):
   1:7>Done building target "PrepareResources" in project "PhysicallyFitPT.Domain.csproj".
       Target "ResolveKeySource" skipped, due to false condition; ($(SignManifests) == 'true' or $(SignAssembly) == 'true') was evaluated as ( == 'true' or false == 'true').
       Target "ResolveReferences" skipped. Previously built successfully.
       Target "ResolveKeySource" skipped, due to false condition; ($(SignManifests) == 'true' or $(SignAssembly) == 'true') was evaluated as ( == 'true' or false == 'true').
       Target "ResolveComReferences" skipped, due to false condition; ('@(COMReference)'!='' or '@(COMFileReference)'!='') was evaluated as (''!='' or ''!='').
       Target "ResolveNativeReferences" skipped, due to false condition; ('@(NativeReference)'!='') was evaluated as (''!='').
       Target "_SetExternalWin32ManifestProperties" skipped, due to false condition; ('$(GenerateClickOnceManifests)'=='true' or '@(NativeReference)'!='' or '@(ResolvedIsolatedComModules)'!='') was evaluated as (''=='true' or ''!='' or ''!='').
   1:7>Target "_SetEmbeddedWin32ManifestProperties" in file "/usr/lib/dotnet/sdk/8.0.119/Microsoft.Common.CurrentVersion.targets" from project "/home/runner/work/PFPT/PFPT/PhysicallyFitPT.Domain/PhysicallyFitPT.Domain.csproj" (target "SetWin32ManifestProperties" depends on it):
       Using "GetFrameworkPath" task from assembly "Microsoft.Build.Tasks.Core, Version=15.1.0.0, Culture=neutral, PublicKeyToken=b03f5f7f11d50a3a".
       Task "GetFrameworkPath"
       Done executing task "GetFrameworkPath".
   1:7>Done building target "_SetEmbeddedWin32ManifestProperties" in project "PhysicallyFitPT.Domain.csproj".
   1:7>Target "SetWin32ManifestProperties" in file "/usr/lib/dotnet/sdk/8.0.119/Microsoft.Common.CurrentVersion.targets" from project "/home/runner/work/PFPT/PFPT/PhysicallyFitPT.Domain/PhysicallyFitPT.Domain.csproj" (target "Compile" depends on it):
   1:7>Done building target "SetWin32ManifestProperties" in project "PhysicallyFitPT.Domain.csproj".
       Target "FindReferenceAssembliesForReferences" skipped. Previously built successfully.
   1:7>Target "_GenerateCompileInputs" in file "/usr/lib/dotnet/sdk/8.0.119/Microsoft.Common.CurrentVersion.targets" from project "/home/runner/work/PFPT/PFPT/PhysicallyFitPT.Domain/PhysicallyFitPT.Domain.csproj" (target "Compile" depends on it):
       Task "Warning" skipped, due to false condition; ('@(ManifestResourceWithNoCulture)'!='' and '%(ManifestResourceWithNoCulture.EmittedForCompatibilityOnly)'=='') was evaluated as (''!='' and ''=='').
       Task "Warning" skipped, due to false condition; ('@(ManifestNonResxWithNoCultureOnDisk)'!='' and '%(ManifestNonResxWithNoCultureOnDisk.EmittedForCompatibilityOnly)'=='') was evaluated as (''!='' and ''=='').
   1:7>Done building target "_GenerateCompileInputs" in project "PhysicallyFitPT.Domain.csproj".
       Target "PrepareForBuild" skipped. Previously built successfully.
   1:7>Target "GenerateMSBuildEditorConfigFileShouldRun" in file "/usr/lib/dotnet/sdk/8.0.119/Roslyn/Microsoft.Managed.Core.targets" from project "/home/runner/work/PFPT/PFPT/PhysicallyFitPT.Domain/PhysicallyFitPT.Domain.csproj" (target "GenerateMSBuildEditorConfigFile" depends on it):
   1:7>Done building target "GenerateMSBuildEditorConfigFileShouldRun" in project "PhysicallyFitPT.Domain.csproj".
   1:7>Target "GenerateMSBuildEditorConfigFileCore" in file "/usr/lib/dotnet/sdk/8.0.119/Roslyn/Microsoft.Managed.Core.targets" from project "/home/runner/work/PFPT/PFPT/PhysicallyFitPT.Domain/PhysicallyFitPT.Domain.csproj" (target "GenerateMSBuildEditorConfigFile" depends on it):
       Building target "GenerateMSBuildEditorConfigFileCore" completely.
       No input files were specified.
       Using "GenerateMSBuildEditorConfig" task from assembly "/usr/lib/dotnet/sdk/8.0.119/Roslyn/Microsoft.Build.Tasks.CodeAnalysis.dll".
       Task "GenerateMSBuildEditorConfig"
       Done executing task "GenerateMSBuildEditorConfig".
   1:7>Done building target "GenerateMSBuildEditorConfigFileCore" in project "PhysicallyFitPT.Domain.csproj".
   1:7>Target "GenerateMSBuildEditorConfigFile" in file "/usr/lib/dotnet/sdk/8.0.119/Roslyn/Microsoft.Managed.Core.targets" from project "/home/runner/work/PFPT/PFPT/PhysicallyFitPT.Domain/PhysicallyFitPT.Domain.csproj" (target "BeforeCompile" depends on it):
   1:7>Done building target "GenerateMSBuildEditorConfigFile" in project "PhysicallyFitPT.Domain.csproj".
       Target "PrepareForBuild" skipped. Previously built successfully.
       Target "GetReferenceAssemblyPaths" skipped. Previously built successfully.
   1:7>Target "_SetTargetFrameworkMonikerAttribute" in file "/usr/lib/dotnet/sdk/8.0.119/Microsoft.CSharp.CurrentVersion.targets" from project "/home/runner/work/PFPT/PFPT/PhysicallyFitPT.Domain/PhysicallyFitPT.Domain.csproj" (target "GenerateTargetFrameworkMonikerAttribute" depends on it):
   1:7>Done building target "_SetTargetFrameworkMonikerAttribute" in project "PhysicallyFitPT.Domain.csproj".
   1:7>Target "GenerateTargetFrameworkMonikerAttribute" in file "/usr/lib/dotnet/sdk/8.0.119/Microsoft.Common.CurrentVersion.targets" from project "/home/runner/work/PFPT/PFPT/PhysicallyFitPT.Domain/PhysicallyFitPT.Domain.csproj" (target "BeforeCompile" depends on it):
       Skipping target "GenerateTargetFrameworkMonikerAttribute" because all output files are up-to-date with respect to the input files.
       Input files: /usr/lib/dotnet/sdk/8.0.119/Microsoft.Common.targets
       Output files: obj/Debug/net8.0/.NETCoreApp,Version=v8.0.AssemblyAttributes.cs
   1:7>Done building target "GenerateTargetFrameworkMonikerAttribute" in project "PhysicallyFitPT.Domain.csproj".
       Target "GenerateAdditionalSources" skipped, due to false condition; ('@(AssemblyAttributes)' != '' and '$(GenerateAdditionalSources)' == 'true') was evaluated as ('' != '' and '' == 'true').
       Target "PrepareForBuild" skipped. Previously built successfully.
   1:7>Target "GetAssemblyVersion" in file "/usr/lib/dotnet/sdk/8.0.119/Sdks/Microsoft.NET.Sdk/targets/Microsoft.NET.GenerateAssemblyInfo.targets" from project "/home/runner/work/PFPT/PFPT/PhysicallyFitPT.Domain/PhysicallyFitPT.Domain.csproj" (target "GetAssemblyAttributes" depends on it):
       Using "GetAssemblyVersion" task from assembly "/usr/lib/dotnet/sdk/8.0.119/Sdks/Microsoft.NET.Sdk/targets/../tools/net8.0/Microsoft.NET.Build.Tasks.dll".
       Task "GetAssemblyVersion"
       Done executing task "GetAssemblyVersion".
   1:7>Done building target "GetAssemblyVersion" in project "PhysicallyFitPT.Domain.csproj".
       Target "GetAssemblyVersion" skipped. Previously built successfully.
   1:7>Target "InitializeSourceControlInformationFromSourceControlManager" in file "/home/runner/.nuget/packages/microsoft.build.tasks.git/8.0.0/build/Microsoft.Build.Tasks.Git.targets" from project "/home/runner/work/PFPT/PFPT/PhysicallyFitPT.Domain/PhysicallyFitPT.Domain.csproj" (target "_InitializeSourceControlInformationFromSourceControlManager" depends on it):
       Using "Microsoft.Build.Tasks.Git.LocateRepository" task from assembly "/home/runner/.nuget/packages/microsoft.build.tasks.git/8.0.0/build/../tools/core/Microsoft.Build.Tasks.Git.dll".
       Task "Microsoft.Build.Tasks.Git.LocateRepository"
         SourceLink: Repository instance not found in cache: '*:/home/runner/work/PFPT/PFPT/.git'
       Done executing task "Microsoft.Build.Tasks.Git.LocateRepository".
   1:7>Done building target "InitializeSourceControlInformationFromSourceControlManager" in project "PhysicallyFitPT.Domain.csproj".
   1:7>Target "_SourceLinkHasSingleProvider" in file "/home/runner/.nuget/packages/microsoft.sourcelink.common/8.0.0/build/InitializeSourceControlInformation.targets" from project "/home/runner/work/PFPT/PFPT/PhysicallyFitPT.Domain/PhysicallyFitPT.Domain.csproj" (target "_InitializeSourceControlInformationFromSourceControlManager" depends on it):
       Assembly loaded during TaskRun: Microsoft.SourceLink.Common, Version=8.0.9.6502, Culture=neutral, PublicKeyToken=31bf3856ad364e35 (location: /home/runner/.nuget/packages/microsoft.sourcelink.common/8.0.0/tools/core/Microsoft.SourceLink.Common.dll, MVID: f43d43dc-adc5-47e0-a22f-19140776814d, AppDomain: [Default])
       Using "Microsoft.SourceLink.Common.SourceLinkHasSingleProvider" task from assembly "/home/runner/.nuget/packages/microsoft.sourcelink.common/8.0.0/build/../tools/core/Microsoft.SourceLink.Common.dll".
       Task "Microsoft.SourceLink.Common.SourceLinkHasSingleProvider"
       Done executing task "Microsoft.SourceLink.Common.SourceLinkHasSingleProvider".
   1:7>Done building target "_SourceLinkHasSingleProvider" in project "PhysicallyFitPT.Domain.csproj".
   1:7>Target "TranslateGitHubUrlsInSourceControlInformation" in file "/home/runner/.nuget/packages/microsoft.sourcelink.github/8.0.0/build/Microsoft.SourceLink.GitHub.targets" from project "/home/runner/work/PFPT/PFPT/PhysicallyFitPT.Domain/PhysicallyFitPT.Domain.csproj" (target "_InitializeSourceControlInformationFromSourceControlManager" depends on it):
       Assembly loaded during TaskRun: Microsoft.SourceLink.GitHub, Version=8.0.9.6502, Culture=neutral, PublicKeyToken=31bf3856ad364e35 (location: /home/runner/.nuget/packages/microsoft.sourcelink.github/8.0.0/tools/core/Microsoft.SourceLink.GitHub.dll, MVID: 074f001a-a064-4901-93a8-d52174c14130, AppDomain: [Default])
       Using "Microsoft.SourceLink.GitHub.TranslateRepositoryUrls" task from assembly "/home/runner/.nuget/packages/microsoft.sourcelink.github/8.0.0/build/../tools/core/Microsoft.SourceLink.GitHub.dll".
       Task "Microsoft.SourceLink.GitHub.TranslateRepositoryUrls"
       Done executing task "Microsoft.SourceLink.GitHub.TranslateRepositoryUrls".
   1:7>Done building target "TranslateGitHubUrlsInSourceControlInformation" in project "PhysicallyFitPT.Domain.csproj".
   1:7>Target "SourceControlManagerPublishTranslatedUrls" in file "/home/runner/.nuget/packages/microsoft.sourcelink.common/8.0.0/build/InitializeSourceControlInformation.targets" from project "/home/runner/work/PFPT/PFPT/PhysicallyFitPT.Domain/PhysicallyFitPT.Domain.csproj" (target "_InitializeSourceControlInformationFromSourceControlManager" depends on it):
   1:7>Done building target "SourceControlManagerPublishTranslatedUrls" in project "PhysicallyFitPT.Domain.csproj".
   1:7>Target "_InitializeSourceControlInformationFromSourceControlManager" in file "/home/runner/.nuget/packages/microsoft.sourcelink.common/8.0.0/build/InitializeSourceControlInformation.targets" from project "/home/runner/work/PFPT/PFPT/PhysicallyFitPT.Domain/PhysicallyFitPT.Domain.csproj" (target "InitializeSourceControlInformation" depends on it):
   1:7>Done building target "_InitializeSourceControlInformationFromSourceControlManager" in project "PhysicallyFitPT.Domain.csproj".
   1:7>Target "InitializeSourceControlInformation" in file "/usr/lib/dotnet/sdk/8.0.119/Microsoft.Common.CurrentVersion.targets" from project "/home/runner/work/PFPT/PFPT/PhysicallyFitPT.Domain/PhysicallyFitPT.Domain.csproj" (target "AddSourceRevisionToInformationalVersion" depends on it):
   1:7>Done building target "InitializeSourceControlInformation" in project "PhysicallyFitPT.Domain.csproj".
   1:7>Target "AddSourceRevisionToInformationalVersion" in file "/usr/lib/dotnet/sdk/8.0.119/Sdks/Microsoft.NET.Sdk/targets/Microsoft.NET.GenerateAssemblyInfo.targets" from project "/home/runner/work/PFPT/PFPT/PhysicallyFitPT.Domain/PhysicallyFitPT.Domain.csproj" (target "GetAssemblyAttributes" depends on it):
   1:7>Done building target "AddSourceRevisionToInformationalVersion" in project "PhysicallyFitPT.Domain.csproj".
       Target "_GetUserSecretsAssemblyAttribute" skipped, due to false condition; ( '$(UserSecretsId)' != '' AND '$(GenerateUserSecretsAttribute)' != 'false' AND '$(GeneratedUserSecretsAttributeFile)' == '' ) was evaluated as ( '' != '' AND '' != 'false' AND '' == '' ).
   1:7>Target "GetAssemblyAttributes" in file "/usr/lib/dotnet/sdk/8.0.119/Sdks/Microsoft.NET.Sdk/targets/Microsoft.NET.GenerateAssemblyInfo.targets" from project "/home/runner/work/PFPT/PFPT/PhysicallyFitPT.Domain/PhysicallyFitPT.Domain.csproj" (target "CreateGeneratedAssemblyInfoInputsCacheFile" depends on it):
   1:7>Done building target "GetAssemblyAttributes" in project "PhysicallyFitPT.Domain.csproj".
   1:7>Target "CreateGeneratedAssemblyInfoInputsCacheFile" in file "/usr/lib/dotnet/sdk/8.0.119/Sdks/Microsoft.NET.Sdk/targets/Microsoft.NET.GenerateAssemblyInfo.targets" from project "/home/runner/work/PFPT/PFPT/PhysicallyFitPT.Domain/PhysicallyFitPT.Domain.csproj" (target "CoreGenerateAssemblyInfo" depends on it):
       Using "Hash" task from assembly "Microsoft.Build.Tasks.Core, Version=15.1.0.0, Culture=neutral, PublicKeyToken=b03f5f7f11d50a3a".
       Task "Hash"
       Done executing task "Hash".
       Task "WriteLinesToFile"
         Skipping write to file "obj/Debug/net8.0/PhysicallyFitPT.Domain.AssemblyInfoInputs.cache" because content would not change.
       Done executing task "WriteLinesToFile".
   1:7>Done building target "CreateGeneratedAssemblyInfoInputsCacheFile" in project "PhysicallyFitPT.Domain.csproj".
   1:7>Target "CoreGenerateAssemblyInfo" in file "/usr/lib/dotnet/sdk/8.0.119/Sdks/Microsoft.NET.Sdk/targets/Microsoft.NET.GenerateAssemblyInfo.targets" from project "/home/runner/work/PFPT/PFPT/PhysicallyFitPT.Domain/PhysicallyFitPT.Domain.csproj" (target "GenerateAssemblyInfo" depends on it):
       Skipping target "CoreGenerateAssemblyInfo" because all output files are up-to-date with respect to the input files.
       Input files: obj/Debug/net8.0/PhysicallyFitPT.Domain.AssemblyInfoInputs.cache
       Output files: obj/Debug/net8.0/PhysicallyFitPT.Domain.AssemblyInfo.cs
   1:7>Done building target "CoreGenerateAssemblyInfo" in project "PhysicallyFitPT.Domain.csproj".
   1:7>Target "GenerateAssemblyInfo" in file "/usr/lib/dotnet/sdk/8.0.119/Sdks/Microsoft.NET.Sdk/targets/Microsoft.NET.GenerateAssemblyInfo.targets" from project "/home/runner/work/PFPT/PFPT/PhysicallyFitPT.Domain/PhysicallyFitPT.Domain.csproj" (target "BeforeCompile" depends on it):
   1:7>Done building target "GenerateAssemblyInfo" in project "PhysicallyFitPT.Domain.csproj".
   1:7>Target "BeforeCompile" in file "/usr/lib/dotnet/sdk/8.0.119/Microsoft.Common.CurrentVersion.targets" from project "/home/runner/work/PFPT/PFPT/PhysicallyFitPT.Domain/PhysicallyFitPT.Domain.csproj" (target "Compile" depends on it):
   1:7>Done building target "BeforeCompile" in project "PhysicallyFitPT.Domain.csproj".
       Target "_TimeStampBeforeCompile" skipped, due to false condition; ('$(RunPostBuildEvent)'=='OnOutputUpdated' or ('$(RegisterForComInterop)'=='true' and '$(OutputType)'=='library')) was evaluated as (''=='OnOutputUpdated' or (''=='true' and 'Library'=='library')).
       Target "ResolveAssemblyReferences" skipped. Previously built successfully.
   1:7>Target "_GenerateCompileDependencyCache" in file "/usr/lib/dotnet/sdk/8.0.119/Microsoft.Common.CurrentVersion.targets" from project "/home/runner/work/PFPT/PFPT/PhysicallyFitPT.Domain/PhysicallyFitPT.Domain.csproj" (target "Compile" depends on it):
       Task "Hash"
       Done executing task "Hash".
       Task "WriteLinesToFile"
         Skipping write to file "obj/Debug/net8.0/PhysicallyFitPT.Domain.csproj.CoreCompileInputs.cache" because content would not change.
       Done executing task "WriteLinesToFile".
   1:7>Done building target "_GenerateCompileDependencyCache" in project "PhysicallyFitPT.Domain.csproj".
       Target "_ComputeNonExistentFileProperty" skipped, due to false condition; (('$(BuildingInsideVisualStudio)' == 'true') and ('$(BuildingOutOfProcess)' != 'true') and (('$(BuildingProject)' == 'false') or ('$(UseHostCompilerIfAvailable)' == 'true'))) was evaluated as (('' == 'true') and ('' != 'true') and (('true' == 'false') or ('true' == 'true'))).
       Target "ResolveCodeAnalysisRuleSet" skipped, due to false condition; ('$(CodeAnalysisRuleSet)' != '') was evaluated as ('' != '').
       Target "ShimReferencePathsWhenCommonTargetsDoesNotUnderstandReferenceAssemblies" skipped, due to false condition; ('@(ReferencePathWithRefAssemblies)' == '') was evaluated as ('/usr/lib/dotnet/packs/Microsoft.NETCore.App.Ref/8.0.19/ref/net8.0/Microsoft.CSharp.dll;/usr/lib/dotnet/packs/Microsoft.NETCore.App.Ref/8.0.19/ref/net8.0/Microsoft.VisualBasic.Core.dll;/usr/lib/dotnet/packs/Microsoft.NETCore.App.Ref/8.0.19/ref/net8.0/Microsoft.VisualBasic.dll;...' == '').
   1:7>Target "_BeforeVBCSCoreCompile" in file "/usr/lib/dotnet/sdk/8.0.119/Roslyn/Microsoft.Managed.Core.targets" from project "/home/runner/work/PFPT/PFPT/PhysicallyFitPT.Domain/PhysicallyFitPT.Domain.csproj" (target "CoreCompile" depends on it):
   1:7>Done building target "_BeforeVBCSCoreCompile" in project "PhysicallyFitPT.Domain.csproj".
       Target "AdjustDefaultPlatformTargetForNetFrameworkExeWithNoNativeCopyLocalItems" skipped, due to false condition; ('$(_UsingDefaultPlatformTarget)' == 'true' and
                            '$(_UsingDefaultRuntimeIdentifier)' == 'true') was evaluated as ('true' == 'true' and
                            '' == 'true').
       Target "_DisableDiagnosticTracing" skipped, due to false condition; ('$(DisableDiagnosticTracing)' == 'true') was evaluated as ('' == 'true').
       Target "GenerateTargetPlatformDefineConstants" skipped, due to false condition; ( '$(DisableImplicitFrameworkDefines)' != 'true' and '$(TargetPlatformIdentifier)' != '' and '$(TargetFrameworkIdentifier)' == '.NETCoreApp' and $([MSBuild]::VersionGreaterThanOrEquals($(TargetFrameworkVersion), 5.0)) ) was evaluated as ( '' != 'true' and '' != '' and '.NETCoreApp' == '.NETCoreApp' and True ).
   1:7>Target "GenerateNETCompatibleDefineConstants" in file "/usr/lib/dotnet/sdk/8.0.119/Sdks/Microsoft.NET.Sdk/targets/Microsoft.NET.Sdk.BeforeCommon.targets" from project "/home/runner/work/PFPT/PFPT/PhysicallyFitPT.Domain/PhysicallyFitPT.Domain.csproj" (target "AddImplicitDefineConstants" depends on it):
   1:7>Done building target "GenerateNETCompatibleDefineConstants" in project "PhysicallyFitPT.Domain.csproj".
       Target "GeneratePlatformCompatibleDefineConstants" skipped, due to false condition; ( '$(DisableImplicitFrameworkDefines)' != 'true' and '$(TargetPlatformIdentifier)' != '' and '$(TargetFrameworkIdentifier)' == '.NETCoreApp' and $([MSBuild]::VersionGreaterThanOrEquals($(TargetFrameworkVersion), 5.0)) ) was evaluated as ( '' != 'true' and '' != '' and '.NETCoreApp' == '.NETCoreApp' and True ).
       Target "_DisableDiagnosticTracing" skipped, due to false condition; ('$(DisableDiagnosticTracing)' == 'true') was evaluated as ('' == 'true').
   1:7>Target "AddImplicitDefineConstants" in file "/usr/lib/dotnet/sdk/8.0.119/Sdks/Microsoft.NET.Sdk/targets/Microsoft.NET.Sdk.BeforeCommon.targets" from project "/home/runner/work/PFPT/PFPT/PhysicallyFitPT.Domain/PhysicallyFitPT.Domain.csproj" (target "CoreCompile" depends on it):
   1:7>Done building target "AddImplicitDefineConstants" in project "PhysicallyFitPT.Domain.csproj".
       Target "ShimReferencePathsWhenCommonTargetsDoesNotUnderstandReferenceAssemblies" skipped, due to false condition; ('@(ReferencePathWithRefAssemblies)' == '') was evaluated as ('/usr/lib/dotnet/packs/Microsoft.NETCore.App.Ref/8.0.19/ref/net8.0/Microsoft.CSharp.dll;/usr/lib/dotnet/packs/Microsoft.NETCore.App.Ref/8.0.19/ref/net8.0/Microsoft.VisualBasic.Core.dll;/usr/lib/dotnet/packs/Microsoft.NETCore.App.Ref/8.0.19/ref/net8.0/Microsoft.VisualBasic.dll;...' == '').
   1:7>Target "_ComputeSkipAnalyzers" in file "/usr/lib/dotnet/sdk/8.0.119/Roslyn/Microsoft.Managed.Core.targets" from project "/home/runner/work/PFPT/PFPT/PhysicallyFitPT.Domain/PhysicallyFitPT.Domain.csproj" (target "CoreCompile" depends on it):
       Task "ShowMessageForImplicitlySkipAnalyzers" skipped, due to false condition; ('$(_ImplicitlySkipAnalyzers)' == 'true') was evaluated as ('' == 'true').
   1:7>Done building target "_ComputeSkipAnalyzers" in project "PhysicallyFitPT.Domain.csproj".
       Target "_SetPathMapFromSourceRoots" skipped, due to false condition; ('$(DeterministicSourcePaths)' == 'true') was evaluated as ('' == 'true').
       Target "CreateCompilerGeneratedFilesOutputPath" skipped, due to false condition; ('$(EmitCompilerGeneratedFiles)' == 'true' and !('$(DesignTimeBuild)' == 'true' OR '$(BuildingProject)' != 'true')) was evaluated as ('false' == 'true' and !('' == 'true' OR 'true' != 'true')).
       Target "BeforeCompile" skipped. Previously built successfully.
       Target "InitializeSourceControlInformationFromSourceControlManager" skipped. Previously built successfully.
   1:7>Target "SetEmbeddedFilesFromSourceControlManagerUntrackedFiles" in file "/home/runner/.nuget/packages/microsoft.build.tasks.git/8.0.0/build/Microsoft.Build.Tasks.Git.targets" from project "/home/runner/work/PFPT/PFPT/PhysicallyFitPT.Domain/PhysicallyFitPT.Domain.csproj" (target "_SetEmbeddedFilesFromSourceControlManagerUntrackedFiles" depends on it):
       Using "Microsoft.Build.Tasks.Git.GetUntrackedFiles" task from assembly "/home/runner/.nuget/packages/microsoft.build.tasks.git/8.0.0/build/../tools/core/Microsoft.Build.Tasks.Git.dll".
       Task "Microsoft.Build.Tasks.Git.GetUntrackedFiles"
         SourceLink: Reusing cached git repository information.
       Done executing task "Microsoft.Build.Tasks.Git.GetUntrackedFiles".
   1:7>Done building target "SetEmbeddedFilesFromSourceControlManagerUntrackedFiles" in project "PhysicallyFitPT.Domain.csproj".
   1:7>Target "_SetEmbeddedFilesFromSourceControlManagerUntrackedFiles" in file "/home/runner/.nuget/packages/microsoft.sourcelink.common/8.0.0/build/Microsoft.SourceLink.Common.targets" from project "/home/runner/work/PFPT/PFPT/PhysicallyFitPT.Domain/PhysicallyFitPT.Domain.csproj" (target "CoreCompile" depends on it):
   1:7>Done building target "_SetEmbeddedFilesFromSourceControlManagerUntrackedFiles" in project "PhysicallyFitPT.Domain.csproj".
       Target "InitializeSourceControlInformation" skipped. Previously built successfully.
   1:7>Target "_SetSourceLinkFilePath" in file "/home/runner/.nuget/packages/microsoft.sourcelink.common/8.0.0/build/Microsoft.SourceLink.Common.targets" from project "/home/runner/work/PFPT/PFPT/PhysicallyFitPT.Domain/PhysicallyFitPT.Domain.csproj" (target "_GenerateSourceLinkFile" depends on it):
   1:7>Done building target "_SetSourceLinkFilePath" in project "PhysicallyFitPT.Domain.csproj".
       Target "InitializeSourceControlInformation" skipped. Previously built successfully.
   1:7>Target "_InitializeSourceRootMappedPathsFromSourceControl" in file "/usr/lib/dotnet/sdk/8.0.119/Roslyn/Microsoft.Managed.Core.targets" from project "/home/runner/work/PFPT/PFPT/PhysicallyFitPT.Domain/PhysicallyFitPT.Domain.csproj" (target "InitializeSourceRootMappedPaths" depends on it):
   1:7>Done building target "_InitializeSourceRootMappedPathsFromSourceControl" in project "PhysicallyFitPT.Domain.csproj".
   1:7>Target "InitializeSourceRootMappedPaths" in file "/usr/lib/dotnet/sdk/8.0.119/Roslyn/Microsoft.Managed.Core.targets" from project "/home/runner/work/PFPT/PFPT/PhysicallyFitPT.Domain/PhysicallyFitPT.Domain.csproj" (target "_InitializeSourceRootMappedPathsOpt" depends on it):
       Using "Microsoft.CodeAnalysis.BuildTasks.MapSourceRoots" task from assembly "/usr/lib/dotnet/sdk/8.0.119/Roslyn/Microsoft.Build.Tasks.CodeAnalysis.dll".
       Task "Microsoft.CodeAnalysis.BuildTasks.MapSourceRoots"
       Done executing task "Microsoft.CodeAnalysis.BuildTasks.MapSourceRoots".
   1:7>Done building target "InitializeSourceRootMappedPaths" in project "PhysicallyFitPT.Domain.csproj".
   1:7>Target "_InitializeSourceRootMappedPathsOpt" in file "/home/runner/.nuget/packages/microsoft.sourcelink.common/8.0.0/build/Microsoft.SourceLink.Common.targets" from project "/home/runner/work/PFPT/PFPT/PhysicallyFitPT.Domain/PhysicallyFitPT.Domain.csproj" (target "_GenerateSourceLinkFile" depends on it):
   1:7>Done building target "_InitializeSourceRootMappedPathsOpt" in project "PhysicallyFitPT.Domain.csproj".
   1:7>Target "_InitializeGitHubSourceLinkUrl" in file "/home/runner/.nuget/packages/microsoft.sourcelink.github/8.0.0/build/Microsoft.SourceLink.GitHub.targets" from project "/home/runner/work/PFPT/PFPT/PhysicallyFitPT.Domain/PhysicallyFitPT.Domain.csproj" (target "_GenerateSourceLinkFile" depends on it):
       Building target "_InitializeGitHubSourceLinkUrl" completely.
       No input files were specified.
       Using "Microsoft.SourceLink.GitHub.GetSourceLinkUrl" task from assembly "/home/runner/.nuget/packages/microsoft.sourcelink.github/8.0.0/build/../tools/core/Microsoft.SourceLink.GitHub.dll".
       Task "Microsoft.SourceLink.GitHub.GetSourceLinkUrl"
       Done executing task "Microsoft.SourceLink.GitHub.GetSourceLinkUrl".
   1:7>Done building target "_InitializeGitHubSourceLinkUrl" in project "PhysicallyFitPT.Domain.csproj".
   1:7>Target "_InitializeGitHubSourceLinkUrl" in file "/home/runner/.nuget/packages/microsoft.sourcelink.github/8.0.0/build/Microsoft.SourceLink.GitHub.targets" from project "/home/runner/work/PFPT/PFPT/PhysicallyFitPT.Domain/PhysicallyFitPT.Domain.csproj" (target "_GenerateSourceLinkFile" depends on it):
       Building target "_InitializeGitHubSourceLinkUrl" completely.
       No input files were specified.
       Task "Microsoft.SourceLink.GitHub.GetSourceLinkUrl"
       Done executing task "Microsoft.SourceLink.GitHub.GetSourceLinkUrl".
   1:7>Done building target "_InitializeGitHubSourceLinkUrl" in project "PhysicallyFitPT.Domain.csproj".
   1:7>Target "_GenerateSourceLinkFile" in file "/home/runner/.nuget/packages/microsoft.sourcelink.common/8.0.0/build/Microsoft.SourceLink.Common.targets" from project "/home/runner/work/PFPT/PFPT/PhysicallyFitPT.Domain/PhysicallyFitPT.Domain.csproj" (target "GenerateSourceLinkFile" depends on it):
       Building target "_GenerateSourceLinkFile" completely.
       No input files were specified.
       Using "Microsoft.SourceLink.Common.GenerateSourceLinkFile" task from assembly "/home/runner/.nuget/packages/microsoft.sourcelink.common/8.0.0/build/../tools/core/Microsoft.SourceLink.Common.dll".
       Task "Microsoft.SourceLink.Common.GenerateSourceLinkFile"
         Source Link file 'obj/Debug/net8.0/PhysicallyFitPT.Domain.sourcelink.json' is up-to-date.
       Done executing task "Microsoft.SourceLink.Common.GenerateSourceLinkFile".
   1:7>Done building target "_GenerateSourceLinkFile" in project "PhysicallyFitPT.Domain.csproj".
   1:7>Target "GenerateSourceLinkFile" in file "/home/runner/.nuget/packages/microsoft.sourcelink.common/8.0.0/build/Microsoft.SourceLink.Common.targets" from project "/home/runner/work/PFPT/PFPT/PhysicallyFitPT.Domain/PhysicallyFitPT.Domain.csproj" (target "CoreCompile" depends on it):
   1:7>Done building target "GenerateSourceLinkFile" in project "PhysicallyFitPT.Domain.csproj".
   1:7>Target "AddGlobalAnalyzerConfigForPackage_MicrosoftCodeAnalysisNetAnalyzers" in file "/usr/lib/dotnet/sdk/8.0.119/Sdks/Microsoft.NET.Sdk/analyzers/build/Microsoft.CodeAnalysis.NetAnalyzers.targets" from project "/home/runner/work/PFPT/PFPT/PhysicallyFitPT.Domain/PhysicallyFitPT.Domain.csproj" (target "CoreCompile" depends on it):
   1:7>Done building target "AddGlobalAnalyzerConfigForPackage_MicrosoftCodeAnalysisNetAnalyzers" in project "PhysicallyFitPT.Domain.csproj".
       Target "AddGlobalAnalyzerConfigForPackage_MicrosoftCodeAnalysisNetAnalyzersDesign" skipped, due to false condition; ('$(SkipGlobalAnalyzerConfigForPackage)' != 'true' and ('$(AnalysisLevelDesign)' != '' or '$(AnalysisModeDesign)' != '')) was evaluated as ('' != 'true' and ('' != '' or '' != '')).
       Target "AddGlobalAnalyzerConfigForPackage_MicrosoftCodeAnalysisNetAnalyzersDocumentation" skipped, due to false condition; ('$(SkipGlobalAnalyzerConfigForPackage)' != 'true' and ('$(AnalysisLevelDocumentation)' != '' or '$(AnalysisModeDocumentation)' != '')) was evaluated as ('' != 'true' and ('' != '' or '' != '')).
       Target "AddGlobalAnalyzerConfigForPackage_MicrosoftCodeAnalysisNetAnalyzersGlobalization" skipped, due to false condition; ('$(SkipGlobalAnalyzerConfigForPackage)' != 'true' and ('$(AnalysisLevelGlobalization)' != '' or '$(AnalysisModeGlobalization)' != '')) was evaluated as ('' != 'true' and ('' != '' or '' != '')).
       Target "AddGlobalAnalyzerConfigForPackage_MicrosoftCodeAnalysisNetAnalyzersInteroperability" skipped, due to false condition; ('$(SkipGlobalAnalyzerConfigForPackage)' != 'true' and ('$(AnalysisLevelInteroperability)' != '' or '$(AnalysisModeInteroperability)' != '')) was evaluated as ('' != 'true' and ('' != '' or '' != '')).
       Target "AddGlobalAnalyzerConfigForPackage_MicrosoftCodeAnalysisNetAnalyzersMaintainability" skipped, due to false condition; ('$(SkipGlobalAnalyzerConfigForPackage)' != 'true' and ('$(AnalysisLevelMaintainability)' != '' or '$(AnalysisModeMaintainability)' != '')) was evaluated as ('' != 'true' and ('' != '' or '' != '')).
       Target "AddGlobalAnalyzerConfigForPackage_MicrosoftCodeAnalysisNetAnalyzersNaming" skipped, due to false condition; ('$(SkipGlobalAnalyzerConfigForPackage)' != 'true' and ('$(AnalysisLevelNaming)' != '' or '$(AnalysisModeNaming)' != '')) was evaluated as ('' != 'true' and ('' != '' or '' != '')).
       Target "AddGlobalAnalyzerConfigForPackage_MicrosoftCodeAnalysisNetAnalyzersPerformance" skipped, due to false condition; ('$(SkipGlobalAnalyzerConfigForPackage)' != 'true' and ('$(AnalysisLevelPerformance)' != '' or '$(AnalysisModePerformance)' != '')) was evaluated as ('' != 'true' and ('' != '' or '' != '')).
       Target "AddGlobalAnalyzerConfigForPackage_MicrosoftCodeAnalysisNetAnalyzersReliability" skipped, due to false condition; ('$(SkipGlobalAnalyzerConfigForPackage)' != 'true' and ('$(AnalysisLevelReliability)' != '' or '$(AnalysisModeReliability)' != '')) was evaluated as ('' != 'true' and ('' != '' or '' != '')).
       Target "AddGlobalAnalyzerConfigForPackage_MicrosoftCodeAnalysisNetAnalyzersSecurity" skipped, due to false condition; ('$(SkipGlobalAnalyzerConfigForPackage)' != 'true' and ('$(AnalysisLevelSecurity)' != '' or '$(AnalysisModeSecurity)' != '')) was evaluated as ('' != 'true' and ('' != '' or '' != '')).
       Target "AddGlobalAnalyzerConfigForPackage_MicrosoftCodeAnalysisNetAnalyzersUsage" skipped, due to false condition; ('$(SkipGlobalAnalyzerConfigForPackage)' != 'true' and ('$(AnalysisLevelUsage)' != '' or '$(AnalysisModeUsage)' != '')) was evaluated as ('' != 'true' and ('' != '' or '' != '')).
       Target "_CodeAnalysisTreatWarningsAsErrors" skipped, due to false condition; ('$(DesignTimeBuild)' == 'true' OR '$(BuildingProject)' != 'true') was evaluated as ('' == 'true' OR 'true' != 'true').
   1:7>Target "_ReportUpgradeNetAnalyzersNuGetWarning" in file "/usr/lib/dotnet/sdk/8.0.119/Sdks/Microsoft.NET.Sdk/analyzers/build/Microsoft.CodeAnalysis.NetAnalyzers.targets" from project "/home/runner/work/PFPT/PFPT/PhysicallyFitPT.Domain/PhysicallyFitPT.Domain.csproj" (target "CoreCompile" depends on it):
       Task "Warning" skipped, due to false condition; ('$(_NETAnalyzersNuGetAssemblyVersion)' != '' AND
                                '$(_NETAnalyzersSDKAssemblyVersion)' != '' AND
                                 $(_NETAnalyzersNuGetAssemblyVersion) < $(_NETAnalyzersSDKAssemblyVersion)) was evaluated as ('' != '' AND
                                '8.0.0' != '' AND
                                  < 8.0.0).
   1:7>Done building target "_ReportUpgradeNetAnalyzersNuGetWarning" in project "PhysicallyFitPT.Domain.csproj".
   1:7>Target "CoreCompile" in file "/usr/lib/dotnet/sdk/8.0.119/Roslyn/Microsoft.CSharp.Core.targets" from project "/home/runner/work/PFPT/PFPT/PhysicallyFitPT.Domain/PhysicallyFitPT.Domain.csproj" (target "Compile" depends on it):
       Skipping target "CoreCompile" because all output files are up-to-date with respect to the input files.
       Input files: 
           Appointment.cs
           Codes.cs
           Common.cs
           Goal.cs
           Messaging.cs
           NoteAndSections.cs
           Patient.cs
           Questionnaires.cs
           obj/Debug/net8.0/PhysicallyFitPT.Domain.GlobalUsings.g.cs
           obj/Debug/net8.0/.NETCoreApp,Version=v8.0.AssemblyAttributes.cs
           obj/Debug/net8.0/PhysicallyFitPT.Domain.AssemblyInfo.cs
           /usr/lib/dotnet/packs/Microsoft.NETCore.App.Ref/8.0.19/ref/net8.0/Microsoft.CSharp.dll
           /usr/lib/dotnet/packs/Microsoft.NETCore.App.Ref/8.0.19/ref/net8.0/Microsoft.VisualBasic.Core.dll
           /usr/lib/dotnet/packs/Microsoft.NETCore.App.Ref/8.0.19/ref/net8.0/Microsoft.VisualBasic.dll
           /usr/lib/dotnet/packs/Microsoft.NETCore.App.Ref/8.0.19/ref/net8.0/Microsoft.Win32.Primitives.dll
           /usr/lib/dotnet/packs/Microsoft.NETCore.App.Ref/8.0.19/ref/net8.0/Microsoft.Win32.Registry.dll
           /usr/lib/dotnet/packs/Microsoft.NETCore.App.Ref/8.0.19/ref/net8.0/mscorlib.dll
           /usr/lib/dotnet/packs/Microsoft.NETCore.App.Ref/8.0.19/ref/net8.0/netstandard.dll
           /usr/lib/dotnet/packs/Microsoft.NETCore.App.Ref/8.0.19/ref/net8.0/System.AppContext.dll
           /usr/lib/dotnet/packs/Microsoft.NETCore.App.Ref/8.0.19/ref/net8.0/System.Buffers.dll
           /usr/lib/dotnet/packs/Microsoft.NETCore.App.Ref/8.0.19/ref/net8.0/System.Collections.Concurrent.dll
           /usr/lib/dotnet/packs/Microsoft.NETCore.App.Ref/8.0.19/ref/net8.0/System.Collections.dll
           /usr/lib/dotnet/packs/Microsoft.NETCore.App.Ref/8.0.19/ref/net8.0/System.Collections.Immutable.dll
           /usr/lib/dotnet/packs/Microsoft.NETCore.App.Ref/8.0.19/ref/net8.0/System.Collections.NonGeneric.dll
           /usr/lib/dotnet/packs/Microsoft.NETCore.App.Ref/8.0.19/ref/net8.0/System.Collections.Specialized.dll
           /usr/lib/dotnet/packs/Microsoft.NETCore.App.Ref/8.0.19/ref/net8.0/System.ComponentModel.Annotations.dll
           /usr/lib/dotnet/packs/Microsoft.NETCore.App.Ref/8.0.19/ref/net8.0/System.ComponentModel.DataAnnotations.dll
           /usr/lib/dotnet/packs/Microsoft.NETCore.App.Ref/8.0.19/ref/net8.0/System.ComponentModel.dll
           /usr/lib/dotnet/packs/Microsoft.NETCore.App.Ref/8.0.19/ref/net8.0/System.ComponentModel.EventBasedAsync.dll
           /usr/lib/dotnet/packs/Microsoft.NETCore.App.Ref/8.0.19/ref/net8.0/System.ComponentModel.Primitives.dll
           /usr/lib/dotnet/packs/Microsoft.NETCore.App.Ref/8.0.19/ref/net8.0/System.ComponentModel.TypeConverter.dll
           /usr/lib/dotnet/packs/Microsoft.NETCore.App.Ref/8.0.19/ref/net8.0/System.Configuration.dll
           /usr/lib/dotnet/packs/Microsoft.NETCore.App.Ref/8.0.19/ref/net8.0/System.Console.dll
           /usr/lib/dotnet/packs/Microsoft.NETCore.App.Ref/8.0.19/ref/net8.0/System.Core.dll
           /usr/lib/dotnet/packs/Microsoft.NETCore.App.Ref/8.0.19/ref/net8.0/System.Data.Common.dll
           /usr/lib/dotnet/packs/Microsoft.NETCore.App.Ref/8.0.19/ref/net8.0/System.Data.DataSetExtensions.dll
           /usr/lib/dotnet/packs/Microsoft.NETCore.App.Ref/8.0.19/ref/net8.0/System.Data.dll
           /usr/lib/dotnet/packs/Microsoft.NETCore.App.Ref/8.0.19/ref/net8.0/System.Diagnostics.Contracts.dll
           /usr/lib/dotnet/packs/Microsoft.NETCore.App.Ref/8.0.19/ref/net8.0/System.Diagnostics.Debug.dll
           /usr/lib/dotnet/packs/Microsoft.NETCore.App.Ref/8.0.19/ref/net8.0/System.Diagnostics.DiagnosticSource.dll
           /usr/lib/dotnet/packs/Microsoft.NETCore.App.Ref/8.0.19/ref/net8.0/System.Diagnostics.FileVersionInfo.dll
           /usr/lib/dotnet/packs/Microsoft.NETCore.App.Ref/8.0.19/ref/net8.0/System.Diagnostics.Process.dll
           /usr/lib/dotnet/packs/Microsoft.NETCore.App.Ref/8.0.19/ref/net8.0/System.Diagnostics.StackTrace.dll
           /usr/lib/dotnet/packs/Microsoft.NETCore.App.Ref/8.0.19/ref/net8.0/System.Diagnostics.TextWriterTraceListener.dll
           /usr/lib/dotnet/packs/Microsoft.NETCore.App.Ref/8.0.19/ref/net8.0/System.Diagnostics.Tools.dll
           /usr/lib/dotnet/packs/Microsoft.NETCore.App.Ref/8.0.19/ref/net8.0/System.Diagnostics.TraceSource.dll
           /usr/lib/dotnet/packs/Microsoft.NETCore.App.Ref/8.0.19/ref/net8.0/System.Diagnostics.Tracing.dll
           /usr/lib/dotnet/packs/Microsoft.NETCore.App.Ref/8.0.19/ref/net8.0/System.dll
           /usr/lib/dotnet/packs/Microsoft.NETCore.App.Ref/8.0.19/ref/net8.0/System.Drawing.dll
           /usr/lib/dotnet/packs/Microsoft.NETCore.App.Ref/8.0.19/ref/net8.0/System.Drawing.Primitives.dll
           /usr/lib/dotnet/packs/Microsoft.NETCore.App.Ref/8.0.19/ref/net8.0/System.Dynamic.Runtime.dll
           /usr/lib/dotnet/packs/Microsoft.NETCore.App.Ref/8.0.19/ref/net8.0/System.Formats.Asn1.dll
           /usr/lib/dotnet/packs/Microsoft.NETCore.App.Ref/8.0.19/ref/net8.0/System.Formats.Tar.dll
           /usr/lib/dotnet/packs/Microsoft.NETCore.App.Ref/8.0.19/ref/net8.0/System.Globalization.Calendars.dll
           /usr/lib/dotnet/packs/Microsoft.NETCore.App.Ref/8.0.19/ref/net8.0/System.Globalization.dll
           /usr/lib/dotnet/packs/Microsoft.NETCore.App.Ref/8.0.19/ref/net8.0/System.Globalization.Extensions.dll
           /usr/lib/dotnet/packs/Microsoft.NETCore.App.Ref/8.0.19/ref/net8.0/System.IO.Compression.Brotli.dll
           /usr/lib/dotnet/packs/Microsoft.NETCore.App.Ref/8.0.19/ref/net8.0/System.IO.Compression.dll
           /usr/lib/dotnet/packs/Microsoft.NETCore.App.Ref/8.0.19/ref/net8.0/System.IO.Compression.FileSystem.dll
           /usr/lib/dotnet/packs/Microsoft.NETCore.App.Ref/8.0.19/ref/net8.0/System.IO.Compression.ZipFile.dll
           /usr/lib/dotnet/packs/Microsoft.NETCore.App.Ref/8.0.19/ref/net8.0/System.IO.dll
           /usr/lib/dotnet/packs/Microsoft.NETCore.App.Ref/8.0.19/ref/net8.0/System.IO.FileSystem.AccessControl.dll
           /usr/lib/dotnet/packs/Microsoft.NETCore.App.Ref/8.0.19/ref/net8.0/System.IO.FileSystem.dll
           /usr/lib/dotnet/packs/Microsoft.NETCore.App.Ref/8.0.19/ref/net8.0/System.IO.FileSystem.DriveInfo.dll
           /usr/lib/dotnet/packs/Microsoft.NETCore.App.Ref/8.0.19/ref/net8.0/System.IO.FileSystem.Primitives.dll
           /usr/lib/dotnet/packs/Microsoft.NETCore.App.Ref/8.0.19/ref/net8.0/System.IO.FileSystem.Watcher.dll
           /usr/lib/dotnet/packs/Microsoft.NETCore.App.Ref/8.0.19/ref/net8.0/System.IO.IsolatedStorage.dll
           /usr/lib/dotnet/packs/Microsoft.NETCore.App.Ref/8.0.19/ref/net8.0/System.IO.MemoryMappedFiles.dll
           /usr/lib/dotnet/packs/Microsoft.NETCore.App.Ref/8.0.19/ref/net8.0/System.IO.Pipes.AccessControl.dll
           /usr/lib/dotnet/packs/Microsoft.NETCore.App.Ref/8.0.19/ref/net8.0/System.IO.Pipes.dll
           /usr/lib/dotnet/packs/Microsoft.NETCore.App.Ref/8.0.19/ref/net8.0/System.IO.UnmanagedMemoryStream.dll
           /usr/lib/dotnet/packs/Microsoft.NETCore.App.Ref/8.0.19/ref/net8.0/System.Linq.dll
           /usr/lib/dotnet/packs/Microsoft.NETCore.App.Ref/8.0.19/ref/net8.0/System.Linq.Expressions.dll
           /usr/lib/dotnet/packs/Microsoft.NETCore.App.Ref/8.0.19/ref/net8.0/System.Linq.Parallel.dll
           /usr/lib/dotnet/packs/Microsoft.NETCore.App.Ref/8.0.19/ref/net8.0/System.Linq.Queryable.dll
           /usr/lib/dotnet/packs/Microsoft.NETCore.App.Ref/8.0.19/ref/net8.0/System.Memory.dll
           /usr/lib/dotnet/packs/Microsoft.NETCore.App.Ref/8.0.19/ref/net8.0/System.Net.dll
           /usr/lib/dotnet/packs/Microsoft.NETCore.App.Ref/8.0.19/ref/net8.0/System.Net.Http.dll
           /usr/lib/dotnet/packs/Microsoft.NETCore.App.Ref/8.0.19/ref/net8.0/System.Net.Http.Json.dll
           /usr/lib/dotnet/packs/Microsoft.NETCore.App.Ref/8.0.19/ref/net8.0/System.Net.HttpListener.dll
           /usr/lib/dotnet/packs/Microsoft.NETCore.App.Ref/8.0.19/ref/net8.0/System.Net.Mail.dll
           /usr/lib/dotnet/packs/Microsoft.NETCore.App.Ref/8.0.19/ref/net8.0/System.Net.NameResolution.dll
           /usr/lib/dotnet/packs/Microsoft.NETCore.App.Ref/8.0.19/ref/net8.0/System.Net.NetworkInformation.dll
           /usr/lib/dotnet/packs/Microsoft.NETCore.App.Ref/8.0.19/ref/net8.0/System.Net.Ping.dll
           /usr/lib/dotnet/packs/Microsoft.NETCore.App.Ref/8.0.19/ref/net8.0/System.Net.Primitives.dll
           /usr/lib/dotnet/packs/Microsoft.NETCore.App.Ref/8.0.19/ref/net8.0/System.Net.Quic.dll
           /usr/lib/dotnet/packs/Microsoft.NETCore.App.Ref/8.0.19/ref/net8.0/System.Net.Requests.dll
           /usr/lib/dotnet/packs/Microsoft.NETCore.App.Ref/8.0.19/ref/net8.0/System.Net.Security.dll
           /usr/lib/dotnet/packs/Microsoft.NETCore.App.Ref/8.0.19/ref/net8.0/System.Net.ServicePoint.dll
           /usr/lib/dotnet/packs/Microsoft.NETCore.App.Ref/8.0.19/ref/net8.0/System.Net.Sockets.dll
           /usr/lib/dotnet/packs/Microsoft.NETCore.App.Ref/8.0.19/ref/net8.0/System.Net.WebClient.dll
           /usr/lib/dotnet/packs/Microsoft.NETCore.App.Ref/8.0.19/ref/net8.0/System.Net.WebHeaderCollection.dll
           /usr/lib/dotnet/packs/Microsoft.NETCore.App.Ref/8.0.19/ref/net8.0/System.Net.WebProxy.dll
           /usr/lib/dotnet/packs/Microsoft.NETCore.App.Ref/8.0.19/ref/net8.0/System.Net.WebSockets.Client.dll
           /usr/lib/dotnet/packs/Microsoft.NETCore.App.Ref/8.0.19/ref/net8.0/System.Net.WebSockets.dll
           /usr/lib/dotnet/packs/Microsoft.NETCore.App.Ref/8.0.19/ref/net8.0/System.Numerics.dll
           /usr/lib/dotnet/packs/Microsoft.NETCore.App.Ref/8.0.19/ref/net8.0/System.Numerics.Vectors.dll
           /usr/lib/dotnet/packs/Microsoft.NETCore.App.Ref/8.0.19/ref/net8.0/System.ObjectModel.dll
           /usr/lib/dotnet/packs/Microsoft.NETCore.App.Ref/8.0.19/ref/net8.0/System.Reflection.DispatchProxy.dll
           /usr/lib/dotnet/packs/Microsoft.NETCore.App.Ref/8.0.19/ref/net8.0/System.Reflection.dll
           /usr/lib/dotnet/packs/Microsoft.NETCore.App.Ref/8.0.19/ref/net8.0/System.Reflection.Emit.dll
           /usr/lib/dotnet/packs/Microsoft.NETCore.App.Ref/8.0.19/ref/net8.0/System.Reflection.Emit.ILGeneration.dll
           /usr/lib/dotnet/packs/Microsoft.NETCore.App.Ref/8.0.19/ref/net8.0/System.Reflection.Emit.Lightweight.dll
           /usr/lib/dotnet/packs/Microsoft.NETCore.App.Ref/8.0.19/ref/net8.0/System.Reflection.Extensions.dll
           /usr/lib/dotnet/packs/Microsoft.NETCore.App.Ref/8.0.19/ref/net8.0/System.Reflection.Metadata.dll
           /usr/lib/dotnet/packs/Microsoft.NETCore.App.Ref/8.0.19/ref/net8.0/System.Reflection.Primitives.dll
           /usr/lib/dotnet/packs/Microsoft.NETCore.App.Ref/8.0.19/ref/net8.0/System.Reflection.TypeExtensions.dll
           /usr/lib/dotnet/packs/Microsoft.NETCore.App.Ref/8.0.19/ref/net8.0/System.Resources.Reader.dll
           /usr/lib/dotnet/packs/Microsoft.NETCore.App.Ref/8.0.19/ref/net8.0/System.Resources.ResourceManager.dll
           /usr/lib/dotnet/packs/Microsoft.NETCore.App.Ref/8.0.19/ref/net8.0/System.Resources.Writer.dll
           /usr/lib/dotnet/packs/Microsoft.NETCore.App.Ref/8.0.19/ref/net8.0/System.Runtime.CompilerServices.Unsafe.dll
           /usr/lib/dotnet/packs/Microsoft.NETCore.App.Ref/8.0.19/ref/net8.0/System.Runtime.CompilerServices.VisualC.dll
           /usr/lib/dotnet/packs/Microsoft.NETCore.App.Ref/8.0.19/ref/net8.0/System.Runtime.dll
           /usr/lib/dotnet/packs/Microsoft.NETCore.App.Ref/8.0.19/ref/net8.0/System.Runtime.Extensions.dll
           /usr/lib/dotnet/packs/Microsoft.NETCore.App.Ref/8.0.19/ref/net8.0/System.Runtime.Handles.dll
           /usr/lib/dotnet/packs/Microsoft.NETCore.App.Ref/8.0.19/ref/net8.0/System.Runtime.InteropServices.dll
           /usr/lib/dotnet/packs/Microsoft.NETCore.App.Ref/8.0.19/ref/net8.0/System.Runtime.InteropServices.JavaScript.dll
           /usr/lib/dotnet/packs/Microsoft.NETCore.App.Ref/8.0.19/ref/net8.0/System.Runtime.InteropServices.RuntimeInformation.dll
           /usr/lib/dotnet/packs/Microsoft.NETCore.App.Ref/8.0.19/ref/net8.0/System.Runtime.Intrinsics.dll
           /usr/lib/dotnet/packs/Microsoft.NETCore.App.Ref/8.0.19/ref/net8.0/System.Runtime.Loader.dll
           /usr/lib/dotnet/packs/Microsoft.NETCore.App.Ref/8.0.19/ref/net8.0/System.Runtime.Numerics.dll
           /usr/lib/dotnet/packs/Microsoft.NETCore.App.Ref/8.0.19/ref/net8.0/System.Runtime.Serialization.dll
           /usr/lib/dotnet/packs/Microsoft.NETCore.App.Ref/8.0.19/ref/net8.0/System.Runtime.Serialization.Formatters.dll
           /usr/lib/dotnet/packs/Microsoft.NETCore.App.Ref/8.0.19/ref/net8.0/System.Runtime.Serialization.Json.dll
           /usr/lib/dotnet/packs/Microsoft.NETCore.App.Ref/8.0.19/ref/net8.0/System.Runtime.Serialization.Primitives.dll
           /usr/lib/dotnet/packs/Microsoft.NETCore.App.Ref/8.0.19/ref/net8.0/System.Runtime.Serialization.Xml.dll
           /usr/lib/dotnet/packs/Microsoft.NETCore.App.Ref/8.0.19/ref/net8.0/System.Security.AccessControl.dll
           /usr/lib/dotnet/packs/Microsoft.NETCore.App.Ref/8.0.19/ref/net8.0/System.Security.Claims.dll
           /usr/lib/dotnet/packs/Microsoft.NETCore.App.Ref/8.0.19/ref/net8.0/System.Security.Cryptography.Algorithms.dll
           /usr/lib/dotnet/packs/Microsoft.NETCore.App.Ref/8.0.19/ref/net8.0/System.Security.Cryptography.Cng.dll
           /usr/lib/dotnet/packs/Microsoft.NETCore.App.Ref/8.0.19/ref/net8.0/System.Security.Cryptography.Csp.dll
           /usr/lib/dotnet/packs/Microsoft.NETCore.App.Ref/8.0.19/ref/net8.0/System.Security.Cryptography.dll
           /usr/lib/dotnet/packs/Microsoft.NETCore.App.Ref/8.0.19/ref/net8.0/System.Security.Cryptography.Encoding.dll
           /usr/lib/dotnet/packs/Microsoft.NETCore.App.Ref/8.0.19/ref/net8.0/System.Security.Cryptography.OpenSsl.dll
           /usr/lib/dotnet/packs/Microsoft.NETCore.App.Ref/8.0.19/ref/net8.0/System.Security.Cryptography.Primitives.dll
           /usr/lib/dotnet/packs/Microsoft.NETCore.App.Ref/8.0.19/ref/net8.0/System.Security.Cryptography.X509Certificates.dll
           /usr/lib/dotnet/packs/Microsoft.NETCore.App.Ref/8.0.19/ref/net8.0/System.Security.dll
           /usr/lib/dotnet/packs/Microsoft.NETCore.App.Ref/8.0.19/ref/net8.0/System.Security.Principal.dll
           /usr/lib/dotnet/packs/Microsoft.NETCore.App.Ref/8.0.19/ref/net8.0/System.Security.Principal.Windows.dll
           /usr/lib/dotnet/packs/Microsoft.NETCore.App.Ref/8.0.19/ref/net8.0/System.Security.SecureString.dll
           /usr/lib/dotnet/packs/Microsoft.NETCore.App.Ref/8.0.19/ref/net8.0/System.ServiceModel.Web.dll
           /usr/lib/dotnet/packs/Microsoft.NETCore.App.Ref/8.0.19/ref/net8.0/System.ServiceProcess.dll
           /usr/lib/dotnet/packs/Microsoft.NETCore.App.Ref/8.0.19/ref/net8.0/System.Text.Encoding.CodePages.dll
           /usr/lib/dotnet/packs/Microsoft.NETCore.App.Ref/8.0.19/ref/net8.0/System.Text.Encoding.dll
           /usr/lib/dotnet/packs/Microsoft.NETCore.App.Ref/8.0.19/ref/net8.0/System.Text.Encoding.Extensions.dll
           /usr/lib/dotnet/packs/Microsoft.NETCore.App.Ref/8.0.19/ref/net8.0/System.Text.Encodings.Web.dll
           /usr/lib/dotnet/packs/Microsoft.NETCore.App.Ref/8.0.19/ref/net8.0/System.Text.Json.dll
           /usr/lib/dotnet/packs/Microsoft.NETCore.App.Ref/8.0.19/ref/net8.0/System.Text.RegularExpressions.dll
           /usr/lib/dotnet/packs/Microsoft.NETCore.App.Ref/8.0.19/ref/net8.0/System.Threading.Channels.dll
           /usr/lib/dotnet/packs/Microsoft.NETCore.App.Ref/8.0.19/ref/net8.0/System.Threading.dll
           /usr/lib/dotnet/packs/Microsoft.NETCore.App.Ref/8.0.19/ref/net8.0/System.Threading.Overlapped.dll
           /usr/lib/dotnet/packs/Microsoft.NETCore.App.Ref/8.0.19/ref/net8.0/System.Threading.Tasks.Dataflow.dll
           /usr/lib/dotnet/packs/Microsoft.NETCore.App.Ref/8.0.19/ref/net8.0/System.Threading.Tasks.dll
           /usr/lib/dotnet/packs/Microsoft.NETCore.App.Ref/8.0.19/ref/net8.0/System.Threading.Tasks.Extensions.dll
           /usr/lib/dotnet/packs/Microsoft.NETCore.App.Ref/8.0.19/ref/net8.0/System.Threading.Tasks.Parallel.dll
           /usr/lib/dotnet/packs/Microsoft.NETCore.App.Ref/8.0.19/ref/net8.0/System.Threading.Thread.dll
           /usr/lib/dotnet/packs/Microsoft.NETCore.App.Ref/8.0.19/ref/net8.0/System.Threading.ThreadPool.dll
           /usr/lib/dotnet/packs/Microsoft.NETCore.App.Ref/8.0.19/ref/net8.0/System.Threading.Timer.dll
           /usr/lib/dotnet/packs/Microsoft.NETCore.App.Ref/8.0.19/ref/net8.0/System.Transactions.dll
           /usr/lib/dotnet/packs/Microsoft.NETCore.App.Ref/8.0.19/ref/net8.0/System.Transactions.Local.dll
           /usr/lib/dotnet/packs/Microsoft.NETCore.App.Ref/8.0.19/ref/net8.0/System.ValueTuple.dll
           /usr/lib/dotnet/packs/Microsoft.NETCore.App.Ref/8.0.19/ref/net8.0/System.Web.dll
           /usr/lib/dotnet/packs/Microsoft.NETCore.App.Ref/8.0.19/ref/net8.0/System.Web.HttpUtility.dll
           /usr/lib/dotnet/packs/Microsoft.NETCore.App.Ref/8.0.19/ref/net8.0/System.Windows.dll
           /usr/lib/dotnet/packs/Microsoft.NETCore.App.Ref/8.0.19/ref/net8.0/System.Xml.dll
           /usr/lib/dotnet/packs/Microsoft.NETCore.App.Ref/8.0.19/ref/net8.0/System.Xml.Linq.dll
           /usr/lib/dotnet/packs/Microsoft.NETCore.App.Ref/8.0.19/ref/net8.0/System.Xml.ReaderWriter.dll
           /usr/lib/dotnet/packs/Microsoft.NETCore.App.Ref/8.0.19/ref/net8.0/System.Xml.Serialization.dll
           /usr/lib/dotnet/packs/Microsoft.NETCore.App.Ref/8.0.19/ref/net8.0/System.Xml.XDocument.dll
           /usr/lib/dotnet/packs/Microsoft.NETCore.App.Ref/8.0.19/ref/net8.0/System.Xml.XmlDocument.dll
           /usr/lib/dotnet/packs/Microsoft.NETCore.App.Ref/8.0.19/ref/net8.0/System.Xml.XmlSerializer.dll
           /usr/lib/dotnet/packs/Microsoft.NETCore.App.Ref/8.0.19/ref/net8.0/System.Xml.XPath.dll
           /usr/lib/dotnet/packs/Microsoft.NETCore.App.Ref/8.0.19/ref/net8.0/System.Xml.XPath.XDocument.dll
           /usr/lib/dotnet/packs/Microsoft.NETCore.App.Ref/8.0.19/ref/net8.0/WindowsBase.dll
           obj/Debug/net8.0/PhysicallyFitPT.Domain.csproj.CoreCompileInputs.cache
           obj/Debug/net8.0/PhysicallyFitPT.Domain.csproj.BuildWithSkipAnalyzers
           /usr/lib/dotnet/sdk/8.0.119/Sdks/Microsoft.NET.Sdk/targets/../analyzers/Microsoft.CodeAnalysis.CSharp.NetAnalyzers.dll
           /usr/lib/dotnet/sdk/8.0.119/Sdks/Microsoft.NET.Sdk/targets/../analyzers/Microsoft.CodeAnalysis.NetAnalyzers.dll
           /home/runner/.nuget/packages/roslynator.analyzers/4.12.4/analyzers/dotnet/roslyn4.7/cs/Roslynator.CSharp.Analyzers.CodeFixes.dll
           /home/runner/.nuget/packages/roslynator.analyzers/4.12.4/analyzers/dotnet/roslyn4.7/cs/Roslynator.CSharp.Analyzers.dll
           /home/runner/.nuget/packages/roslynator.analyzers/4.12.4/analyzers/dotnet/roslyn4.7/cs/Roslynator_Analyzers_Roslynator.CSharp.Workspaces.dll
           /home/runner/.nuget/packages/roslynator.analyzers/4.12.4/analyzers/dotnet/roslyn4.7/cs/Roslynator_Analyzers_Roslynator.CSharp.dll
           /home/runner/.nuget/packages/roslynator.analyzers/4.12.4/analyzers/dotnet/roslyn4.7/cs/Roslynator_Analyzers_Roslynator.Common.dll
           /home/runner/.nuget/packages/roslynator.analyzers/4.12.4/analyzers/dotnet/roslyn4.7/cs/Roslynator_Analyzers_Roslynator.Core.dll
           /home/runner/.nuget/packages/roslynator.analyzers/4.12.4/analyzers/dotnet/roslyn4.7/cs/Roslynator_Analyzers_Roslynator.Workspaces.Common.dll
           /home/runner/.nuget/packages/roslynator.analyzers/4.12.4/analyzers/dotnet/roslyn4.7/cs/Roslynator_Analyzers_Roslynator.Workspaces.Core.dll
           /home/runner/.nuget/packages/stylecop.analyzers.unstable/1.2.0.556/analyzers/dotnet/cs/StyleCop.Analyzers.CodeFixes.dll
           /home/runner/.nuget/packages/stylecop.analyzers.unstable/1.2.0.556/analyzers/dotnet/cs/StyleCop.Analyzers.dll
           /usr/lib/dotnet/packs/Microsoft.NETCore.App.Ref/8.0.19/analyzers/dotnet/cs/Microsoft.Interop.ComInterfaceGenerator.dll
           /usr/lib/dotnet/packs/Microsoft.NETCore.App.Ref/8.0.19/analyzers/dotnet/cs/Microsoft.Interop.JavaScript.JSImportGenerator.dll
           /usr/lib/dotnet/packs/Microsoft.NETCore.App.Ref/8.0.19/analyzers/dotnet/cs/Microsoft.Interop.LibraryImportGenerator.dll
           /usr/lib/dotnet/packs/Microsoft.NETCore.App.Ref/8.0.19/analyzers/dotnet/cs/Microsoft.Interop.SourceGeneration.dll
           /usr/lib/dotnet/packs/Microsoft.NETCore.App.Ref/8.0.19/analyzers/dotnet/cs/System.Text.Json.SourceGeneration.dll
           /usr/lib/dotnet/packs/Microsoft.NETCore.App.Ref/8.0.19/analyzers/dotnet/cs/System.Text.RegularExpressions.Generator.dll
           /home/runner/work/PFPT/PFPT/.editorconfig
           obj/Debug/net8.0/PhysicallyFitPT.Domain.GeneratedMSBuildEditorConfig.editorconfig
           /usr/lib/dotnet/sdk/8.0.119/Sdks/Microsoft.NET.Sdk/analyzers/build/config/analysislevel_8_default.globalconfig
           /home/runner/work/PFPT/PFPT/Directory.Build.props
           /usr/lib/dotnet/sdk/8.0.119/Current/Microsoft.Common.targets/ImportAfter/Microsoft.TestPlatform.ImportAfter.targets
       Output files: 
           obj/Debug/net8.0/PhysicallyFitPT.Domain.dll
           obj/Debug/net8.0/refint/PhysicallyFitPT.Domain.dll
           obj/Debug/net8.0/PhysicallyFitPT.Domain.pdb
   1:7>Done building target "CoreCompile" in project "PhysicallyFitPT.Domain.csproj".
       Target "_TouchLastBuildWithSkipAnalyzers" skipped, due to false condition; ('$(_SkipAnalyzers)' == 'true') was evaluated as ('' == 'true').
       Target "_TimeStampAfterCompile" skipped, due to false condition; ('$(RunPostBuildEvent)'=='OnOutputUpdated' or ('$(RegisterForComInterop)'=='true' and '$(OutputType)'=='library')) was evaluated as (''=='OnOutputUpdated' or (''=='true' and 'Library'=='library')).
   1:7>Target "AfterCompile" in file "/usr/lib/dotnet/sdk/8.0.119/Microsoft.Common.CurrentVersion.targets" from project "/home/runner/work/PFPT/PFPT/PhysicallyFitPT.Domain/PhysicallyFitPT.Domain.csproj" (target "Compile" depends on it):
   1:7>Done building target "AfterCompile" in project "PhysicallyFitPT.Domain.csproj".
       Target "_CreateAppHost" skipped, due to false condition; ('$(ComputeNETCoreBuildOutputFiles)' == 'true' and
                            '$(AppHostSourcePath)' != '' and
                            Exists('@(IntermediateAssembly)') and
                            Exists('$(AppHostSourcePath)')) was evaluated as ('true' == 'true' and
                            '' != '' and
                            Exists('obj/Debug/net8.0/PhysicallyFitPT.Domain.dll') and
                            Exists('')).
       Target "_CreateComHost" skipped, due to false condition; ('$(ComputeNETCoreBuildOutputFiles)' == 'true' and
                            '$(ComHostIntermediatePath)' != '' and
                            Exists('@(IntermediateAssembly)') and
                            Exists('$(ComHostSourcePath)')) was evaluated as ('true' == 'true' and
                            '' != '' and
                            Exists('obj/Debug/net8.0/PhysicallyFitPT.Domain.dll') and
                            Exists('')).
       Target "_GetIjwHostPaths" skipped, due to false condition; ('$(UseIJWHost)' == 'true') was evaluated as ('' == 'true').
   1:7>Target "Compile" in file "/usr/lib/dotnet/sdk/8.0.119/Microsoft.Common.CurrentVersion.targets" from project "/home/runner/work/PFPT/PFPT/PhysicallyFitPT.Domain/PhysicallyFitPT.Domain.csproj" (target "CoreBuild" depends on it):
   1:7>Done building target "Compile" in project "PhysicallyFitPT.Domain.csproj".
       Target "ExportWindowsMDFile" skipped, due to false condition; ('$(ExportWinMDFile)' == 'true') was evaluated as ('' == 'true').
       Target "UnmanagedUnregistration" skipped, due to false condition; ((('$(_AssemblyTimestampBeforeCompile)' != '$(_AssemblyTimestampAfterCompile)' or '$(RegisterForComInterop)' != 'true' or '$(OutputType)' != 'library') or
                           ('$(_AssemblyTimestampBeforeCompile)' == '')) and
                          Exists('@(_UnmanagedRegistrationCache)')) was evaluated as ((('' != '' or '' != 'true' or 'Library' != 'library') or
                           ('' == '')) and
                          Exists('obj/PhysicallyFitPT.Domain.csproj.UnmanagedRegistration.cache')).
       Target "GenerateSerializationAssemblies" skipped, due to false condition; ('$(_SGenGenerateSerializationAssembliesConfig)' == 'On' or ('@(WebReferenceUrl)'!='' and '$(_SGenGenerateSerializationAssembliesConfig)' == 'Auto')) was evaluated as ('Off' == 'On' or (''!='' and 'Off' == 'Auto')).
   1:7>Target "_GenerateSatelliteAssemblyInputs" in file "/usr/lib/dotnet/sdk/8.0.119/Microsoft.Common.CurrentVersion.targets" from project "/home/runner/work/PFPT/PFPT/PhysicallyFitPT.Domain/PhysicallyFitPT.Domain.csproj" (target "CreateSatelliteAssemblies" depends on it):
       Task "Warning" skipped, due to false condition; ('@(ManifestResourceWithCulture)'!='' and '%(ManifestResourceWithCulture.EmittedForCompatibilityOnly)'=='') was evaluated as (''!='' and ''=='').
       Task "Warning" skipped, due to false condition; ('@(ManifestNonResxWithCultureOnDisk)'!='' and '%(ManifestNonResxWithCultureOnDisk.EmittedForCompatibilityOnly)'=='') was evaluated as (''!='' and ''=='').
   1:7>Done building target "_GenerateSatelliteAssemblyInputs" in project "PhysicallyFitPT.Domain.csproj".
       Target "ComputeIntermediateSatelliteAssemblies" skipped, due to false condition; (@(EmbeddedResource->'%(WithCulture)') != '') was evaluated as ( != '').
       Target "GenerateSatelliteAssemblies" skipped, due to false condition; ('@(_SatelliteAssemblyResourceInputs)' != '' and '$(GenerateSatelliteAssembliesForCore)' != 'true') was evaluated as ('' != '' and 'true' != 'true').
       Target "CoreGenerateSatelliteAssemblies" skipped, due to false condition; ('@(_SatelliteAssemblyResourceInputs)' != ''  and '$(GenerateSatelliteAssembliesForCore)' == 'true' ) was evaluated as ('' != ''  and 'true' == 'true' ).
   1:7>Target "CreateSatelliteAssemblies" in file "/usr/lib/dotnet/sdk/8.0.119/Microsoft.Common.CurrentVersion.targets" from project "/home/runner/work/PFPT/PFPT/PhysicallyFitPT.Domain/PhysicallyFitPT.Domain.csproj" (target "CoreBuild" depends on it):
   1:7>Done building target "CreateSatelliteAssemblies" in project "PhysicallyFitPT.Domain.csproj".
       Target "GenerateManifests" skipped, due to false condition; ('$(GenerateClickOnceManifests)'=='true' or '@(NativeReference)'!='' or '@(ResolvedIsolatedComModules)'!='' or '$(GenerateAppxManifest)' == 'true') was evaluated as (''=='true' or ''!='' or ''!='' or '' == 'true').
   1:7>Target "GetTargetPathWithTargetPlatformMoniker" in file "/usr/lib/dotnet/sdk/8.0.119/Microsoft.Common.CurrentVersion.targets" from project "/home/runner/work/PFPT/PFPT/PhysicallyFitPT.Domain/PhysicallyFitPT.Domain.csproj" (target "GetTargetPath" depends on it):
   1:7>Done building target "GetTargetPathWithTargetPlatformMoniker" in project "PhysicallyFitPT.Domain.csproj".
   1:7>Target "GetTargetPath" in file "/usr/lib/dotnet/sdk/8.0.119/Microsoft.Common.CurrentVersion.targets" from project "/home/runner/work/PFPT/PFPT/PhysicallyFitPT.Domain/PhysicallyFitPT.Domain.csproj" (target "CoreBuild" depends on it):
   1:7>Done building target "GetTargetPath" in project "PhysicallyFitPT.Domain.csproj".
       Target "ComputeIntermediateSatelliteAssemblies" skipped, due to false condition; (@(EmbeddedResource->'%(WithCulture)') != '') was evaluated as ( != '').
       Target "_CopyFilesMarkedCopyLocal" skipped, due to false condition; ('@(ReferenceCopyLocalPaths)' != '') was evaluated as ('' != '').
       Target "AssignTargetPaths" skipped. Previously built successfully.
       Target "AssignProjectConfiguration" skipped, due to false condition; ('$(CurrentSolutionConfigurationContents)' != '' or '@(ProjectReference)'!='') was evaluated as ('' != '' or ''!='').
       Target "_SplitProjectReferencesByFileExistence" skipped. Previously built successfully.
       Target "_GetProjectReferenceTargetFrameworkProperties" skipped. Previously built successfully.
   1:7>Target "_PopulateCommonStateForGetCopyToOutputDirectoryItems" in file "/usr/lib/dotnet/sdk/8.0.119/Microsoft.Common.CurrentVersion.targets" from project "/home/runner/work/PFPT/PFPT/PhysicallyFitPT.Domain/PhysicallyFitPT.Domain.csproj" (target "GetCopyToOutputDirectoryItems" depends on it):
   1:7>Done building target "_PopulateCommonStateForGetCopyToOutputDirectoryItems" in project "PhysicallyFitPT.Domain.csproj".
       Target "AddDepsJsonAndRuntimeConfigToCopyItemsForReferencingProjects" skipped, due to false condition; ('$(HasRuntimeOutput)' == 'true') was evaluated as ('' == 'true').
   1:7>Target "GetCopyToOutputDirectoryItems" in file "/usr/lib/dotnet/sdk/8.0.119/Microsoft.Common.CurrentVersion.targets" from project "/home/runner/work/PFPT/PFPT/PhysicallyFitPT.Domain/PhysicallyFitPT.Domain.csproj" (target "_CopySourceItemsToOutputDirectory" depends on it):
       Using "CallTarget" task from assembly "Microsoft.Build.Tasks.Core, Version=15.1.0.0, Culture=neutral, PublicKeyToken=b03f5f7f11d50a3a".
       Task "CallTarget"
       Target "_PopulateCommonStateForGetCopyToOutputDirectoryItems" skipped. Previously built successfully.
       Target "_AddOutputPathToGlobalPropertiesToRemove" skipped. Previously built successfully.
   1:7>Target "_GetCopyToOutputDirectoryItemsFromTransitiveProjectReferences" in file "/usr/lib/dotnet/sdk/8.0.119/Microsoft.Common.CurrentVersion.targets" from project "/home/runner/work/PFPT/PFPT/PhysicallyFitPT.Domain/PhysicallyFitPT.Domain.csproj" (target "GetCopyToOutputDirectoryItems" depends on it):
       Task "MSBuild" skipped, due to false condition; ('@(_MSBuildProjectReferenceExistent)' != '' and '$(_GetChildProjectCopyToOutputDirectoryItems)' == 'true' and '%(_MSBuildProjectReferenceExistent.Private)' != 'false' and '$(UseCommonOutputDirectory)' != 'true') was evaluated as ('' != '' and 'true' == 'true' and '' != 'false' and 'false' != 'true').
       Task "AssignTargetPath"
       Done executing task "AssignTargetPath".
   1:7>Done building target "_GetCopyToOutputDirectoryItemsFromTransitiveProjectReferences" in project "PhysicallyFitPT.Domain.csproj".
       Done executing task "CallTarget".
       Task "CallTarget"
       Target "AssignTargetPaths" skipped. Previously built successfully.
       Target "_PopulateCommonStateForGetCopyToOutputDirectoryItems" skipped. Previously built successfully.
       Target "AddDepsJsonAndRuntimeConfigToCopyItemsForReferencingProjects" skipped, due to false condition; ('$(HasRuntimeOutput)' == 'true') was evaluated as ('' == 'true').
   1:7>Target "_GetCopyToOutputDirectoryItemsFromThisProject" in file "/usr/lib/dotnet/sdk/8.0.119/Microsoft.Common.CurrentVersion.targets" from project "/home/runner/work/PFPT/PFPT/PhysicallyFitPT.Domain/PhysicallyFitPT.Domain.csproj" (target "GetCopyToOutputDirectoryItems" depends on it):
       Task "AssignTargetPath"
       Done executing task "AssignTargetPath".
   1:7>Done building target "_GetCopyToOutputDirectoryItemsFromThisProject" in project "PhysicallyFitPT.Domain.csproj".
       Done executing task "CallTarget".
   1:7>Done building target "GetCopyToOutputDirectoryItems" in project "PhysicallyFitPT.Domain.csproj".
       Target "_CopyOutOfDateSourceItemsToOutputDirectory" skipped, due to false condition; ( '@(_SourceItemsToCopyToOutputDirectory)' != '' ) was evaluated as ( '' != '' ).
       Target "_CopyOutOfDateSourceItemsToOutputDirectoryAlways" skipped, due to false condition; ( '@(_SourceItemsToCopyToOutputDirectoryAlways)' != '' ) was evaluated as ( '' != '' ).
   1:7>Target "_CopySourceItemsToOutputDirectory" in file "/usr/lib/dotnet/sdk/8.0.119/Microsoft.Common.CurrentVersion.targets" from project "/home/runner/work/PFPT/PFPT/PhysicallyFitPT.Domain/PhysicallyFitPT.Domain.csproj" (target "CopyFilesToOutputDirectory" depends on it):
   1:7>Done building target "_CopySourceItemsToOutputDirectory" in project "PhysicallyFitPT.Domain.csproj".
       Target "_CopyAppConfigFile" skipped, due to false condition; ( '@(AppConfigWithTargetPath)' != '' ) was evaluated as ( '' != '' ).
       Target "_CopyManifestFiles" skipped, due to false condition; ( '$(_DeploymentCopyApplicationManifest)'=='true' or '$(GenerateClickOnceManifests)'=='true' ) was evaluated as ( ''=='true' or ''=='true' ).
   1:7>Target "_CheckForCompileOutputs" in file "/usr/lib/dotnet/sdk/8.0.119/Microsoft.Common.CurrentVersion.targets" from project "/home/runner/work/PFPT/PFPT/PhysicallyFitPT.Domain/PhysicallyFitPT.Domain.csproj" (target "CopyFilesToOutputDirectory" depends on it):
   1:7>Done building target "_CheckForCompileOutputs" in project "PhysicallyFitPT.Domain.csproj".
       Target "_SGenCheckForOutputs" skipped, due to false condition; ('$(_SGenGenerateSerializationAssembliesConfig)' == 'On' or ('@(WebReferenceUrl)'!='' and '$(_SGenGenerateSerializationAssembliesConfig)' == 'Auto')) was evaluated as ('Off' == 'On' or (''!='' and 'Off' == 'Auto')).
       Target "_DefaultMicrosoftNETPlatformLibrary" skipped. Previously built successfully.
       Target "_HandlePackageFileConflicts" skipped. Previously built successfully.
       Target "ResolveAssemblyReferences" skipped. Previously built successfully.
   1:7>Target "_ComputeReferenceAssemblies" in file "/usr/lib/dotnet/sdk/8.0.119/Sdks/Microsoft.NET.Sdk/targets/Microsoft.NET.Sdk.targets" from project "/home/runner/work/PFPT/PFPT/PhysicallyFitPT.Domain/PhysicallyFitPT.Domain.csproj" (target "GenerateBuildDependencyFile" depends on it):
   1:7>Done building target "_ComputeReferenceAssemblies" in project "PhysicallyFitPT.Domain.csproj".
   1:7>Target "_ComputeUserRuntimeAssemblies" in file "/usr/lib/dotnet/sdk/8.0.119/Sdks/Microsoft.NET.Sdk/targets/Microsoft.NET.Sdk.targets" from project "/home/runner/work/PFPT/PFPT/PhysicallyFitPT.Domain/PhysicallyFitPT.Domain.csproj" (target "GenerateBuildDependencyFile" depends on it):
   1:7>Done building target "_ComputeUserRuntimeAssemblies" in project "PhysicallyFitPT.Domain.csproj".
       Target "ResolveRuntimePackAssets" skipped, due to false condition; ('@(RuntimePack)' != '') was evaluated as ('' != '').
       Target "_ComputePackageReferencePublish" skipped. Previously built successfully.
       Target "ComputeDependencyFileCompilerOptions" skipped, due to false condition; ('$(PreserveCompilationContext)' == 'true') was evaluated as ('' == 'true').
   1:7>Target "GenerateBuildDependencyFile" in file "/usr/lib/dotnet/sdk/8.0.119/Sdks/Microsoft.NET.Sdk/targets/Microsoft.NET.Sdk.targets" from project "/home/runner/work/PFPT/PFPT/PhysicallyFitPT.Domain/PhysicallyFitPT.Domain.csproj" (target "CopyFilesToOutputDirectory" depends on it):
       Skipping target "GenerateBuildDependencyFile" because all output files are up-to-date with respect to the input files.
       Input files: 
           /home/runner/work/PFPT/PFPT/PhysicallyFitPT.Domain/obj/project.assets.json
           /home/runner/work/PFPT/PFPT/PhysicallyFitPT.Domain/obj/Debug/net8.0/PhysicallyFitPT.Domain.assets.cache
           /home/runner/work/PFPT/PFPT/Directory.Build.props
           /usr/lib/dotnet/sdk/8.0.119/Current/Microsoft.Common.targets/ImportAfter/Microsoft.TestPlatform.ImportAfter.targets
       Output files: /home/runner/work/PFPT/PFPT/PhysicallyFitPT.Domain/bin/Debug/net8.0/PhysicallyFitPT.Domain.deps.json
   1:7>Done building target "GenerateBuildDependencyFile" in project "PhysicallyFitPT.Domain.csproj".
       Target "GenerateBuildRuntimeConfigurationFiles" skipped, due to false condition; ( '$(GenerateRuntimeConfigurationFiles)' == 'true') was evaluated as ( '' == 'true').
       Target "GenerateShimsAssets" skipped, due to false condition; ('$(PackAsTool)' == 'true' and $(PackAsToolShimRuntimeIdentifiers) != '' ) was evaluated as ('' == 'true' and  != '' ).
   1:7>Target "CopyFilesToOutputDirectory" in file "/usr/lib/dotnet/sdk/8.0.119/Microsoft.Common.CurrentVersion.targets" from project "/home/runner/work/PFPT/PFPT/PhysicallyFitPT.Domain/PhysicallyFitPT.Domain.csproj" (target "PrepareForRun" depends on it):
       Using "Copy" task from assembly "Microsoft.Build.Tasks.Core, Version=15.1.0.0, Culture=neutral, PublicKeyToken=b03f5f7f11d50a3a".
       Task "Copy"
         Did not copy from file "obj/Debug/net8.0/PhysicallyFitPT.Domain.dll" to file "bin/Debug/net8.0/PhysicallyFitPT.Domain.dll" because the "SkipUnchangedFiles" parameter was set to "true" in the project and the files' sizes and timestamps match.
       Done executing task "Copy".
       Using "CopyRefAssembly" task from assembly "/usr/lib/dotnet/sdk/8.0.119/Roslyn/Microsoft.Build.Tasks.CodeAnalysis.dll".
       Task "CopyRefAssembly"
         Reference assembly "/home/runner/work/PFPT/PFPT/PhysicallyFitPT.Domain/obj/Debug/net8.0/ref/PhysicallyFitPT.Domain.dll" already has latest information. Leaving it untouched.
       Done executing task "CopyRefAssembly".
       Task "Message"
         PhysicallyFitPT.Domain -> /home/runner/work/PFPT/PFPT/PhysicallyFitPT.Domain/bin/Debug/net8.0/PhysicallyFitPT.Domain.dll
       Done executing task "Message".
       Task "Copy" skipped, due to false condition; ('@(AddModules)' != '') was evaluated as ('' != '').
       Task "Copy" skipped, due to false condition; ('$(_SGenDllCreated)'=='true') was evaluated as ('false'=='true').
       Task "Copy"
         Did not copy from file "obj/Debug/net8.0/PhysicallyFitPT.Domain.pdb" to file "bin/Debug/net8.0/PhysicallyFitPT.Domain.pdb" because the "SkipUnchangedFiles" parameter was set to "true" in the project and the files' sizes and timestamps match.
       Done executing task "Copy".
       Task "Copy" skipped, due to false condition; ('$(_DocumentationFileProduced)'=='true' and '$(CopyDocumentationFileToOutputDirectory)'=='true') was evaluated as ('false'=='true' and 'true'=='true').
       Task "Copy" skipped, due to false condition; ('@(IntermediateSatelliteAssembliesWithTargetPath)' != '') was evaluated as ('' != '').
       Task "Copy" skipped, due to false condition; ('@(ReferenceComWrappersToCopyLocal)' != '' or '@(ResolvedIsolatedComModules)' != '' or '@(_DeploymentLooseManifestFile)' != '' or '@(NativeReferenceFile)' != '' ) was evaluated as ('' != '' or '' != '' or '' != '' or '' != '' ).
       Task "Copy" skipped, due to false condition; ('$(SkipCopyWinMDArtifact)' != 'true' and '@(WinMDExpArtifacts)' != '') was evaluated as ('' != 'true' and '' != '').
       Task "Message" skipped, due to false condition; ('$(SkipCopyWinMDArtifact)' != 'true' and '$(_WindowsMetadataOutputPath)' != '') was evaluated as ('' != 'true' and '' != '').
   1:7>Done building target "CopyFilesToOutputDirectory" in project "PhysicallyFitPT.Domain.csproj".
       Target "_CopyReferenceOnlyAssembliesForBuild" skipped, due to false condition; ('$(PreserveCompilationReferences)' == 'true') was evaluated as ('' == 'true').
   1:7>Target "PrepareForRun" in file "/usr/lib/dotnet/sdk/8.0.119/Microsoft.Common.CurrentVersion.targets" from project "/home/runner/work/PFPT/PFPT/PhysicallyFitPT.Domain/PhysicallyFitPT.Domain.csproj" (target "CoreBuild" depends on it):
   1:7>Done building target "PrepareForRun" in project "PhysicallyFitPT.Domain.csproj".
       Target "UnmanagedRegistration" skipped, due to false condition; ('$(RegisterForComInterop)'=='true' and '$(OutputType)'=='library') was evaluated as (''=='true' and 'Library'=='library').
       Target "_CheckForCompileOutputs" skipped. Previously built successfully.
       Target "_SGenCheckForOutputs" skipped, due to false condition; ('$(_SGenGenerateSerializationAssembliesConfig)' == 'On' or ('@(WebReferenceUrl)'!='' and '$(_SGenGenerateSerializationAssembliesConfig)' == 'Auto')) was evaluated as ('Off' == 'On' or (''!='' and 'Off' == 'Auto')).
   1:7>Target "_CleanGetCurrentAndPriorFileWrites" in file "/usr/lib/dotnet/sdk/8.0.119/Microsoft.Common.CurrentVersion.targets" from project "/home/runner/work/PFPT/PFPT/PhysicallyFitPT.Domain/PhysicallyFitPT.Domain.csproj" (target "IncrementalClean" depends on it):
       Using "ReadLinesFromFile" task from assembly "Microsoft.Build.Tasks.Core, Version=15.1.0.0, Culture=neutral, PublicKeyToken=b03f5f7f11d50a3a".
       Task "ReadLinesFromFile"
       Done executing task "ReadLinesFromFile".
       Task "ConvertToAbsolutePath"
       Done executing task "ConvertToAbsolutePath".
       Using "FindUnderPath" task from assembly "Microsoft.Build.Tasks.Core, Version=15.1.0.0, Culture=neutral, PublicKeyToken=b03f5f7f11d50a3a".
       Task "FindUnderPath"
         Comparison path is "/home/runner/work/PFPT/PFPT/PhysicallyFitPT.Domain".
       Done executing task "FindUnderPath".
       Task "FindUnderPath"
         Comparison path is "bin/Debug/net8.0/".
       Done executing task "FindUnderPath".
       Task "FindUnderPath"
         Comparison path is "obj/Debug/net8.0/".
       Done executing task "FindUnderPath".
       Task "RemoveDuplicates"
       Done executing task "RemoveDuplicates".
   1:7>Done building target "_CleanGetCurrentAndPriorFileWrites" in project "PhysicallyFitPT.Domain.csproj".
   1:7>Target "IncrementalClean" in file "/usr/lib/dotnet/sdk/8.0.119/Microsoft.Common.CurrentVersion.targets" from project "/home/runner/work/PFPT/PFPT/PhysicallyFitPT.Domain/PhysicallyFitPT.Domain.csproj" (target "CoreBuild" depends on it):
       Task "FindUnderPath"
         Comparison path is "bin/Debug/net8.0/".
       Done executing task "FindUnderPath".
       Task "FindUnderPath"
         Comparison path is "obj/Debug/net8.0/".
       Done executing task "FindUnderPath".
       Using "Delete" task from assembly "Microsoft.Build.Tasks.Core, Version=15.1.0.0, Culture=neutral, PublicKeyToken=b03f5f7f11d50a3a".
       Task "Delete"
       Done executing task "Delete".
       Task "RemoveDuplicates"
       Done executing task "RemoveDuplicates".
       Task "WriteLinesToFile" skipped, due to false condition; ('@(_CleanUnfilteredPriorFileWrites)'!='@(_CleanUniqueRemainingFileWritesAfterIncrementalClean)') was evaluated as ('/home/runner/work/PFPT/PFPT/PhysicallyFitPT.Domain/bin/Debug/net8.0/PhysicallyFitPT.Domain.deps.json;/home/runner/work/PFPT/PFPT/PhysicallyFitPT.Domain/bin/Debug/net8.0/PhysicallyFitPT.Domain.dll;/home/runner/work/PFPT/PFPT/PhysicallyFitPT.Domain/bin/Debug/net8.0/PhysicallyFitPT.Domain.pdb;...'!='/home/runner/work/PFPT/PFPT/PhysicallyFitPT.Domain/bin/Debug/net8.0/PhysicallyFitPT.Domain.deps.json;/home/runner/work/PFPT/PFPT/PhysicallyFitPT.Domain/bin/Debug/net8.0/PhysicallyFitPT.Domain.dll;/home/runner/work/PFPT/PFPT/PhysicallyFitPT.Domain/bin/Debug/net8.0/PhysicallyFitPT.Domain.pdb;...').
   1:7>Done building target "IncrementalClean" in project "PhysicallyFitPT.Domain.csproj".
       Target "PostBuildEvent" skipped, due to false condition; ('$(PostBuildEvent)' != '' and ('$(RunPostBuildEvent)' != 'OnOutputUpdated' or '$(_AssemblyTimestampBeforeCompile)' != '$(_AssemblyTimestampAfterCompile)')) was evaluated as ('' != '' and ('' != 'OnOutputUpdated' or '' != '')).
       Target "GenerateBuildDependencyFile" skipped. Previously built successfully.
       Target "GenerateBuildRuntimeConfigurationFiles" skipped, due to false condition; ( '$(GenerateRuntimeConfigurationFiles)' == 'true') was evaluated as ( '' == 'true').
   1:7>Target "CoreBuild" in file "/usr/lib/dotnet/sdk/8.0.119/Microsoft.Common.CurrentVersion.targets" from project "/home/runner/work/PFPT/PFPT/PhysicallyFitPT.Domain/PhysicallyFitPT.Domain.csproj" (target "Build" depends on it):
   1:7>Done building target "CoreBuild" in project "PhysicallyFitPT.Domain.csproj".
   1:7>Target "AfterBuild" in file "/usr/lib/dotnet/sdk/8.0.119/Microsoft.Common.CurrentVersion.targets" from project "/home/runner/work/PFPT/PFPT/PhysicallyFitPT.Domain/PhysicallyFitPT.Domain.csproj" (target "Build" depends on it):
   1:7>Done building target "AfterBuild" in project "PhysicallyFitPT.Domain.csproj".
       Target "_CheckBrowserWorkloadNeededButNotAvailable" skipped, due to false condition; ('$(RuntimeIdentifier)' == 'browser-wasm' and '$(_BrowserWorkloadDisabled)' != 'true' and '$(WasmNativeWorkloadAvailable)' != 'true') was evaluated as ('' == 'browser-wasm' and '' != 'true' and '' != 'true').
       Target "_ErrorWorkloadDisabledForTFMLessThan6" skipped, due to false condition; ('$(_BrowserWorkloadNotSupportedForTFM)' == 'true') was evaluated as ('' == 'true').
       Target "_ErrorDualWasmThreadPropsOn7" skipped, due to false condition; ('$(TargetsNet7)' == 'true' and '$(RuntimeIdentifier)' == 'browser-wasm' and
           '$(BrowserWorkloadDisabled)' != 'true' and '$(WasmEnableThreads)' == 'true' and '$(WasmEnablePerfTrace)' == 'true') was evaluated as ('' == 'true' and '' == 'browser-wasm' and
           '' != 'true' and '' == 'true' and '' == 'true').
       Target "_CheckForInvalidConfigurationAndPlatform" skipped. Previously built successfully.
       Target "_CheckForInvalidConfigurationAndPlatform" skipped. Previously built successfully.
   1:7>Target "Build" in file "/usr/lib/dotnet/sdk/8.0.119/Microsoft.Common.CurrentVersion.targets" from project "/home/runner/work/PFPT/PFPT/PhysicallyFitPT.Domain/PhysicallyFitPT.Domain.csproj" (entry point):
   1:7>Done building target "Build" in project "PhysicallyFitPT.Domain.csproj".
       Target "_PackAsBuildAfterTarget" skipped, due to false condition; ('$(GeneratePackageOnBuild)' == 'true' AND '$(IsInnerBuild)' != 'true') was evaluated as ('false' == 'true' AND '' != 'true').
   1:7>Done Building Project "/home/runner/work/PFPT/PFPT/PhysicallyFitPT.Domain/PhysicallyFitPT.Domain.csproj" (default targets).

Build succeeded.
    0 Warning(s)
    0 Error(s)

Time Elapsed 00:00:01.03
